Archive member included to satisfy reference by file (symbol)

/home/islam/ti/ccs1011/ccs/tools/compiler/gcc-arm-none-eabi-9-2019-q4-major/bin/../lib/gcc/arm-none-eabi/9.2.1/../../../../arm-none-eabi/lib/thumb/v7e-m+fp/hard/libg.a(lib_a-atoi.o)
                              ./third_party/lwip/src/core/netif.o (atoi)
/home/islam/ti/ccs1011/ccs/tools/compiler/gcc-arm-none-eabi-9-2019-q4-major/bin/../lib/gcc/arm-none-eabi/9.2.1/../../../../arm-none-eabi/lib/thumb/v7e-m+fp/hard/libg.a(lib_a-ctype_.o)
                              ./third_party/lwip/src/core/ipv4/ip4_addr.o (_ctype_)
/home/islam/ti/ccs1011/ccs/tools/compiler/gcc-arm-none-eabi-9-2019-q4-major/bin/../lib/gcc/arm-none-eabi/9.2.1/../../../../arm-none-eabi/lib/thumb/v7e-m+fp/hard/libg.a(lib_a-exit.o)
                              /home/islam/ti/ccs1011/ccs/tools/compiler/gcc-arm-none-eabi-9-2019-q4-major/bin/../lib/gcc/arm-none-eabi/9.2.1/../../../../arm-none-eabi/lib/thumb/v7e-m+fp/hard/crt0.o (exit)
/home/islam/ti/ccs1011/ccs/tools/compiler/gcc-arm-none-eabi-9-2019-q4-major/bin/../lib/gcc/arm-none-eabi/9.2.1/../../../../arm-none-eabi/lib/thumb/v7e-m+fp/hard/libg.a(lib_a-impure.o)
                              /home/islam/ti/ccs1011/ccs/tools/compiler/gcc-arm-none-eabi-9-2019-q4-major/bin/../lib/gcc/arm-none-eabi/9.2.1/../../../../arm-none-eabi/lib/thumb/v7e-m+fp/hard/libg.a(lib_a-exit.o) (_global_impure_ptr)
/home/islam/ti/ccs1011/ccs/tools/compiler/gcc-arm-none-eabi-9-2019-q4-major/bin/../lib/gcc/arm-none-eabi/9.2.1/../../../../arm-none-eabi/lib/thumb/v7e-m+fp/hard/libg.a(lib_a-init.o)
                              /home/islam/ti/ccs1011/ccs/tools/compiler/gcc-arm-none-eabi-9-2019-q4-major/bin/../lib/gcc/arm-none-eabi/9.2.1/../../../../arm-none-eabi/lib/thumb/v7e-m+fp/hard/crt0.o (__libc_init_array)
/home/islam/ti/ccs1011/ccs/tools/compiler/gcc-arm-none-eabi-9-2019-q4-major/bin/../lib/gcc/arm-none-eabi/9.2.1/../../../../arm-none-eabi/lib/thumb/v7e-m+fp/hard/libg.a(lib_a-memcmp.o)
                              ./third_party/lwip/src/core/ipv4/acd.o (memcmp)
/home/islam/ti/ccs1011/ccs/tools/compiler/gcc-arm-none-eabi-9-2019-q4-major/bin/../lib/gcc/arm-none-eabi/9.2.1/../../../../arm-none-eabi/lib/thumb/v7e-m+fp/hard/libg.a(lib_a-memcpy.o)
                              ./third_party/FreeRTOSv202012.00/FreeRTOS/Source/queue.o (memcpy)
/home/islam/ti/ccs1011/ccs/tools/compiler/gcc-arm-none-eabi-9-2019-q4-major/bin/../lib/gcc/arm-none-eabi/9.2.1/../../../../arm-none-eabi/lib/thumb/v7e-m+fp/hard/libg.a(lib_a-memmove.o)
                              ./third_party/lwip/src/core/def.o (memmove)
/home/islam/ti/ccs1011/ccs/tools/compiler/gcc-arm-none-eabi-9-2019-q4-major/bin/../lib/gcc/arm-none-eabi/9.2.1/../../../../arm-none-eabi/lib/thumb/v7e-m+fp/hard/libg.a(lib_a-memset.o)
                              /home/islam/ti/ccs1011/ccs/tools/compiler/gcc-arm-none-eabi-9-2019-q4-major/bin/../lib/gcc/arm-none-eabi/9.2.1/../../../../arm-none-eabi/lib/thumb/v7e-m+fp/hard/crt0.o (memset)
/home/islam/ti/ccs1011/ccs/tools/compiler/gcc-arm-none-eabi-9-2019-q4-major/bin/../lib/gcc/arm-none-eabi/9.2.1/../../../../arm-none-eabi/lib/thumb/v7e-m+fp/hard/libg.a(lib_a-strlen.o)
                              ./third_party/lwip/src/core/def.o (strlen)
/home/islam/ti/ccs1011/ccs/tools/compiler/gcc-arm-none-eabi-9-2019-q4-major/bin/../lib/gcc/arm-none-eabi/9.2.1/../../../../arm-none-eabi/lib/thumb/v7e-m+fp/hard/libg.a(lib_a-strncmp.o)
                              ./third_party/lwip/src/core/def.o (strncmp)
/home/islam/ti/ccs1011/ccs/tools/compiler/gcc-arm-none-eabi-9-2019-q4-major/bin/../lib/gcc/arm-none-eabi/9.2.1/../../../../arm-none-eabi/lib/thumb/v7e-m+fp/hard/libg.a(lib_a-strtol.o)
                              /home/islam/ti/ccs1011/ccs/tools/compiler/gcc-arm-none-eabi-9-2019-q4-major/bin/../lib/gcc/arm-none-eabi/9.2.1/../../../../arm-none-eabi/lib/thumb/v7e-m+fp/hard/libg.a(lib_a-atoi.o) (_strtol_r)
/home/islam/ti/ccs1011/ccs/tools/compiler/gcc-arm-none-eabi-9-2019-q4-major/bin/../lib/gcc/arm-none-eabi/9.2.1/../../../../arm-none-eabi/lib/thumb/v7e-m+fp/hard/libg.a(lib_a-__call_atexit.o)
                              /home/islam/ti/ccs1011/ccs/tools/compiler/gcc-arm-none-eabi-9-2019-q4-major/bin/../lib/gcc/arm-none-eabi/9.2.1/../../../../arm-none-eabi/lib/thumb/v7e-m+fp/hard/libg.a(lib_a-exit.o) (__call_exitprocs)
/home/islam/ti/ccs1011/ccs/tools/compiler/gcc-arm-none-eabi-9-2019-q4-major/bin/../lib/gcc/arm-none-eabi/9.2.1/../../../../arm-none-eabi/lib/thumb/v7e-m+fp/hard/libg.a(lib_a-atexit.o)
                              /home/islam/ti/ccs1011/ccs/tools/compiler/gcc-arm-none-eabi-9-2019-q4-major/bin/../lib/gcc/arm-none-eabi/9.2.1/../../../../arm-none-eabi/lib/thumb/v7e-m+fp/hard/libg.a(lib_a-__call_atexit.o) (atexit)
/home/islam/ti/ccs1011/ccs/tools/compiler/gcc-arm-none-eabi-9-2019-q4-major/bin/../lib/gcc/arm-none-eabi/9.2.1/../../../../arm-none-eabi/lib/thumb/v7e-m+fp/hard/libg.a(lib_a-fini.o)
[...]
Memory Configuration

Name             Origin             Length             Attributes
FLASH            0x0000000000000000 0x0000000000100000 xr
SRAM             0x0000000020000000 0x0000000000040000 xw
*default*        0x0000000000000000 0xffffffffffffffff

Linker script and memory map

LOAD /home/islam/ti/ccs1011/ccs/tools/compiler/gcc-arm-none-eabi-9-2019-q4-major/bin/../lib/gcc/arm-none-eabi/9.2.1/thumb/v7e-m+fp/hard/crti.o
LOAD /home/islam/ti/ccs1011/ccs/tools/compiler/gcc-arm-none-eabi-9-2019-q4-major/bin/../lib/gcc/arm-none-eabi/9.2.1/thumb/v7e-m+fp/hard/crtbegin.o
LOAD /home/islam/ti/ccs1011/ccs/tools/compiler/gcc-arm-none-eabi-9-2019-q4-major/bin/../lib/gcc/arm-none-eabi/9.2.1/../../../../arm-none-eabi/lib/thumb/v7e-m+fp/hard/crt0.o
LOAD ./driverlib/adc.o
LOAD ./driverlib/aes.o
LOAD ./driverlib/can.o
LOAD ./driverlib/comp.o
LOAD ./driverlib/cpu.o
LOAD ./driverlib/crc.o
LOAD ./driverlib/des.o
LOAD ./driverlib/eeprom.o
LOAD ./driverlib/emac.o
LOAD ./driverlib/epi.o
LOAD ./driverlib/flash.o
LOAD ./driverlib/fpu.o
LOAD ./driverlib/gpio.o
LOAD ./driverlib/hibernate.o
LOAD ./driverlib/i2c.o
LOAD ./driverlib/interrupt.o
LOAD ./driverlib/lcd.o
LOAD ./driverlib/mpu.o
LOAD ./driverlib/onewire.o
LOAD ./driverlib/pwm.o
LOAD ./driverlib/qei.o
LOAD ./driverlib/shamd5.o
LOAD ./driverlib/ssi.o
LOAD ./driverlib/sw_crc.o
LOAD ./driverlib/sysctl.o
LOAD ./driverlib/sysexc.o
LOAD ./driverlib/systick.o
LOAD ./driverlib/timer.o
LOAD ./driverlib/uart.o
LOAD ./driverlib/udma.o
LOAD ./driverlib/usb.o
LOAD ./driverlib/watchdog.o
LOAD ./ports/tiva-tm4c129/netif/tiva-tm4c129.o
LOAD ./ports/tiva-tm4c129/perf.o
LOAD ./ports/tiva-tm4c129/sys_arch.o
LOAD ./src/bsp.o
LOAD ./src/main.o
LOAD ./src/tm4c1294ncpdt_startup_ccs_gcc.o
LOAD ./third_party/FreeRTOSv202012.00/FreeRTOS/Source/croutine.o
LOAD ./third_party/FreeRTOSv202012.00/FreeRTOS/Source/event_groups.o
LOAD ./third_party/FreeRTOSv202012.00/FreeRTOS/Source/list.o
LOAD ./third_party/FreeRTOSv202012.00/FreeRTOS/Source/queue.o
LOAD ./third_party/FreeRTOSv202012.00/FreeRTOS/Source/stream_buffer.o
LOAD ./third_party/FreeRTOSv202012.00/FreeRTOS/Source/tasks.o
LOAD ./third_party/FreeRTOSv202012.00/FreeRTOS/Source/timers.o
LOAD ./third_party/FreeRTOSv202012.00/FreeRTOS/Source/portable/GCC/ARM_CM4F/port.o
LOAD ./third_party/lwip/src/api/api_lib.o
LOAD ./third_party/lwip/src/api/api_msg.o
LOAD ./third_party/lwip/src/api/err.o
LOAD ./third_party/lwip/src/api/if_api.o
LOAD ./third_party/lwip/src/api/netbuf.o
LOAD ./third_party/lwip/src/api/netdb.o
LOAD ./third_party/lwip/src/api/netifapi.o
LOAD ./third_party/lwip/src/api/sockets.o
LOAD ./third_party/lwip/src/api/tcpip.o
LOAD ./third_party/lwip/src/apps/altcp_tls/altcp_tls_mbedtls.o
LOAD ./third_party/lwip/src/apps/altcp_tls/altcp_tls_mbedtls_mem.o
LOAD ./third_party/lwip/src/core/altcp.o
LOAD ./third_party/lwip/src/core/altcp_alloc.o
LOAD ./third_party/lwip/src/core/altcp_tcp.o
LOAD ./third_party/lwip/src/core/def.o
LOAD ./third_party/lwip/src/core/dns.o
LOAD ./third_party/lwip/src/core/inet_chksum.o
LOAD ./third_party/lwip/src/core/init.o
LOAD ./third_party/lwip/src/core/ip.o
LOAD ./third_party/lwip/src/core/mem.o
LOAD ./third_party/lwip/src/core/memp.o
LOAD ./third_party/lwip/src/core/netif.o
LOAD ./third_party/lwip/src/core/pbuf.o
LOAD ./third_party/lwip/src/core/raw.o
LOAD ./third_party/lwip/src/core/stats.o
LOAD ./third_party/lwip/src/core/sys.o
LOAD ./third_party/lwip/src/core/tcp.o
LOAD ./third_party/lwip/src/core/tcp_in.o
LOAD ./third_party/lwip/src/core/tcp_out.o
LOAD ./third_party/lwip/src/core/timeouts.o
LOAD ./third_party/lwip/src/core/udp.o
LOAD ./third_party/lwip/src/core/ipv4/acd.o
LOAD ./third_party/lwip/src/core/ipv4/autoip.o
LOAD ./third_party/lwip/src/core/ipv4/dhcp.o
LOAD ./third_party/lwip/src/core/ipv4/etharp.o
LOAD ./third_party/lwip/src/core/ipv4/icmp.o
LOAD ./third_party/lwip/src/core/ipv4/igmp.o
LOAD ./third_party/lwip/src/core/ipv4/ip4.o
LOAD ./third_party/lwip/src/core/ipv4/ip4_addr.o
LOAD ./third_party/lwip/src/core/ipv4/ip4_frag.o
LOAD ./third_party/lwip/src/core/ipv6/dhcp6.o
LOAD ./third_party/lwip/src/core/ipv6/ethip6.o
LOAD ./third_party/lwip/src/core/ipv6/icmp6.o
LOAD ./third_party/lwip/src/core/ipv6/inet6.o
LOAD ./third_party/lwip/src/core/ipv6/ip6.o
LOAD ./third_party/lwip/src/core/ipv6/ip6_addr.o
LOAD ./third_party/lwip/src/core/ipv6/ip6_frag.o
LOAD ./third_party/lwip/src/core/ipv6/mld6.o
LOAD ./third_party/lwip/src/core/ipv6/nd6.o
LOAD ./third_party/lwip/src/netif/bridgeif.o
LOAD ./third_party/lwip/src/netif/bridgeif_fdb.o
LOAD ./third_party/lwip/src/netif/ethernet.o
LOAD ./third_party/lwip/src/netif/lowpan6.o
LOAD ./third_party/lwip/src/netif/lowpan6_ble.o
LOAD ./third_party/lwip/src/netif/lowpan6_common.o
LOAD ./third_party/lwip/src/netif/zepif.o
LOAD ./third_party/lwip/src/netif/ppp/auth.o
LOAD ./third_party/lwip/src/netif/ppp/ccp.o
LOAD ./third_party/lwip/src/netif/ppp/chap-md5.o
LOAD ./third_party/lwip/src/netif/ppp/chap-new.o
LOAD ./third_party/lwip/src/netif/ppp/chap_ms.o
LOAD ./third_party/lwip/src/netif/ppp/demand.o
LOAD ./third_party/lwip/src/netif/ppp/eap.o
LOAD ./third_party/lwip/src/netif/ppp/ecp.o
LOAD ./third_party/lwip/src/netif/ppp/eui64.o
LOAD ./third_party/lwip/src/netif/ppp/fsm.o
LOAD ./third_party/lwip/src/netif/ppp/ipcp.o
LOAD ./third_party/lwip/src/netif/ppp/ipv6cp.o
LOAD ./third_party/lwip/src/netif/ppp/lcp.o
LOAD ./third_party/lwip/src/netif/ppp/magic.o
LOAD ./third_party/lwip/src/netif/ppp/mppe.o
LOAD ./third_party/lwip/src/netif/ppp/multilink.o
LOAD ./third_party/lwip/src/netif/ppp/ppp.o
LOAD ./third_party/lwip/src/netif/ppp/pppapi.o
LOAD ./third_party/lwip/src/netif/ppp/pppcrypt.o
LOAD ./third_party/lwip/src/netif/ppp/pppoe.o
LOAD ./third_party/lwip/src/netif/ppp/pppol2tp.o
LOAD ./third_party/lwip/src/netif/ppp/pppos.o
LOAD ./third_party/lwip/src/netif/ppp/upap.o
LOAD ./third_party/lwip/src/netif/ppp/utils.o
LOAD ./third_party/lwip/src/netif/ppp/vj.o
LOAD ./third_party/lwip/src/netif/ppp/polarssl/arc4.o
LOAD ./third_party/lwip/src/netif/ppp/polarssl/des.o
LOAD ./third_party/lwip/src/netif/ppp/polarssl/md4.o
LOAD ./third_party/lwip/src/netif/ppp/polarssl/md5.o
LOAD ./third_party/lwip/src/netif/ppp/polarssl/sha1.o
                0x0000000000000000                PROVIDE (_intvecs_base_address = 0x0)

.intvecs        0x0000000000000000      0x208
 *(.intvecs)
 .intvecs       0x0000000000000000      0x208 ./src/tm4c1294ncpdt_startup_ccs_gcc.o
                0x0000000000000000                g_pfnVectors
                0x0000000020000000                PROVIDE (_vtable_base_address = 0x20000000)

.vtable
 *(.vtable)

.text           0x0000000000000240    0x12950
 CREATE_OBJECT_SYMBOLS
 *(.text)
 .text          0x0000000000000240        0x0 /home/islam/ti/ccs1011/ccs/tools/compiler/gcc-arm-none-eabi-9-2019-q4-major/bin/../lib/gcc/arm-none-eabi/9.2.1/thumb/v7e-m+fp/hard/crti.o
 .text          0x0000000000000240       0x40 /home/islam/ti/ccs1011/ccs/tools/compiler/gcc-arm-none-eabi-9-2019-q4-major/bin/../lib/gcc/arm-none-eabi/9.2.1/thumb/v7e-m+fp/hard/crtbegin.o
 .text          0x0000000000000280       0x74 /home/islam/ti/ccs1011/ccs/tools/compiler/gcc-arm-none-eabi-9-2019-q4-major/bin/../lib/gcc/arm-none-eabi/9.2.1/../../../../arm-none-eabi/lib/thumb/v7e-m+fp/hard/crt0.o
                0x0000000000000280                _mainCRTStartup
                0x0000000000000280                _start
 .text          0x00000000000002f4        0x0 ./driverlib/adc.o
 .text          0x00000000000002f4        0x0 ./driverlib/aes.o
 .text          0x00000000000002f4        0x0 ./driverlib/can.o
 .text          0x00000000000002f4        0x0 ./driverlib/comp.o
 .text          0x00000000000002f4        0x0 ./driverlib/cpu.o
 .text          0x00000000000002f4        0x0 ./driverlib/crc.o
 .text          0x00000000000002f4        0x0 ./driverlib/des.o
 .text          0x00000000000002f4        0x0 ./driverlib/eeprom.o
 .text          0x00000000000002f4        0x0 ./driverlib/emac.o
 .text          0x00000000000002f4        0x0 ./driverlib/epi.o
 .text          0x00000000000002f4        0x0 ./driverlib/flash.o
 .text          0x00000000000002f4        0x0 ./driverlib/fpu.o
 .text          0x00000000000002f4        0x0 ./driverlib/gpio.o
 .text          0x00000000000002f4        0x0 ./driverlib/hibernate.o
 .text          0x00000000000002f4        0x0 ./driverlib/i2c.o
 .text          0x00000000000002f4        0x0 ./driverlib/interrupt.o
 .text          0x00000000000002f4        0x0 ./driverlib/lcd.o
 .text          0x00000000000002f4        0x0 ./driverlib/mpu.o
 .text          0x00000000000002f4        0x0 ./driverlib/onewire.o
 .text          0x00000000000002f4        0x0 ./driverlib/pwm.o
 .text          0x00000000000002f4        0x0 ./driverlib/qei.o
 .text          0x00000000000002f4        0x0 ./driverlib/shamd5.o
 .text          0x00000000000002f4        0x0 ./driverlib/ssi.o
 .text          0x00000000000002f4        0x0 ./driverlib/sw_crc.o
 .text          0x00000000000002f4        0x0 ./driverlib/sysctl.o
 .text          0x00000000000002f4        0x0 ./driverlib/sysexc.o
 .text          0x00000000000002f4        0x0 ./driverlib/systick.o
 .text          0x00000000000002f4        0x0 ./driverlib/timer.o
 .text          0x00000000000002f4        0x0 ./driverlib/uart.o
 .text          0x00000000000002f4        0x0 ./driverlib/udma.o
 .text          0x00000000000002f4        0x0 ./driverlib/usb.o
 .text          0x00000000000002f4        0x0 ./driverlib/watchdog.o
 .text          0x00000000000002f4        0x0 ./ports/tiva-tm4c129/netif/tiva-tm4c129.o
 .text          0x00000000000002f4        0x0 ./ports/tiva-tm4c129/perf.o
 .text          0x00000000000002f4        0x0 ./ports/tiva-tm4c129/sys_arch.o
 .text          0x00000000000002f4        0x0 ./src/bsp.o
 .text          0x00000000000002f4        0x0 ./src/main.o
 .text          0x00000000000002f4        0x0 ./src/tm4c1294ncpdt_startup_ccs_gcc.o
 .text          0x00000000000002f4        0x0 ./third_party/FreeRTOSv202012.00/FreeRTOS/Source/croutine.o
 .text          0x00000000000002f4        0x0 ./third_party/FreeRTOSv202012.00/FreeRTOS/Source/event_groups.o
 .text          0x00000000000002f4        0x0 ./third_party/FreeRTOSv202012.00/FreeRTOS/Source/list.o
 .text          0x00000000000002f4        0x0 ./third_party/FreeRTOSv202012.00/FreeRTOS/Source/queue.o
 .text          0x00000000000002f4        0x0 ./third_party/FreeRTOSv202012.00/FreeRTOS/Source/stream_buffer.o
 .text          0x00000000000002f4        0x0 ./third_party/FreeRTOSv202012.00/FreeRTOS/Source/tasks.o
 .text          0x00000000000002f4        0x0 ./third_party/FreeRTOSv202012.00/FreeRTOS/Source/timers.o
 .text          0x00000000000002f4        0x0 ./third_party/FreeRTOSv202012.00/FreeRTOS/Source/portable/GCC/ARM_CM4F/port.o
 .text          0x00000000000002f4        0x0 ./third_party/lwip/src/api/api_lib.o
 .text          0x00000000000002f4        0x0 ./third_party/lwip/src/api/api_msg.o
 .text          0x00000000000002f4        0x0 ./third_party/lwip/src/api/err.o
 .text          0x00000000000002f4        0x0 ./third_party/lwip/src/api/if_api.o
 .text          0x00000000000002f4        0x0 ./third_party/lwip/src/api/netbuf.o
 .text          0x00000000000002f4        0x0 ./third_party/lwip/src/api/netdb.o
 .text          0x00000000000002f4        0x0 ./third_party/lwip/src/api/netifapi.o
 .text          0x00000000000002f4        0x0 ./third_party/lwip/src/api/sockets.o
 .text          0x00000000000002f4        0x0 ./third_party/lwip/src/api/tcpip.o
 .text          0x00000000000002f4        0x0 ./third_party/lwip/src/apps/altcp_tls/altcp_tls_mbedtls.o
 .text          0x00000000000002f4        0x0 ./third_party/lwip/src/apps/altcp_tls/altcp_tls_mbedtls_mem.o
 .text          0x00000000000002f4        0x0 ./third_party/lwip/src/core/altcp.o
 .text          0x00000000000002f4        0x0 ./third_party/lwip/src/core/altcp_alloc.o
 .text          0x00000000000002f4        0x0 ./third_party/lwip/src/core/altcp_tcp.o
 .text          0x00000000000002f4        0x0 ./third_party/lwip/src/core/def.o
 .text          0x00000000000002f4        0x0 ./third_party/lwip/src/core/dns.o
 .text          0x00000000000002f4        0x0 ./third_party/lwip/src/core/inet_chksum.o
 .text          0x00000000000002f4        0x0 ./third_party/lwip/src/core/init.o
 .text          0x00000000000002f4        0x0 ./third_party/lwip/src/core/ip.o
 .text          0x00000000000002f4        0x0 ./third_party/lwip/src/core/mem.o
 .text          0x00000000000002f4        0x0 ./third_party/lwip/src/core/memp.o
 .text          0x00000000000002f4        0x0 ./third_party/lwip/src/core/netif.o
 .text          0x00000000000002f4        0x0 ./third_party/lwip/src/core/pbuf.o
 .text          0x00000000000002f4        0x0 ./third_party/lwip/src/core/raw.o
 .text          0x00000000000002f4        0x0 ./third_party/lwip/src/core/stats.o
 .text          0x00000000000002f4        0x0 ./third_party/lwip/src/core/sys.o
 .text          0x00000000000002f4        0x0 ./third_party/lwip/src/core/tcp.o
 .text          0x00000000000002f4        0x0 ./third_party/lwip/src/core/tcp_in.o
 .text          0x00000000000002f4        0x0 ./third_party/lwip/src/core/tcp_out.o
 .text          0x00000000000002f4        0x0 ./third_party/lwip/src/core/timeouts.o
 .text          0x00000000000002f4        0x0 ./third_party/lwip/src/core/udp.o
 .text          0x00000000000002f4        0x0 ./third_party/lwip/src/core/ipv4/acd.o
 .text          0x00000000000002f4        0x0 ./third_party/lwip/src/core/ipv4/autoip.o
 .text          0x00000000000002f4        0x0 ./third_party/lwip/src/core/ipv4/dhcp.o
 .text          0x00000000000002f4        0x0 ./third_party/lwip/src/core/ipv4/etharp.o
 .text          0x00000000000002f4        0x0 ./third_party/lwip/src/core/ipv4/icmp.o
 .text          0x00000000000002f4        0x0 ./third_party/lwip/src/core/ipv4/igmp.o
 .text          0x00000000000002f4        0x0 ./third_party/lwip/src/core/ipv4/ip4.o
 .text          0x00000000000002f4        0x0 ./third_party/lwip/src/core/ipv4/ip4_addr.o
 .text          0x00000000000002f4        0x0 ./third_party/lwip/src/core/ipv4/ip4_frag.o
 .text          0x00000000000002f4        0x0 ./third_party/lwip/src/core/ipv6/dhcp6.o
 .text          0x00000000000002f4        0x0 ./third_party/lwip/src/core/ipv6/ethip6.o
 .text          0x00000000000002f4        0x0 ./third_party/lwip/src/core/ipv6/icmp6.o
 .text          0x00000000000002f4        0x0 ./third_party/lwip/src/core/ipv6/inet6.o
 .text          0x00000000000002f4        0x0 ./third_party/lwip/src/core/ipv6/ip6.o
 .text          0x00000000000002f4        0x0 ./third_party/lwip/src/core/ipv6/ip6_addr.o
 .text          0x00000000000002f4        0x0 ./third_party/lwip/src/core/ipv6/ip6_frag.o
 .text          0x00000000000002f4        0x0 ./third_party/lwip/src/core/ipv6/mld6.o
 .text          0x00000000000002f4        0x0 ./third_party/lwip/src/core/ipv6/nd6.o
 .text          0x00000000000002f4        0x0 ./third_party/lwip/src/netif/bridgeif.o
 .text          0x00000000000002f4        0x0 ./third_party/lwip/src/netif/bridgeif_fdb.o
 .text          0x00000000000002f4        0x0 ./third_party/lwip/src/netif/ethernet.o
 .text          0x00000000000002f4        0x0 ./third_party/lwip/src/netif/lowpan6.o
 .text          0x00000000000002f4        0x0 ./third_party/lwip/src/netif/lowpan6_ble.o
 .text          0x00000000000002f4        0x0 ./third_party/lwip/src/netif/lowpan6_common.o
 .text          0x00000000000002f4        0x0 ./third_party/lwip/src/netif/zepif.o
 .text          0x00000000000002f4        0x0 ./third_party/lwip/src/netif/ppp/auth.o
 .text          0x00000000000002f4        0x0 ./third_party/lwip/src/netif/ppp/ccp.o
 .text          0x00000000000002f4        0x0 ./third_party/lwip/src/netif/ppp/chap-md5.o
 .text          0x00000000000002f4        0x0 ./third_party/lwip/src/netif/ppp/chap-new.o
 .text          0x00000000000002f4        0x0 ./third_party/lwip/src/netif/ppp/chap_ms.o
 .text          0x00000000000002f4        0x0 ./third_party/lwip/src/netif/ppp/demand.o
 .text          0x00000000000002f4        0x0 ./third_party/lwip/src/netif/ppp/eap.o
 .text          0x00000000000002f4        0x0 ./third_party/lwip/src/netif/ppp/ecp.o
 .text          0x00000000000002f4        0x0 ./third_party/lwip/src/netif/ppp/eui64.o
 .text          0x00000000000002f4        0x0 ./third_party/lwip/src/netif/ppp/fsm.o
 .text          0x00000000000002f4        0x0 ./third_party/lwip/src/netif/ppp/ipcp.o
 .text          0x00000000000002f4        0x0 ./third_party/lwip/src/netif/ppp/ipv6cp.o
 .text          0x00000000000002f4        0x0 ./third_party/lwip/src/netif/ppp/lcp.o
 .text          0x00000000000002f4        0x0 ./third_party/lwip/src/netif/ppp/magic.o
 .text          0x00000000000002f4        0x0 ./third_party/lwip/src/netif/ppp/mppe.o
 .text          0x00000000000002f4        0x0 ./third_party/lwip/src/netif/ppp/multilink.o
 .text          0x00000000000002f4        0x0 ./third_party/lwip/src/netif/ppp/ppp.o
 .text          0x00000000000002f4        0x0 ./third_party/lwip/src/netif/ppp/pppapi.o
 .text          0x00000000000002f4        0x0 ./third_party/lwip/src/netif/ppp/pppcrypt.o
 .text          0x00000000000002f4        0x0 ./third_party/lwip/src/netif/ppp/pppoe.o
 .text          0x00000000000002f4        0x0 ./third_party/lwip/src/netif/ppp/pppol2tp.o
 .text          0x00000000000002f4        0x0 ./third_party/lwip/src/netif/ppp/pppos.o
 .text          0x00000000000002f4        0x0 ./third_party/lwip/src/netif/ppp/upap.o
 .text          0x00000000000002f4        0x0 ./third_party/lwip/src/netif/ppp/utils.o
 .text          0x00000000000002f4        0x0 ./third_party/lwip/src/netif/ppp/vj.o
 .text          0x00000000000002f4        0x0 ./third_party/lwip/src/netif/ppp/polarssl/arc4.o
 .text          0x00000000000002f4        0x0 ./third_party/lwip/src/netif/ppp/polarssl/des.o
 .text          0x00000000000002f4        0x0 ./third_party/lwip/src/netif/ppp/polarssl/md4.o
 .text          0x00000000000002f4        0x0 ./third_party/lwip/src/netif/ppp/polarssl/md5.o
 .text          0x00000000000002f4        0x0 ./third_party/lwip/src/netif/ppp/polarssl/sha1.o
 .text          0x00000000000002f4        0x0 /home/islam/ti/ccs1011/ccs/tools/compiler/gcc-arm-none-eabi-9-2019-q4-major/bin/../lib/gcc/arm-none-eabi/9.2.1/../../../../arm-none-eabi/lib/thumb/v7e-m+fp/hard/libg.a(lib_a-atoi.o)
 .text          0x00000000000002f4        0x0 /home/islam/ti/ccs1011/ccs/tools/compiler/gcc-arm-none-eabi-9-2019-q4-major/bin/../lib/gcc/arm-none-eabi/9.2.1/../../../../arm-none-eabi/lib/thumb/v7e-m+fp/hard/libg.a(lib_a-ctype_.o)
 .text          0x00000000000002f4        0x0 /home/islam/ti/ccs1011/ccs/tools/compiler/gcc-arm-none-eabi-9-2019-q4-major/bin/../lib/gcc/arm-none-eabi/9.2.1/../../../../arm-none-eabi/lib/thumb/v7e-m+fp/hard/libg.a(lib_a-exit.o)
 .text          0x00000000000002f4        0x0 /home/islam/ti/ccs1011/ccs/tools/compiler/gcc-arm-none-eabi-9-2019-q4-major/bin/../lib/gcc/arm-none-eabi/9.2.1/../../../../arm-none-eabi/lib/thumb/v7e-m+fp/hard/libg.a(lib_a-impure.o)
 .text          0x00000000000002f4        0x0 /home/islam/ti/ccs1011/ccs/tools/compiler/gcc-arm-none-eabi-9-2019-q4-major/bin/../lib/gcc/arm-none-eabi/9.2.1/../../../../arm-none-eabi/lib/thumb/v7e-m+fp/hard/libg.a(lib_a-init.o)
 .text          0x00000000000002f4        0x0 /home/islam/ti/ccs1011/ccs/tools/compiler/gcc-arm-none-eabi-9-2019-q4-major/bin/../lib/gcc/arm-none-eabi/9.2.1/../../../../arm-none-eabi/lib/thumb/v7e-m+fp/hard/libg.a(lib_a-memcmp.o)
 .text          0x00000000000002f4      0x134 /home/islam/ti/ccs1011/ccs/tools/compiler/gcc-arm-none-eabi-9-2019-q4-major/bin/../lib/gcc/arm-none-eabi/9.2.1/../../../../arm-none-eabi/lib/thumb/v7e-m+fp/hard/libg.a(lib_a-memcpy.o)
                0x00000000000002f4                memcpy
 .text          0x0000000000000428        0x0 /home/islam/ti/ccs1011/ccs/tools/compiler/gcc-arm-none-eabi-9-2019-q4-major/bin/../lib/gcc/arm-none-eabi/9.2.1/../../../../arm-none-eabi/lib/thumb/v7e-m+fp/hard/libg.a(lib_a-memmove.o)
 .text          0x0000000000000428        0x0 /home/islam/ti/ccs1011/ccs/tools/compiler/gcc-arm-none-eabi-9-2019-q4-major/bin/../lib/gcc/arm-none-eabi/9.2.1/../../../../arm-none-eabi/lib/thumb/v7e-m+fp/hard/libg.a(lib_a-memset.o)
 *fill*         0x0000000000000428       0x18 
 .text          0x0000000000000440       0xdc /home/islam/ti/ccs1011/ccs/tools/compiler/gcc-arm-none-eabi-9-2019-q4-major/bin/../lib/gcc/arm-none-eabi/9.2.1/../../../../arm-none-eabi/lib/thumb/v7e-m+fp/hard/libg.a(lib_a-strlen.o)
                0x0000000000000440                strlen
 .text          0x000000000000051c        0x0 /home/islam/ti/ccs1011/ccs/tools/compiler/gcc-arm-none-eabi-9-2019-q4-major/bin/../lib/gcc/arm-none-eabi/9.2.1/../../../../arm-none-eabi/lib/thumb/v7e-m+fp/hard/libg.a(lib_a-strncmp.o)
 .text          0x000000000000051c        0x0 /home/islam/ti/ccs1011/ccs/tools/compiler/gcc-arm-none-eabi-9-2019-q4-major/bin/../lib/gcc/arm-none-eabi/9.2.1/../../../../arm-none-eabi/lib/thumb/v7e-m+fp/hard/libg.a(lib_a-strtol.o)
 .text          0x000000000000051c        0x0 /home/islam/ti/ccs1011/ccs/tools/compiler/gcc-arm-none-eabi-9-2019-q4-major/bin/../lib/gcc/arm-none-eabi/9.2.1/../../../../arm-none-eabi/lib/thumb/v7e-m+fp/hard/libg.a(lib_a-__call_atexit.o)
 .text          0x000000000000051c        0x0 /home/islam/ti/ccs1011/ccs/tools/compiler/gcc-arm-none-eabi-9-2019-q4-major/bin/../lib/gcc/arm-none-eabi/9.2.1/../../../../arm-none-eabi/lib/thumb/v7e-m+fp/hard/libg.a(lib_a-atexit.o)
 .text          0x000000000000051c        0x0 /home/islam/ti/ccs1011/ccs/tools/compiler/gcc-arm-none-eabi-9-2019-q4-major/bin/../lib/gcc/arm-none-eabi/9.2.1/../../../../arm-none-eabi/lib/thumb/v7e-m+fp/hard/libg.a(lib_a-fini.o)
 .text          0x000000000000051c        0x0 /home/islam/ti/ccs1011/ccs/tools/compiler/gcc-arm-none-eabi-9-2019-q4-major/bin/../lib/gcc/arm-none-eabi/9.2.1/../../../../arm-none-eabi/lib/thumb/v7e-m+fp/hard/libg.a(lib_a-lock.o)
 .text          0x000000000000051c        0x0 /home/islam/ti/ccs1011/ccs/tools/compiler/gcc-arm-none-eabi-9-2019-q4-major/bin/../lib/gcc/arm-none-eabi/9.2.1/../../../../arm-none-eabi/lib/thumb/v7e-m+fp/hard/libg.a(lib_a-__atexit.o)
 .text          0x000000000000051c        0x0 /home/islam/ti/ccs1011/ccs/tools/compiler/gcc-arm-none-eabi-9-2019-q4-major/bin/../lib/gcc/arm-none-eabi/9.2.1/../../../../arm-none-eabi/lib/thumb/v7e-m+fp/hard/libnosys.a(_exit.o)
 .text          0x000000000000051c        0x0 /home/islam/ti/ccs1011/ccs/tools/compiler/gcc-arm-none-eabi-9-2019-q4-major/bin/../lib/gcc/arm-none-eabi/9.2.1/thumb/v7e-m+fp/hard/crtend.o
 .text          0x000000000000051c        0x0 /home/islam/ti/ccs1011/ccs/tools/compiler/gcc-arm-none-eabi-9-2019-q4-major/bin/../lib/gcc/arm-none-eabi/9.2.1/thumb/v7e-m+fp/hard/crtn.o
 *(.text.*)
 .text._ADCIntNumberGet
                0x000000000000051c       0x58 ./driverlib/adc.o
 .text.ADCIntRegister
                0x0000000000000574       0x18 ./driverlib/adc.o
                0x0000000000000574                ADCIntRegister
 .text.ADCIntUnregister
                0x000000000000058c       0x14 ./driverlib/adc.o
                0x000000000000058c                ADCIntUnregister
 .text.ADCIntDisable
                0x00000000000005a0        0xe ./driverlib/adc.o
                0x00000000000005a0                ADCIntDisable
 .text.ADCIntEnable
                0x00000000000005ae       0x10 ./driverlib/adc.o
                0x00000000000005ae                ADCIntEnable
 .text.ADCIntStatus
                0x00000000000005be       0x34 ./driverlib/adc.o
                0x00000000000005be                ADCIntStatus
 .text.ADCIntClear
                0x00000000000005f2        0x8 ./driverlib/adc.o
                0x00000000000005f2                ADCIntClear
 .text.ADCSequenceEnable
                0x00000000000005fa        0xc ./driverlib/adc.o
                0x00000000000005fa                ADCSequenceEnable
 .text.ADCSequenceDisable
                0x0000000000000606        0xe ./driverlib/adc.o
                0x0000000000000606                ADCSequenceDisable
 .text.ADCSequenceConfigure
                0x0000000000000614       0x4e ./driverlib/adc.o
                0x0000000000000614                ADCSequenceConfigure
 .text.ADCSequenceStepConfigure
                0x0000000000000662       0x8c ./driverlib/adc.o
                0x0000000000000662                ADCSequenceStepConfigure
 .text.ADCSequenceOverflow
                0x00000000000006ee        0xa ./driverlib/adc.o
                0x00000000000006ee                ADCSequenceOverflow
 .text.ADCSequenceOverflowClear
                0x00000000000006f8        0x8 ./driverlib/adc.o
                0x00000000000006f8                ADCSequenceOverflowClear
 .text.ADCSequenceUnderflow
                0x0000000000000700        0xa ./driverlib/adc.o
                0x0000000000000700                ADCSequenceUnderflow
 .text.ADCSequenceUnderflowClear
                0x000000000000070a        0x8 ./driverlib/adc.o
                0x000000000000070a                ADCSequenceUnderflowClear
 .text.ADCSequenceDataGet
                0x0000000000000712       0x20 ./driverlib/adc.o
                0x0000000000000712                ADCSequenceDataGet
 .text.ADCProcessorTrigger
                0x0000000000000732       0x1e ./driverlib/adc.o
                0x0000000000000732                ADCProcessorTrigger
 .text.ADCSoftwareOversampleConfigure
                0x0000000000000750       0x30 ./driverlib/adc.o
                0x0000000000000750                ADCSoftwareOversampleConfigure
 .text.ADCSoftwareOversampleStepConfigure
                0x0000000000000780       0x84 ./driverlib/adc.o
                0x0000000000000780                ADCSoftwareOversampleStepConfigure
 .text.ADCSoftwareOversampleDataGet
                0x0000000000000804       0x50 ./driverlib/adc.o
                0x0000000000000804                ADCSoftwareOversampleDataGet
 .text.ADCHardwareOversampleConfigure
                0x0000000000000854       0x10 ./driverlib/adc.o
                0x0000000000000854                ADCHardwareOversampleConfigure
 .text.ADCComparatorConfigure
                0x0000000000000864        0xa ./driverlib/adc.o
                0x0000000000000864                ADCComparatorConfigure
 .text.ADCComparatorRegionSet
                0x000000000000086e        0xe ./driverlib/adc.o
                0x000000000000086e                ADCComparatorRegionSet
 .text.ADCComparatorReset
                0x000000000000087c       0x32 ./driverlib/adc.o
                0x000000000000087c                ADCComparatorReset
 .text.ADCComparatorIntDisable
                0x00000000000008ae       0x10 ./driverlib/adc.o
                0x00000000000008ae                ADCComparatorIntDisable
 .text.ADCComparatorIntEnable
                0x00000000000008be        0xe ./driverlib/adc.o
                0x00000000000008be                ADCComparatorIntEnable
 .text.ADCComparatorIntStatus
                0x00000000000008cc        0x4 ./driverlib/adc.o
                0x00000000000008cc                ADCComparatorIntStatus
 .text.ADCComparatorIntClear
                0x00000000000008d0        0x4 ./driverlib/adc.o
                0x00000000000008d0                ADCComparatorIntClear
 .text.ADCIntDisableEx
                0x00000000000008d4        0xa ./driverlib/adc.o
                0x00000000000008d4                ADCIntDisableEx
 .text.ADCIntEnableEx
                0x00000000000008de        0x8 ./driverlib/adc.o
                0x00000000000008de                ADCIntEnableEx
 .text.ADCIntStatusEx
                0x00000000000008e6       0x14 ./driverlib/adc.o
                0x00000000000008e6                ADCIntStatusEx
 .text.ADCIntClearEx
                0x00000000000008fa        0x4 ./driverlib/adc.o
                0x00000000000008fa                ADCIntClearEx
 .text.ADCReferenceSet
                0x00000000000008fe        0xc ./driverlib/adc.o
                0x00000000000008fe                ADCReferenceSet
 .text.ADCReferenceGet
                0x000000000000090a        0x8 ./driverlib/adc.o
                0x000000000000090a                ADCReferenceGet
 .text.ADCPhaseDelaySet
                0x0000000000000912        0x4 ./driverlib/adc.o
                0x0000000000000912                ADCPhaseDelaySet
 .text.ADCPhaseDelayGet
                0x0000000000000916        0x4 ./driverlib/adc.o
                0x0000000000000916                ADCPhaseDelayGet
 .text.ADCSequenceDMAEnable
                0x000000000000091a        0xe ./driverlib/adc.o
                0x000000000000091a                ADCSequenceDMAEnable
 .text.ADCSequenceDMADisable
                0x0000000000000928       0x10 ./driverlib/adc.o
                0x0000000000000928                ADCSequenceDMADisable
 .text.ADCBusy  0x0000000000000938        0x8 ./driverlib/adc.o
                0x0000000000000938                ADCBusy
 .text.ADCClockConfigSet
                0x0000000000000940       0x18 ./driverlib/adc.o
                0x0000000000000940                ADCClockConfigSet
 .text.ADCClockConfigGet
                0x0000000000000958       0x26 ./driverlib/adc.o
                0x0000000000000958                ADCClockConfigGet
 .text.AESReset
                0x000000000000097e       0x18 ./driverlib/aes.o
                0x000000000000097e                AESReset
 .text.AESConfigSet
                0x0000000000000996       0x10 ./driverlib/aes.o
                0x0000000000000996                AESConfigSet
 .text.AESKey1Set
                0x00000000000009a6       0x2c ./driverlib/aes.o
                0x00000000000009a6                AESKey1Set
 .text.AESKey2Set
                0x00000000000009d2       0x2c ./driverlib/aes.o
                0x00000000000009d2                AESKey2Set
 .text.AESKey3Set
                0x00000000000009fe       0x12 ./driverlib/aes.o
                0x00000000000009fe                AESKey3Set
 .text.AESIVSet
                0x0000000000000a10       0x12 ./driverlib/aes.o
                0x0000000000000a10                AESIVSet
 .text.AESIVRead
                0x0000000000000a22       0x1a ./driverlib/aes.o
                0x0000000000000a22                AESIVRead
 .text.AESTagRead
                0x0000000000000a3c       0x1a ./driverlib/aes.o
                0x0000000000000a3c                AESTagRead
 .text.AESLengthSet
                0x0000000000000a56        0x6 ./driverlib/aes.o
                0x0000000000000a56                AESLengthSet
 .text.AESAuthLengthSet
                0x0000000000000a5c        0x4 ./driverlib/aes.o
                0x0000000000000a5c                AESAuthLengthSet
 .text.AESDataReadNonBlocking
                0x0000000000000a60       0x20 ./driverlib/aes.o
                0x0000000000000a60                AESDataReadNonBlocking
 .text.AESDataRead
                0x0000000000000a80       0x1a ./driverlib/aes.o
                0x0000000000000a80                AESDataRead
 .text.AESDataWriteNonBlocking
                0x0000000000000a9a       0x20 ./driverlib/aes.o
                0x0000000000000a9a                AESDataWriteNonBlocking
 .text.AESDataWrite
                0x0000000000000aba       0x1a ./driverlib/aes.o
                0x0000000000000aba                AESDataWrite
 .text.AESDataProcess
                0x0000000000000ad4       0x44 ./driverlib/aes.o
                0x0000000000000ad4                AESDataProcess
 .text.AESDataAuth
                0x0000000000000b18       0x36 ./driverlib/aes.o
                0x0000000000000b18                AESDataAuth
 .text.AESDataProcessAuth
                0x0000000000000b4e       0x68 ./driverlib/aes.o
                0x0000000000000b4e                AESDataProcessAuth
 .text.AESIntStatus
                0x0000000000000bb6       0x58 ./driverlib/aes.o
                0x0000000000000bb6                AESIntStatus
 .text.AESIntEnable
                0x0000000000000c0e       0x34 ./driverlib/aes.o
                0x0000000000000c0e                AESIntEnable
 .text.AESIntDisable
                0x0000000000000c42       0x38 ./driverlib/aes.o
                0x0000000000000c42                AESIntDisable
 .text.AESIntClear
                0x0000000000000c7a       0x1e ./driverlib/aes.o
                0x0000000000000c7a                AESIntClear
 .text.AESIntRegister
                0x0000000000000c98       0x10 ./driverlib/aes.o
                0x0000000000000c98                AESIntRegister
 .text.AESIntUnregister
                0x0000000000000ca8       0x10 ./driverlib/aes.o
                0x0000000000000ca8                AESIntUnregister
 .text.AESDMAEnable
                0x0000000000000cb8        0xc ./driverlib/aes.o
                0x0000000000000cb8                AESDMAEnable
 .text.AESDMADisable
                0x0000000000000cc4        0xe ./driverlib/aes.o
                0x0000000000000cc4                AESDMADisable
 *fill*         0x0000000000000cd2        0x2 
 .text._CANIntNumberGet
                0x0000000000000cd4       0x68 ./driverlib/can.o
 .text._CANDataRegWrite
                0x0000000000000d3c       0x2c ./driverlib/can.o
 .text._CANDataRegRead
                0x0000000000000d68       0x2c ./driverlib/can.o
 .text.CANInit  0x0000000000000d94       0x4a ./driverlib/can.o
                0x0000000000000d94                CANInit
 .text.CANEnable
                0x0000000000000dde        0xa ./driverlib/can.o
                0x0000000000000dde                CANEnable
 .text.CANDisable
                0x0000000000000de8        0xa ./driverlib/can.o
                0x0000000000000de8                CANDisable
 .text.CANBitTimingGet
                0x0000000000000df2       0x2e ./driverlib/can.o
                0x0000000000000df2                CANBitTimingGet
 .text.CANBitRateSet
                0x0000000000000e20       0x64 ./driverlib/can.o
                0x0000000000000e20                CANBitRateSet
 .text.CANBitTimingSet
                0x0000000000000e84       0x56 ./driverlib/can.o
                0x0000000000000e84                CANBitTimingSet
 .text.CANIntRegister
                0x0000000000000eda       0x18 ./driverlib/can.o
                0x0000000000000eda                CANIntRegister
 .text.CANIntUnregister
                0x0000000000000ef2       0x14 ./driverlib/can.o
                0x0000000000000ef2                CANIntUnregister
 .text.CANIntEnable
                0x0000000000000f06        0x8 ./driverlib/can.o
                0x0000000000000f06                CANIntEnable
 .text.CANIntDisable
                0x0000000000000f0e        0xa ./driverlib/can.o
                0x0000000000000f0e                CANIntDisable
 .text.CANIntStatus
                0x0000000000000f18       0x1e ./driverlib/can.o
                0x0000000000000f18                CANIntStatus
 .text.CANIntClear
                0x0000000000000f36       0x2a ./driverlib/can.o
                0x0000000000000f36                CANIntClear
 .text.CANRetrySet
                0x0000000000000f60       0x12 ./driverlib/can.o
                0x0000000000000f60                CANRetrySet
 .text.CANRetryGet
                0x0000000000000f72       0x10 ./driverlib/can.o
                0x0000000000000f72                CANRetryGet
 .text.CANStatusGet
                0x0000000000000f82       0x46 ./driverlib/can.o
                0x0000000000000f82                CANStatusGet
 .text.CANErrCntrGet
                0x0000000000000fc8       0x1a ./driverlib/can.o
                0x0000000000000fc8                CANErrCntrGet
 .text.CANMessageSet
                0x0000000000000fe2      0x18a ./driverlib/can.o
                0x0000000000000fe2                CANMessageSet
 .text.CANMessageGet
                0x000000000000116c      0x170 ./driverlib/can.o
                0x000000000000116c                CANMessageGet
 .text.CANMessageClear
                0x00000000000012dc       0x1a ./driverlib/can.o
                0x00000000000012dc                CANMessageClear
 .text.ComparatorConfigure
                0x00000000000012f6        0x8 ./driverlib/comp.o
                0x00000000000012f6                ComparatorConfigure
 .text.ComparatorRefSet
                0x00000000000012fe        0x4 ./driverlib/comp.o
                0x00000000000012fe                ComparatorRefSet
 .text.ComparatorValueGet
                0x0000000000001302       0x14 ./driverlib/comp.o
                0x0000000000001302                ComparatorValueGet
 .text.ComparatorIntRegister
                0x0000000000001316       0x26 ./driverlib/comp.o
                0x0000000000001316                ComparatorIntRegister
 .text.ComparatorIntUnregister
                0x000000000000133c       0x20 ./driverlib/comp.o
                0x000000000000133c                ComparatorIntUnregister
 .text.ComparatorIntEnable
                0x000000000000135c        0xc ./driverlib/comp.o
                0x000000000000135c                ComparatorIntEnable
 .text.ComparatorIntDisable
                0x0000000000001368        0xe ./driverlib/comp.o
                0x0000000000001368                ComparatorIntDisable
 .text.ComparatorIntStatus
                0x0000000000001376       0x16 ./driverlib/comp.o
                0x0000000000001376                ComparatorIntStatus
 .text.ComparatorIntClear
                0x000000000000138c        0x8 ./driverlib/comp.o
                0x000000000000138c                ComparatorIntClear
 .text.CPUcpsid
                0x0000000000001394        0x8 ./driverlib/cpu.o
                0x0000000000001394                CPUcpsid
 .text.CPUprimask
                0x000000000000139c        0x6 ./driverlib/cpu.o
                0x000000000000139c                CPUprimask
 .text.CPUcpsie
                0x00000000000013a2        0x8 ./driverlib/cpu.o
                0x00000000000013a2                CPUcpsie
 .text.CPUwfi   0x00000000000013aa        0x4 ./driverlib/cpu.o
                0x00000000000013aa                CPUwfi
 .text.CPUbasepriSet
                0x00000000000013ae        0x6 ./driverlib/cpu.o
                0x00000000000013ae                CPUbasepriSet
 .text.CPUbasepriGet
                0x00000000000013b4        0x6 ./driverlib/cpu.o
                0x00000000000013b4                CPUbasepriGet
 .text.CRCConfigSet
                0x00000000000013ba        0x6 ./driverlib/crc.o
                0x00000000000013ba                CRCConfigSet
 .text.CRCSeedSet
                0x00000000000013c0        0x6 ./driverlib/crc.o
                0x00000000000013c0                CRCSeedSet
 .text.CRCDataWrite
                0x00000000000013c6        0x6 ./driverlib/crc.o
                0x00000000000013c6                CRCDataWrite
 .text.CRCResultRead
                0x00000000000013cc        0xe ./driverlib/crc.o
                0x00000000000013cc                CRCResultRead
 .text.CRCDataProcess
                0x00000000000013da       0x36 ./driverlib/crc.o
                0x00000000000013da                CRCDataProcess
 .text.DESReset
                0x0000000000001410       0x12 ./driverlib/des.o
                0x0000000000001410                DESReset
 .text.DESConfigSet
                0x0000000000001422        0xc ./driverlib/des.o
                0x0000000000001422                DESConfigSet
 .text.DESKeySet
                0x000000000000142e       0x22 ./driverlib/des.o
                0x000000000000142e                DESKeySet
 .text.DESIVSet
                0x0000000000001450       0x16 ./driverlib/des.o
                0x0000000000001450                DESIVSet
 .text.DESLengthSet
                0x0000000000001466        0x4 ./driverlib/des.o
                0x0000000000001466                DESLengthSet
 *fill*         0x000000000000146a        0x2 
 .text.DESDataReadNonBlocking
                0x000000000000146c       0x24 ./driverlib/des.o
                0x000000000000146c                DESDataReadNonBlocking
 .text.DESDataRead
                0x0000000000001490       0x20 ./driverlib/des.o
                0x0000000000001490                DESDataRead
 .text.DESDataWriteNonBlocking
                0x00000000000014b0       0x20 ./driverlib/des.o
                0x00000000000014b0                DESDataWriteNonBlocking
 .text.DESDataWrite
                0x00000000000014d0       0x1c ./driverlib/des.o
                0x00000000000014d0                DESDataWrite
 .text.DESDataProcess
                0x00000000000014ec       0x4c ./driverlib/des.o
                0x00000000000014ec                DESDataProcess
 .text.DESIntStatus
                0x0000000000001538       0x24 ./driverlib/des.o
                0x0000000000001538                DESIntStatus
 .text.DESIntEnable
                0x000000000000155c       0x22 ./driverlib/des.o
                0x000000000000155c                DESIntEnable
 .text.DESIntDisable
                0x000000000000157e       0x26 ./driverlib/des.o
                0x000000000000157e                DESIntDisable
 .text.DESIntClear
                0x00000000000015a4        0xe ./driverlib/des.o
                0x00000000000015a4                DESIntClear
 .text.DESIntRegister
                0x00000000000015b2       0x10 ./driverlib/des.o
                0x00000000000015b2                DESIntRegister
 .text.DESIntUnregister
                0x00000000000015c2       0x10 ./driverlib/des.o
                0x00000000000015c2                DESIntUnregister
 .text.DESDMAEnable
                0x00000000000015d2        0x8 ./driverlib/des.o
                0x00000000000015d2                DESDMAEnable
 .text.DESDMADisable
                0x00000000000015da        0xa ./driverlib/des.o
                0x00000000000015da                DESDMADisable
 .text._EEPROMWaitForDone
                0x00000000000015e4       0x10 ./driverlib/eeprom.o
 .text._EEPROMSectorMaskSet
                0x00000000000015f4       0x3c ./driverlib/eeprom.o
 .text._EEPROMSectorMaskClear
                0x0000000000001630       0x34 ./driverlib/eeprom.o
 .text.EEPROMInit
                0x0000000000001664       0x44 ./driverlib/eeprom.o
                0x0000000000001664                EEPROMInit
 .text.EEPROMSizeGet
                0x00000000000016a8       0x10 ./driverlib/eeprom.o
                0x00000000000016a8                EEPROMSizeGet
 .text.EEPROMBlockCountGet
                0x00000000000016b8       0x10 ./driverlib/eeprom.o
                0x00000000000016b8                EEPROMBlockCountGet
 .text.EEPROMRead
                0x00000000000016c8       0x44 ./driverlib/eeprom.o
                0x00000000000016c8                EEPROMRead
 .text.EEPROMProgram
                0x000000000000170c       0xd8 ./driverlib/eeprom.o
                0x000000000000170c                EEPROMProgram
 .text.EEPROMProgramNonBlocking
                0x00000000000017e4       0x50 ./driverlib/eeprom.o
                0x00000000000017e4                EEPROMProgramNonBlocking
 .text.EEPROMMassErase
                0x0000000000001834       0x5c ./driverlib/eeprom.o
                0x0000000000001834                EEPROMMassErase
 .text.EEPROMBlockProtectGet
                0x0000000000001890       0x10 ./driverlib/eeprom.o
                0x0000000000001890                EEPROMBlockProtectGet
 .text.EEPROMBlockProtectSet
                0x00000000000018a0       0x20 ./driverlib/eeprom.o
                0x00000000000018a0                EEPROMBlockProtectSet
 .text.EEPROMBlockPasswordSet
                0x00000000000018c0       0x34 ./driverlib/eeprom.o
                0x00000000000018c0                EEPROMBlockPasswordSet
 .text.EEPROMBlockLock
                0x00000000000018f4       0x14 ./driverlib/eeprom.o
                0x00000000000018f4                EEPROMBlockLock
 .text.EEPROMBlockUnlock
                0x0000000000001908       0x34 ./driverlib/eeprom.o
                0x0000000000001908                EEPROMBlockUnlock
 .text.EEPROMBlockHide
                0x000000000000193c       0x10 ./driverlib/eeprom.o
                0x000000000000193c                EEPROMBlockHide
 .text.EEPROMIntEnable
                0x000000000000194c       0x20 ./driverlib/eeprom.o
                0x000000000000194c                EEPROMIntEnable
 .text.EEPROMIntDisable
                0x000000000000196c       0x20 ./driverlib/eeprom.o
                0x000000000000196c                EEPROMIntDisable
 .text.EEPROMIntStatus
                0x000000000000198c       0x28 ./driverlib/eeprom.o
                0x000000000000198c                EEPROMIntStatus
 .text.EEPROMIntClear
                0x00000000000019b4       0x3c ./driverlib/eeprom.o
                0x00000000000019b4                EEPROMIntClear
 .text.EEPROMStatusGet
                0x00000000000019f0        0xc ./driverlib/eeprom.o
                0x00000000000019f0                EEPROMStatusGet
 .text.EMACInit
                0x00000000000019fc       0x88 ./driverlib/emac.o
                0x00000000000019fc                EMACInit
 .text.EMACReset
                0x0000000000001a84       0x1a ./driverlib/emac.o
                0x0000000000001a84                EMACReset
 *fill*         0x0000000000001a9e        0x2 
 .text.EMACPHYConfigSet
                0x0000000000001aa0       0x60 ./driverlib/emac.o
                0x0000000000001aa0                EMACPHYConfigSet
 .text.EMACConfigSet
                0x0000000000001b00       0x34 ./driverlib/emac.o
                0x0000000000001b00                EMACConfigSet
 .text.EMACConfigGet
                0x0000000000001b34       0x44 ./driverlib/emac.o
                0x0000000000001b34                EMACConfigGet
 .text.EMACAddrSet
                0x0000000000001b78       0x3a ./driverlib/emac.o
                0x0000000000001b78                EMACAddrSet
 .text.EMACAddrGet
                0x0000000000001bb2       0x28 ./driverlib/emac.o
                0x0000000000001bb2                EMACAddrGet
 .text.EMACNumAddrGet
                0x0000000000001bda        0x4 ./driverlib/emac.o
                0x0000000000001bda                EMACNumAddrGet
 .text.EMACAddrFilterSet
                0x0000000000001bde       0x20 ./driverlib/emac.o
                0x0000000000001bde                EMACAddrFilterSet
 .text.EMACAddrFilterGet
                0x0000000000001bfe        0xc ./driverlib/emac.o
                0x0000000000001bfe                EMACAddrFilterGet
 .text.EMACFrameFilterSet
                0x0000000000001c0a       0x18 ./driverlib/emac.o
                0x0000000000001c0a                EMACFrameFilterSet
 *fill*         0x0000000000001c22        0x2 
 .text.EMACFrameFilterGet
                0x0000000000001c24        0xc ./driverlib/emac.o
                0x0000000000001c24                EMACFrameFilterGet
 .text.EMACHashFilterSet
                0x0000000000001c30        0x6 ./driverlib/emac.o
                0x0000000000001c30                EMACHashFilterSet
 .text.EMACHashFilterGet
                0x0000000000001c36        0xa ./driverlib/emac.o
                0x0000000000001c36                EMACHashFilterGet
 .text.EMACHashFilterBitCalculate
                0x0000000000001c40       0x28 ./driverlib/emac.o
                0x0000000000001c40                EMACHashFilterBitCalculate
 .text.EMACRxWatchdogTimerSet
                0x0000000000001c68        0x6 ./driverlib/emac.o
                0x0000000000001c68                EMACRxWatchdogTimerSet
 .text.EMACStatusGet
                0x0000000000001c6e        0x4 ./driverlib/emac.o
                0x0000000000001c6e                EMACStatusGet
 .text.EMACTxDMAPollDemand
                0x0000000000001c72        0x8 ./driverlib/emac.o
                0x0000000000001c72                EMACTxDMAPollDemand
 .text.EMACRxDMAPollDemand
                0x0000000000001c7a        0x8 ./driverlib/emac.o
                0x0000000000001c7a                EMACRxDMAPollDemand
 .text.EMACRxDMADescriptorListSet
                0x0000000000001c82        0x6 ./driverlib/emac.o
                0x0000000000001c82                EMACRxDMADescriptorListSet
 .text.EMACRxDMADescriptorListGet
                0x0000000000001c88        0x6 ./driverlib/emac.o
                0x0000000000001c88                EMACRxDMADescriptorListGet
 .text.EMACRxDMACurrentDescriptorGet
                0x0000000000001c8e        0x6 ./driverlib/emac.o
                0x0000000000001c8e                EMACRxDMACurrentDescriptorGet
 .text.EMACRxDMACurrentBufferGet
                0x0000000000001c94        0x6 ./driverlib/emac.o
                0x0000000000001c94                EMACRxDMACurrentBufferGet
 .text.EMACTxDMADescriptorListSet
                0x0000000000001c9a        0x6 ./driverlib/emac.o
                0x0000000000001c9a                EMACTxDMADescriptorListSet
 .text.EMACTxDMADescriptorListGet
                0x0000000000001ca0        0x6 ./driverlib/emac.o
                0x0000000000001ca0                EMACTxDMADescriptorListGet
 .text.EMACTxDMACurrentDescriptorGet
                0x0000000000001ca6        0x6 ./driverlib/emac.o
                0x0000000000001ca6                EMACTxDMACurrentDescriptorGet
 .text.EMACTxDMACurrentBufferGet
                0x0000000000001cac        0x6 ./driverlib/emac.o
                0x0000000000001cac                EMACTxDMACurrentBufferGet
 .text.EMACDMAStateGet
                0x0000000000001cb2       0x16 ./driverlib/emac.o
                0x0000000000001cb2                EMACDMAStateGet
 .text.EMACTxFlush
                0x0000000000001cc8       0x22 ./driverlib/emac.o
                0x0000000000001cc8                EMACTxFlush
 .text.EMACTxEnable
                0x0000000000001cea       0x16 ./driverlib/emac.o
                0x0000000000001cea                EMACTxEnable
 .text.EMACTxDisable
                0x0000000000001d00       0x16 ./driverlib/emac.o
                0x0000000000001d00                EMACTxDisable
 .text.EMACRxEnable
                0x0000000000001d16       0x16 ./driverlib/emac.o
                0x0000000000001d16                EMACRxEnable
 .text.EMACRxDisable
                0x0000000000001d2c       0x16 ./driverlib/emac.o
                0x0000000000001d2c                EMACRxDisable
 .text.EMACIntRegister
                0x0000000000001d42       0x10 ./driverlib/emac.o
                0x0000000000001d42                EMACIntRegister
 .text.EMACIntUnregister
                0x0000000000001d52       0x10 ./driverlib/emac.o
                0x0000000000001d52                EMACIntUnregister
 .text.EMACIntEnable
                0x0000000000001d62       0x3c ./driverlib/emac.o
                0x0000000000001d62                EMACIntEnable
 .text.EMACIntDisable
                0x0000000000001d9e       0x3c ./driverlib/emac.o
                0x0000000000001d9e                EMACIntDisable
 .text.EMACIntStatus
                0x0000000000001dda       0x34 ./driverlib/emac.o
                0x0000000000001dda                EMACIntStatus
 .text.EMACIntClear
                0x0000000000001e0e       0x36 ./driverlib/emac.o
                0x0000000000001e0e                EMACIntClear
 .text.EMACPHYWrite
                0x0000000000001e44       0x30 ./driverlib/emac.o
                0x0000000000001e44                EMACPHYWrite
 .text.EMACPHYRead
                0x0000000000001e74       0x34 ./driverlib/emac.o
                0x0000000000001e74                EMACPHYRead
 .text.EMACPHYExtendedRead
                0x0000000000001ea8       0x3c ./driverlib/emac.o
                0x0000000000001ea8                EMACPHYExtendedRead
 .text.EMACPHYExtendedWrite
                0x0000000000001ee4       0x40 ./driverlib/emac.o
                0x0000000000001ee4                EMACPHYExtendedWrite
 .text.EMACPHYPowerOff
                0x0000000000001f24       0x24 ./driverlib/emac.o
                0x0000000000001f24                EMACPHYPowerOff
 .text.EMACPHYPowerOn
                0x0000000000001f48       0x24 ./driverlib/emac.o
                0x0000000000001f48                EMACPHYPowerOn
 .text.EMACTimestampConfigSet
                0x0000000000001f6c       0x18 ./driverlib/emac.o
                0x0000000000001f6c                EMACTimestampConfigSet
 .text.EMACTimestampConfigGet
                0x0000000000001f84        0xe ./driverlib/emac.o
                0x0000000000001f84                EMACTimestampConfigGet
 .text.EMACTimestampEnable
                0x0000000000001f92       0x24 ./driverlib/emac.o
                0x0000000000001f92                EMACTimestampEnable
 .text.EMACTimestampDisable
                0x0000000000001fb6        0xe ./driverlib/emac.o
                0x0000000000001fb6                EMACTimestampDisable
 .text.EMACTimestampSysTimeSet
                0x0000000000001fc4       0x20 ./driverlib/emac.o
                0x0000000000001fc4                EMACTimestampSysTimeSet
 .text.EMACTimestampSysTimeGet
                0x0000000000001fe4       0x1c ./driverlib/emac.o
                0x0000000000001fe4                EMACTimestampSysTimeGet
 .text.EMACTimestampSysTimeUpdate
                0x0000000000002000       0x2c ./driverlib/emac.o
                0x0000000000002000                EMACTimestampSysTimeUpdate
 .text.EMACTimestampAddendSet
                0x000000000000202c       0x1c ./driverlib/emac.o
                0x000000000000202c                EMACTimestampAddendSet
 .text.EMACTimestampTargetSet
                0x0000000000002048       0x18 ./driverlib/emac.o
                0x0000000000002048                EMACTimestampTargetSet
 .text.EMACTimestampTargetIntEnable
                0x0000000000002060        0xe ./driverlib/emac.o
                0x0000000000002060                EMACTimestampTargetIntEnable
 .text.EMACTimestampTargetIntDisable
                0x000000000000206e        0xe ./driverlib/emac.o
                0x000000000000206e                EMACTimestampTargetIntDisable
 .text.EMACTimestampIntStatus
                0x000000000000207c        0x6 ./driverlib/emac.o
                0x000000000000207c                EMACTimestampIntStatus
 .text.EMACTimestampPPSSimpleModeSet
                0x0000000000002082       0x16 ./driverlib/emac.o
                0x0000000000002082                EMACTimestampPPSSimpleModeSet
 .text.EMACTimestampPPSCommandModeSet
                0x0000000000002098       0x14 ./driverlib/emac.o
                0x0000000000002098                EMACTimestampPPSCommandModeSet
 .text.EMACTimestampPPSCommand
                0x00000000000020ac       0x14 ./driverlib/emac.o
                0x00000000000020ac                EMACTimestampPPSCommand
 .text.EMACTimestampPPSPeriodSet
                0x00000000000020c0        0xa ./driverlib/emac.o
                0x00000000000020c0                EMACTimestampPPSPeriodSet
 .text.EMACVLANRxConfigSet
                0x00000000000020ca        0x6 ./driverlib/emac.o
                0x00000000000020ca                EMACVLANRxConfigSet
 .text.EMACVLANRxConfigGet
                0x00000000000020d0        0xa ./driverlib/emac.o
                0x00000000000020d0                EMACVLANRxConfigGet
 .text.EMACVLANTxConfigSet
                0x00000000000020da        0x8 ./driverlib/emac.o
                0x00000000000020da                EMACVLANTxConfigSet
 .text.EMACVLANTxConfigGet
                0x00000000000020e2        0xc ./driverlib/emac.o
                0x00000000000020e2                EMACVLANTxConfigGet
 .text.EMACVLANHashFilterBitCalculate
                0x00000000000020ee       0x34 ./driverlib/emac.o
                0x00000000000020ee                EMACVLANHashFilterBitCalculate
 .text.EMACVLANHashFilterSet
                0x0000000000002122        0x6 ./driverlib/emac.o
                0x0000000000002122                EMACVLANHashFilterSet
 .text.EMACVLANHashFilterGet
                0x0000000000002128        0x6 ./driverlib/emac.o
                0x0000000000002128                EMACVLANHashFilterGet
 .text.EMACRemoteWakeUpFrameFilterSet
                0x000000000000212e       0x1a ./driverlib/emac.o
                0x000000000000212e                EMACRemoteWakeUpFrameFilterSet
 .text.EMACRemoteWakeUpFrameFilterGet
                0x0000000000002148       0x1a ./driverlib/emac.o
                0x0000000000002148                EMACRemoteWakeUpFrameFilterGet
 .text.EMACPowerManagementControlSet
                0x0000000000002162       0x10 ./driverlib/emac.o
                0x0000000000002162                EMACPowerManagementControlSet
 .text.EMACPowerManagementControlGet
                0x0000000000002172        0xc ./driverlib/emac.o
                0x0000000000002172                EMACPowerManagementControlGet
 .text.EMACPowerManagementStatusGet
                0x000000000000217e        0x8 ./driverlib/emac.o
                0x000000000000217e                EMACPowerManagementStatusGet
 .text.EMACWoLEnter
                0x0000000000002186       0x32 ./driverlib/emac.o
                0x0000000000002186                EMACWoLEnter
 .text.EMACLPIConfig
                0x00000000000021b8       0x28 ./driverlib/emac.o
                0x00000000000021b8                EMACLPIConfig
 .text.EMACLPIEnter
                0x00000000000021e0        0xa ./driverlib/emac.o
                0x00000000000021e0                EMACLPIEnter
 .text.EMACLPIStatus
                0x00000000000021ea        0x6 ./driverlib/emac.o
                0x00000000000021ea                EMACLPIStatus
 .text.EMACLPILinkSet
                0x00000000000021f0        0xa ./driverlib/emac.o
                0x00000000000021f0                EMACLPILinkSet
 .text.EMACLPILinkClear
                0x00000000000021fa        0xa ./driverlib/emac.o
                0x00000000000021fa                EMACLPILinkClear
 .text.EMACPHYMMDWrite
                0x0000000000002204       0x44 ./driverlib/emac.o
                0x0000000000002204                EMACPHYMMDWrite
 .text.EMACPHYMMDRead
                0x0000000000002248       0x3a ./driverlib/emac.o
                0x0000000000002248                EMACPHYMMDRead
 *fill*         0x0000000000002282        0x2 
 .text._EPIIntNumberGet
                0x0000000000002284       0x24 ./driverlib/epi.o
 .text.EPIWorkaroundWordWrite
                0x00000000000022a8       0x12 ./driverlib/epi.o
                0x00000000000022a8                EPIWorkaroundWordWrite
 .text.EPIWorkaroundWordRead
                0x00000000000022ba       0x16 ./driverlib/epi.o
                0x00000000000022ba                EPIWorkaroundWordRead
 .text.EPIWorkaroundHWordWrite
                0x00000000000022d0       0x12 ./driverlib/epi.o
                0x00000000000022d0                EPIWorkaroundHWordWrite
 .text.EPIWorkaroundHWordRead
                0x00000000000022e2        0xa ./driverlib/epi.o
                0x00000000000022e2                EPIWorkaroundHWordRead
 .text.EPIWorkaroundByteWrite
                0x00000000000022ec       0x12 ./driverlib/epi.o
                0x00000000000022ec                EPIWorkaroundByteWrite
 .text.EPIWorkaroundByteRead
                0x00000000000022fe        0xa ./driverlib/epi.o
                0x00000000000022fe                EPIWorkaroundByteRead
 .text.EPIModeSet
                0x0000000000002308        0x4 ./driverlib/epi.o
                0x0000000000002308                EPIModeSet
 .text.EPIDividerSet
                0x000000000000230c        0x4 ./driverlib/epi.o
                0x000000000000230c                EPIDividerSet
 .text.EPIDividerCSSet
                0x0000000000002310       0x3c ./driverlib/epi.o
                0x0000000000002310                EPIDividerCSSet
 .text.EPIDMATxCount
                0x000000000000234c        0x8 ./driverlib/epi.o
                0x000000000000234c                EPIDMATxCount
 .text.EPIConfigSDRAMSet
                0x0000000000002354       0x10 ./driverlib/epi.o
                0x0000000000002354                EPIConfigSDRAMSet
 .text.EPIConfigHB8Set
                0x0000000000002364       0x14 ./driverlib/epi.o
                0x0000000000002364                EPIConfigHB8Set
 .text.EPIConfigHB16Set
                0x0000000000002378       0x14 ./driverlib/epi.o
                0x0000000000002378                EPIConfigHB16Set
 .text.EPIConfigHB8CSSet
                0x000000000000238c       0x22 ./driverlib/epi.o
                0x000000000000238c                EPIConfigHB8CSSet
 .text.EPIConfigHB16CSSet
                0x00000000000023ae       0x22 ./driverlib/epi.o
                0x00000000000023ae                EPIConfigHB16CSSet
 .text.EPIConfigHB8TimingSet
                0x00000000000023d0        0xa ./driverlib/epi.o
                0x00000000000023d0                EPIConfigHB8TimingSet
 .text.EPIConfigHB16TimingSet
                0x00000000000023da        0xa ./driverlib/epi.o
                0x00000000000023da                EPIConfigHB16TimingSet
 .text.EPIPSRAMConfigRegSet
                0x00000000000023e4       0x24 ./driverlib/epi.o
                0x00000000000023e4                EPIPSRAMConfigRegSet
 .text.EPIPSRAMConfigRegRead
                0x0000000000002408       0x1c ./driverlib/epi.o
                0x0000000000002408                EPIPSRAMConfigRegRead
 .text.EPIPSRAMConfigRegGetNonBlocking
                0x0000000000002424       0x2a ./driverlib/epi.o
                0x0000000000002424                EPIPSRAMConfigRegGetNonBlocking
 .text.EPIPSRAMConfigRegGet
                0x000000000000244e       0x22 ./driverlib/epi.o
                0x000000000000244e                EPIPSRAMConfigRegGet
 .text.EPIConfigGPModeSet
                0x0000000000002470        0xc ./driverlib/epi.o
                0x0000000000002470                EPIConfigGPModeSet
 .text.EPIAddressMapSet
                0x000000000000247c        0x4 ./driverlib/epi.o
                0x000000000000247c                EPIAddressMapSet
 .text.EPINonBlockingReadConfigure
                0x0000000000002480        0xa ./driverlib/epi.o
                0x0000000000002480                EPINonBlockingReadConfigure
 .text.EPINonBlockingReadStart
                0x000000000000248a        0x8 ./driverlib/epi.o
                0x000000000000248a                EPINonBlockingReadStart
 .text.EPINonBlockingReadStop
                0x0000000000002492        0xa ./driverlib/epi.o
                0x0000000000002492                EPINonBlockingReadStop
 .text.EPINonBlockingReadCount
                0x000000000000249c        0x8 ./driverlib/epi.o
                0x000000000000249c                EPINonBlockingReadCount
 .text.EPINonBlockingReadAvail
                0x00000000000024a4        0x4 ./driverlib/epi.o
                0x00000000000024a4                EPINonBlockingReadAvail
 .text.EPINonBlockingReadGet32
                0x00000000000024a8       0x20 ./driverlib/epi.o
                0x00000000000024a8                EPINonBlockingReadGet32
 .text.EPINonBlockingReadGet16
                0x00000000000024c8       0x20 ./driverlib/epi.o
                0x00000000000024c8                EPINonBlockingReadGet16
 .text.EPINonBlockingReadGet8
                0x00000000000024e8       0x20 ./driverlib/epi.o
                0x00000000000024e8                EPINonBlockingReadGet8
 .text.EPIFIFOConfig
                0x0000000000002508        0x6 ./driverlib/epi.o
                0x0000000000002508                EPIFIFOConfig
 .text.EPIWriteFIFOCountGet
                0x000000000000250e        0x6 ./driverlib/epi.o
                0x000000000000250e                EPIWriteFIFOCountGet
 .text.EPIIntEnable
                0x0000000000002514        0xc ./driverlib/epi.o
                0x0000000000002514                EPIIntEnable
 .text.EPIIntDisable
                0x0000000000002520        0xe ./driverlib/epi.o
                0x0000000000002520                EPIIntDisable
 .text.EPIIntStatus
                0x000000000000252e        0xe ./driverlib/epi.o
                0x000000000000252e                EPIIntStatus
 .text.EPIIntErrorStatus
                0x000000000000253c        0x6 ./driverlib/epi.o
                0x000000000000253c                EPIIntErrorStatus
 .text.EPIIntErrorClear
                0x0000000000002542        0x6 ./driverlib/epi.o
                0x0000000000002542                EPIIntErrorClear
 .text.EPIIntRegister
                0x0000000000002548       0x18 ./driverlib/epi.o
                0x0000000000002548                EPIIntRegister
 .text.EPIIntUnregister
                0x0000000000002560       0x14 ./driverlib/epi.o
                0x0000000000002560                EPIIntUnregister
 .text.FlashErase
                0x0000000000002574       0x44 ./driverlib/flash.o
                0x0000000000002574                FlashErase
 .text.FlashProgram
                0x00000000000025b8       0x78 ./driverlib/flash.o
                0x00000000000025b8                FlashProgram
 .text.FlashProtectGet
                0x0000000000002630       0x48 ./driverlib/flash.o
                0x0000000000002630                FlashProtectGet
 .text.FlashProtectSet
                0x0000000000002678       0x80 ./driverlib/flash.o
                0x0000000000002678                FlashProtectSet
 .text.FlashProtectSave
                0x00000000000026f8       0x30 ./driverlib/flash.o
                0x00000000000026f8                FlashProtectSave
 .text.FlashUserGet
                0x0000000000002728       0x18 ./driverlib/flash.o
                0x0000000000002728                FlashUserGet
 .text.FlashUserSet
                0x0000000000002740       0x10 ./driverlib/flash.o
                0x0000000000002740                FlashUserSet
 .text.FlashAllUserRegisterGet
                0x0000000000002750       0x34 ./driverlib/flash.o
                0x0000000000002750                FlashAllUserRegisterGet
 .text.FlashAllUserRegisterSet
                0x0000000000002784       0x2c ./driverlib/flash.o
                0x0000000000002784                FlashAllUserRegisterSet
 .text.FlashUserSave
                0x00000000000027b0       0x44 ./driverlib/flash.o
                0x00000000000027b0                FlashUserSave
 .text.FlashAllUserRegisterSave
                0x00000000000027f4       0x34 ./driverlib/flash.o
                0x00000000000027f4                FlashAllUserRegisterSave
 .text.FlashIntRegister
                0x0000000000002828       0x12 ./driverlib/flash.o
                0x0000000000002828                FlashIntRegister
 .text.FlashIntUnregister
                0x000000000000283a       0x10 ./driverlib/flash.o
                0x000000000000283a                FlashIntUnregister
 *fill*         0x000000000000284a        0x2 
 .text.FlashIntEnable
                0x000000000000284c       0x10 ./driverlib/flash.o
                0x000000000000284c                FlashIntEnable
 .text.FlashIntDisable
                0x000000000000285c       0x10 ./driverlib/flash.o
                0x000000000000285c                FlashIntDisable
 .text.FlashIntStatus
                0x000000000000286c       0x18 ./driverlib/flash.o
                0x000000000000286c                FlashIntStatus
 .text.FlashIntClear
                0x0000000000002884        0xc ./driverlib/flash.o
                0x0000000000002884                FlashIntClear
 .text.FPUEnable
                0x0000000000002890       0x10 ./driverlib/fpu.o
                0x0000000000002890                FPUEnable
 .text.FPUDisable
                0x00000000000028a0       0x10 ./driverlib/fpu.o
                0x00000000000028a0                FPUDisable
 .text.FPUStackingEnable
                0x00000000000028b0       0x14 ./driverlib/fpu.o
                0x00000000000028b0                FPUStackingEnable
 .text.FPULazyStackingEnable
                0x00000000000028c4       0x10 ./driverlib/fpu.o
                0x00000000000028c4                FPULazyStackingEnable
 .text.FPUStackingDisable
                0x00000000000028d4       0x10 ./driverlib/fpu.o
                0x00000000000028d4                FPUStackingDisable
 .text.FPUHalfPrecisionModeSet
                0x00000000000028e4       0x14 ./driverlib/fpu.o
                0x00000000000028e4                FPUHalfPrecisionModeSet
 .text.FPUNaNModeSet
                0x00000000000028f8       0x14 ./driverlib/fpu.o
                0x00000000000028f8                FPUNaNModeSet
 .text.FPUFlushToZeroModeSet
                0x000000000000290c       0x14 ./driverlib/fpu.o
                0x000000000000290c                FPUFlushToZeroModeSet
 .text.FPURoundingModeSet
                0x0000000000002920       0x14 ./driverlib/fpu.o
                0x0000000000002920                FPURoundingModeSet
 .text._GPIOIntNumberGet
                0x0000000000002934       0x50 ./driverlib/gpio.o
 .text.GPIODirModeSet
                0x0000000000002984       0x36 ./driverlib/gpio.o
                0x0000000000002984                GPIODirModeSet
 .text.GPIODirModeGet
                0x00000000000029ba       0x26 ./driverlib/gpio.o
                0x00000000000029ba                GPIODirModeGet
 .text.GPIOIntTypeSet
                0x00000000000029e0       0x6c ./driverlib/gpio.o
                0x00000000000029e0                GPIOIntTypeSet
 .text.GPIOIntTypeGet
                0x0000000000002a4c       0x4c ./driverlib/gpio.o
                0x0000000000002a4c                GPIOIntTypeGet
 .text.GPIOPadConfigSet
                0x0000000000002a98      0x17a ./driverlib/gpio.o
                0x0000000000002a98                GPIOPadConfigSet
 .text.GPIOPadConfigGet
                0x0000000000002c12       0xc6 ./driverlib/gpio.o
                0x0000000000002c12                GPIOPadConfigGet
 .text.GPIOIntEnable
                0x0000000000002cd8        0xc ./driverlib/gpio.o
                0x0000000000002cd8                GPIOIntEnable
 .text.GPIOIntDisable
                0x0000000000002ce4        0xe ./driverlib/gpio.o
                0x0000000000002ce4                GPIOIntDisable
 .text.GPIOIntStatus
                0x0000000000002cf2        0xe ./driverlib/gpio.o
                0x0000000000002cf2                GPIOIntStatus
 .text.GPIOIntClear
                0x0000000000002d00        0x6 ./driverlib/gpio.o
                0x0000000000002d00                GPIOIntClear
 .text.GPIOIntRegister
                0x0000000000002d06       0x18 ./driverlib/gpio.o
                0x0000000000002d06                GPIOIntRegister
 .text.GPIOIntUnregister
                0x0000000000002d1e       0x14 ./driverlib/gpio.o
                0x0000000000002d1e                GPIOIntUnregister
 .text.GPIOIntRegisterPin
                0x0000000000002d32       0x1c ./driverlib/gpio.o
                0x0000000000002d32                GPIOIntRegisterPin
 .text.GPIOIntUnregisterPin
                0x0000000000002d4e       0x18 ./driverlib/gpio.o
                0x0000000000002d4e                GPIOIntUnregisterPin
 .text.GPIOPinRead
                0x0000000000002d66        0x6 ./driverlib/gpio.o
                0x0000000000002d66                GPIOPinRead
 .text.GPIOPinWrite
                0x0000000000002d6c        0x6 ./driverlib/gpio.o
                0x0000000000002d6c                GPIOPinWrite
 .text.GPIOPinTypeADC
                0x0000000000002d72       0x1a ./driverlib/gpio.o
                0x0000000000002d72                GPIOPinTypeADC
 .text.GPIOPinTypeCAN
                0x0000000000002d8c       0x1a ./driverlib/gpio.o
                0x0000000000002d8c                GPIOPinTypeCAN
 .text.GPIOPinTypeComparator
                0x0000000000002da6       0x1a ./driverlib/gpio.o
                0x0000000000002da6                GPIOPinTypeComparator
 .text.GPIOPinTypeComparatorOutput
                0x0000000000002dc0       0x1a ./driverlib/gpio.o
                0x0000000000002dc0                GPIOPinTypeComparatorOutput
 .text.GPIOPinTypeDIVSCLK
                0x0000000000002dda       0x1a ./driverlib/gpio.o
                0x0000000000002dda                GPIOPinTypeDIVSCLK
 .text.GPIOPinTypeEPI
                0x0000000000002df4       0x1a ./driverlib/gpio.o
                0x0000000000002df4                GPIOPinTypeEPI
 .text.GPIOPinTypeEthernetLED
                0x0000000000002e0e       0x1a ./driverlib/gpio.o
                0x0000000000002e0e                GPIOPinTypeEthernetLED
 .text.GPIOPinTypeEthernetMII
                0x0000000000002e28       0x1a ./driverlib/gpio.o
                0x0000000000002e28                GPIOPinTypeEthernetMII
 .text.GPIOPinTypeGPIOInput
                0x0000000000002e42       0x1a ./driverlib/gpio.o
                0x0000000000002e42                GPIOPinTypeGPIOInput
 .text.GPIOPinTypeGPIOOutput
                0x0000000000002e5c       0x1a ./driverlib/gpio.o
                0x0000000000002e5c                GPIOPinTypeGPIOOutput
 .text.GPIOPinTypeGPIOOutputOD
                0x0000000000002e76       0x1a ./driverlib/gpio.o
                0x0000000000002e76                GPIOPinTypeGPIOOutputOD
 .text.GPIOPinTypeHibernateRTCCLK
                0x0000000000002e90       0x1a ./driverlib/gpio.o
                0x0000000000002e90                GPIOPinTypeHibernateRTCCLK
 .text.GPIOPinTypeI2C
                0x0000000000002eaa       0x1a ./driverlib/gpio.o
                0x0000000000002eaa                GPIOPinTypeI2C
 .text.GPIOPinTypeI2CSCL
                0x0000000000002ec4       0x1a ./driverlib/gpio.o
                0x0000000000002ec4                GPIOPinTypeI2CSCL
 .text.GPIOPinTypeLCD
                0x0000000000002ede       0x1a ./driverlib/gpio.o
                0x0000000000002ede                GPIOPinTypeLCD
 .text.GPIOPinTypeOneWire
                0x0000000000002ef8       0x1a ./driverlib/gpio.o
                0x0000000000002ef8                GPIOPinTypeOneWire
 .text.GPIOPinTypePWM
                0x0000000000002f12       0x1a ./driverlib/gpio.o
                0x0000000000002f12                GPIOPinTypePWM
 .text.GPIOPinTypeQEI
                0x0000000000002f2c       0x1a ./driverlib/gpio.o
                0x0000000000002f2c                GPIOPinTypeQEI
 .text.GPIOPinTypeSSI
                0x0000000000002f46       0x1a ./driverlib/gpio.o
                0x0000000000002f46                GPIOPinTypeSSI
 .text.GPIOPinTypeTimer
                0x0000000000002f60       0x1a ./driverlib/gpio.o
                0x0000000000002f60                GPIOPinTypeTimer
 .text.GPIOPinTypeTrace
                0x0000000000002f7a       0x1a ./driverlib/gpio.o
                0x0000000000002f7a                GPIOPinTypeTrace
 .text.GPIOPinTypeUART
                0x0000000000002f94       0x1a ./driverlib/gpio.o
                0x0000000000002f94                GPIOPinTypeUART
 .text.GPIOPinTypeUSBAnalog
                0x0000000000002fae       0x1a ./driverlib/gpio.o
                0x0000000000002fae                GPIOPinTypeUSBAnalog
 .text.GPIOPinTypeUSBDigital
                0x0000000000002fc8       0x1a ./driverlib/gpio.o
                0x0000000000002fc8                GPIOPinTypeUSBDigital
 .text.GPIOPinTypeWakeHigh
                0x0000000000002fe2       0x1c ./driverlib/gpio.o
                0x0000000000002fe2                GPIOPinTypeWakeHigh
 .text.GPIOPinTypeWakeLow
                0x0000000000002ffe       0x1c ./driverlib/gpio.o
                0x0000000000002ffe                GPIOPinTypeWakeLow
 .text.GPIOPinWakeStatus
                0x000000000000301a        0x6 ./driverlib/gpio.o
                0x000000000000301a                GPIOPinWakeStatus
 .text.GPIOPinConfigure
                0x0000000000003020       0x50 ./driverlib/gpio.o
                0x0000000000003020                GPIOPinConfigure
 .text.GPIODMATriggerEnable
                0x0000000000003070        0xc ./driverlib/gpio.o
                0x0000000000003070                GPIODMATriggerEnable
 .text.GPIODMATriggerDisable
                0x000000000000307c        0xe ./driverlib/gpio.o
                0x000000000000307c                GPIODMATriggerDisable
 .text.GPIOADCTriggerEnable
                0x000000000000308a        0xc ./driverlib/gpio.o
                0x000000000000308a                GPIOADCTriggerEnable
 .text.GPIOADCTriggerDisable
                0x0000000000003096        0xe ./driverlib/gpio.o
                0x0000000000003096                GPIOADCTriggerDisable
 .text._HibernateWriteComplete
                0x00000000000030a4       0x10 ./driverlib/hibernate.o
 .text._HibernateIntNumberGet
                0x00000000000030b4       0x24 ./driverlib/hibernate.o
 .text._HibernateCalendarSet
                0x00000000000030d8       0xe8 ./driverlib/hibernate.o
 .text.HibernateEnableExpClk
                0x00000000000031c0       0x18 ./driverlib/hibernate.o
                0x00000000000031c0                HibernateEnableExpClk
 .text.HibernateDisable
                0x00000000000031d8       0x18 ./driverlib/hibernate.o
                0x00000000000031d8                HibernateDisable
 .text.HibernateClockConfig
                0x00000000000031f0       0x54 ./driverlib/hibernate.o
                0x00000000000031f0                HibernateClockConfig
 .text.HibernateRTCEnable
                0x0000000000003244       0x18 ./driverlib/hibernate.o
                0x0000000000003244                HibernateRTCEnable
 .text.HibernateRTCDisable
                0x000000000000325c       0x18 ./driverlib/hibernate.o
                0x000000000000325c                HibernateRTCDisable
 .text.HibernateBatCheckStart
                0x0000000000003274       0x18 ./driverlib/hibernate.o
                0x0000000000003274                HibernateBatCheckStart
 .text.HibernateBatCheckDone
                0x000000000000328c       0x10 ./driverlib/hibernate.o
                0x000000000000328c                HibernateBatCheckDone
 .text.HibernateWakeSet
                0x000000000000329c       0x78 ./driverlib/hibernate.o
                0x000000000000329c                HibernateWakeSet
 .text.HibernateWakeGet
                0x0000000000003314       0x40 ./driverlib/hibernate.o
                0x0000000000003314                HibernateWakeGet
 .text.HibernateLowBatSet
                0x0000000000003354       0x1c ./driverlib/hibernate.o
                0x0000000000003354                HibernateLowBatSet
 .text.HibernateLowBatGet
                0x0000000000003370       0x18 ./driverlib/hibernate.o
                0x0000000000003370                HibernateLowBatGet
 .text.HibernateRTCSet
                0x0000000000003388       0x2c ./driverlib/hibernate.o
                0x0000000000003388                HibernateRTCSet
 .text.HibernateRTCGet
                0x00000000000033b4        0xc ./driverlib/hibernate.o
                0x00000000000033b4                HibernateRTCGet
 .text.HibernateRTCMatchSet
                0x00000000000033c0       0x10 ./driverlib/hibernate.o
                0x00000000000033c0                HibernateRTCMatchSet
 .text.HibernateRTCMatchGet
                0x00000000000033d0        0xc ./driverlib/hibernate.o
                0x00000000000033d0                HibernateRTCMatchGet
 .text.HibernateRTCSSMatchSet
                0x00000000000033dc       0x14 ./driverlib/hibernate.o
                0x00000000000033dc                HibernateRTCSSMatchSet
 .text.HibernateRTCSSMatchGet
                0x00000000000033f0        0xc ./driverlib/hibernate.o
                0x00000000000033f0                HibernateRTCSSMatchGet
 .text.HibernateRTCSSGet
                0x00000000000033fc       0x10 ./driverlib/hibernate.o
                0x00000000000033fc                HibernateRTCSSGet
 .text.HibernateRTCTrimSet
                0x000000000000340c       0x10 ./driverlib/hibernate.o
                0x000000000000340c                HibernateRTCTrimSet
 .text.HibernateRTCTrimGet
                0x000000000000341c        0xc ./driverlib/hibernate.o
                0x000000000000341c                HibernateRTCTrimGet
 .text.HibernateDataSet
                0x0000000000003428       0x28 ./driverlib/hibernate.o
                0x0000000000003428                HibernateDataSet
 .text.HibernateDataGet
                0x0000000000003450       0x1c ./driverlib/hibernate.o
                0x0000000000003450                HibernateDataGet
 .text.HibernateRequest
                0x000000000000346c       0x18 ./driverlib/hibernate.o
                0x000000000000346c                HibernateRequest
 .text.HibernateIntEnable
                0x0000000000003484       0x14 ./driverlib/hibernate.o
                0x0000000000003484                HibernateIntEnable
 .text.HibernateIntDisable
                0x0000000000003498       0x18 ./driverlib/hibernate.o
                0x0000000000003498                HibernateIntDisable
 .text.HibernateIntRegister
                0x00000000000034b0       0x18 ./driverlib/hibernate.o
                0x00000000000034b0                HibernateIntRegister
 .text.HibernateIntUnregister
                0x00000000000034c8       0x14 ./driverlib/hibernate.o
                0x00000000000034c8                HibernateIntUnregister
 .text.HibernateIntStatus
                0x00000000000034dc       0x18 ./driverlib/hibernate.o
                0x00000000000034dc                HibernateIntStatus
 .text.HibernateIntClear
                0x00000000000034f4       0x14 ./driverlib/hibernate.o
                0x00000000000034f4                HibernateIntClear
 .text.HibernateIsActive
                0x0000000000003508       0x10 ./driverlib/hibernate.o
                0x0000000000003508                HibernateIsActive
 .text.HibernateGPIORetentionEnable
                0x0000000000003518       0x1c ./driverlib/hibernate.o
                0x0000000000003518                HibernateGPIORetentionEnable
 .text.HibernateGPIORetentionDisable
                0x0000000000003534       0x1c ./driverlib/hibernate.o
                0x0000000000003534                HibernateGPIORetentionDisable
 .text.HibernateGPIORetentionGet
                0x0000000000003550       0x1c ./driverlib/hibernate.o
                0x0000000000003550                HibernateGPIORetentionGet
 .text.HibernateCounterMode
                0x000000000000356c       0x10 ./driverlib/hibernate.o
                0x000000000000356c                HibernateCounterMode
 .text.HibernateCalendarSet
                0x000000000000357c       0x10 ./driverlib/hibernate.o
                0x000000000000357c                HibernateCalendarSet
 .text.HibernateCalendarGet
                0x000000000000358c       0x80 ./driverlib/hibernate.o
                0x000000000000358c                HibernateCalendarGet
 .text.HibernateCalendarMatchSet
                0x000000000000360c       0x10 ./driverlib/hibernate.o
                0x000000000000360c                HibernateCalendarMatchSet
 .text.HibernateCalendarMatchGet
                0x000000000000361c       0x7c ./driverlib/hibernate.o
                0x000000000000361c                HibernateCalendarMatchGet
 .text.HibernateTamperEventsConfig
                0x0000000000003698       0x34 ./driverlib/hibernate.o
                0x0000000000003698                HibernateTamperEventsConfig
 .text.HibernateTamperEnable
                0x00000000000036cc       0x30 ./driverlib/hibernate.o
                0x00000000000036cc                HibernateTamperEnable
 .text.HibernateTamperDisable
                0x00000000000036fc       0x30 ./driverlib/hibernate.o
                0x00000000000036fc                HibernateTamperDisable
 .text.HibernateTamperIOEnable
                0x000000000000372c       0x40 ./driverlib/hibernate.o
                0x000000000000372c                HibernateTamperIOEnable
 .text.HibernateTamperIODisable
                0x000000000000376c       0x3c ./driverlib/hibernate.o
                0x000000000000376c                HibernateTamperIODisable
 .text.HibernateTamperEventsClear
                0x00000000000037a8       0x30 ./driverlib/hibernate.o
                0x00000000000037a8                HibernateTamperEventsClear
 .text.HibernateTamperEventsClearNoLock
                0x00000000000037d8       0x18 ./driverlib/hibernate.o
                0x00000000000037d8                HibernateTamperEventsClearNoLock
 .text.HibernateTamperUnLock
                0x00000000000037f0       0x18 ./driverlib/hibernate.o
                0x00000000000037f0                HibernateTamperUnLock
 .text.HibernateTamperLock
                0x0000000000003808       0x18 ./driverlib/hibernate.o
                0x0000000000003808                HibernateTamperLock
 .text.HibernateTamperStatusGet
                0x0000000000003820       0x3c ./driverlib/hibernate.o
                0x0000000000003820                HibernateTamperStatusGet
 .text.HibernateTamperEventsGet
                0x000000000000385c       0x5c ./driverlib/hibernate.o
                0x000000000000385c                HibernateTamperEventsGet
 .text.HibernateTamperExtOscRecover
                0x00000000000038b8       0x30 ./driverlib/hibernate.o
                0x00000000000038b8                HibernateTamperExtOscRecover
 .text.HibernateTamperExtOscValid
                0x00000000000038e8       0x14 ./driverlib/hibernate.o
                0x00000000000038e8                HibernateTamperExtOscValid
 .text._I2CIntNumberGet
                0x00000000000038fc       0x50 ./driverlib/i2c.o
 .text.I2CSlaveAddressSet
                0x000000000000394c       0x18 ./driverlib/i2c.o
                0x000000000000394c                I2CSlaveAddressSet
 .text.I2CMasterEnable
                0x0000000000003964        0xa ./driverlib/i2c.o
                0x0000000000003964                I2CMasterEnable
 *fill*         0x000000000000396e        0x2 
 .text.I2CMasterInitExpClk
                0x0000000000003970       0x58 ./driverlib/i2c.o
                0x0000000000003970                I2CMasterInitExpClk
 .text.I2CSlaveEnable
                0x00000000000039c8       0x10 ./driverlib/i2c.o
                0x00000000000039c8                I2CSlaveEnable
 .text.I2CSlaveInit
                0x00000000000039d8       0x10 ./driverlib/i2c.o
                0x00000000000039d8                I2CSlaveInit
 .text.I2CMasterDisable
                0x00000000000039e8        0xa ./driverlib/i2c.o
                0x00000000000039e8                I2CMasterDisable
 .text.I2CSlaveDisable
                0x00000000000039f2       0x10 ./driverlib/i2c.o
                0x00000000000039f2                I2CSlaveDisable
 .text.I2CIntRegister
                0x0000000000003a02       0x18 ./driverlib/i2c.o
                0x0000000000003a02                I2CIntRegister
 .text.I2CIntUnregister
                0x0000000000003a1a       0x14 ./driverlib/i2c.o
                0x0000000000003a1a                I2CIntUnregister
 .text.I2CMasterIntEnable
                0x0000000000003a2e        0x6 ./driverlib/i2c.o
                0x0000000000003a2e                I2CMasterIntEnable
 .text.I2CMasterIntEnableEx
                0x0000000000003a34        0x8 ./driverlib/i2c.o
                0x0000000000003a34                I2CMasterIntEnableEx
 .text.I2CSlaveIntEnable
                0x0000000000003a3c        0xe ./driverlib/i2c.o
                0x0000000000003a3c                I2CSlaveIntEnable
 .text.I2CSlaveIntEnableEx
                0x0000000000003a4a        0xc ./driverlib/i2c.o
                0x0000000000003a4a                I2CSlaveIntEnableEx
 .text.I2CMasterIntDisable
                0x0000000000003a56        0x6 ./driverlib/i2c.o
                0x0000000000003a56                I2CMasterIntDisable
 .text.I2CMasterIntDisableEx
                0x0000000000003a5c        0xa ./driverlib/i2c.o
                0x0000000000003a5c                I2CMasterIntDisableEx
 .text.I2CSlaveIntDisable
                0x0000000000003a66        0xe ./driverlib/i2c.o
                0x0000000000003a66                I2CSlaveIntDisable
 .text.I2CSlaveIntDisableEx
                0x0000000000003a74        0xe ./driverlib/i2c.o
                0x0000000000003a74                I2CSlaveIntDisableEx
 .text.I2CMasterIntStatus
                0x0000000000003a82       0x16 ./driverlib/i2c.o
                0x0000000000003a82                I2CMasterIntStatus
 .text.I2CMasterIntStatusEx
                0x0000000000003a98        0xa ./driverlib/i2c.o
                0x0000000000003a98                I2CMasterIntStatusEx
 .text.I2CSlaveIntStatus
                0x0000000000003aa2       0x1a ./driverlib/i2c.o
                0x0000000000003aa2                I2CSlaveIntStatus
 .text.I2CSlaveIntStatusEx
                0x0000000000003abc        0xe ./driverlib/i2c.o
                0x0000000000003abc                I2CSlaveIntStatusEx
 .text.I2CMasterIntClear
                0x0000000000003aca        0x8 ./driverlib/i2c.o
                0x0000000000003aca                I2CMasterIntClear
 .text.I2CMasterIntClearEx
                0x0000000000003ad2        0x4 ./driverlib/i2c.o
                0x0000000000003ad2                I2CMasterIntClearEx
 .text.I2CSlaveIntClear
                0x0000000000003ad6        0x8 ./driverlib/i2c.o
                0x0000000000003ad6                I2CSlaveIntClear
 .text.I2CSlaveIntClearEx
                0x0000000000003ade        0x6 ./driverlib/i2c.o
                0x0000000000003ade                I2CSlaveIntClearEx
 .text.I2CMasterSlaveAddrSet
                0x0000000000003ae4        0x8 ./driverlib/i2c.o
                0x0000000000003ae4                I2CMasterSlaveAddrSet
 .text.I2CMasterLineStateGet
                0x0000000000003aec        0x4 ./driverlib/i2c.o
                0x0000000000003aec                I2CMasterLineStateGet
 .text.I2CMasterBusy
                0x0000000000003af0       0x10 ./driverlib/i2c.o
                0x0000000000003af0                I2CMasterBusy
 .text.I2CMasterBusBusy
                0x0000000000003b00       0x10 ./driverlib/i2c.o
                0x0000000000003b00                I2CMasterBusBusy
 .text.I2CMasterControl
                0x0000000000003b10        0x4 ./driverlib/i2c.o
                0x0000000000003b10                I2CMasterControl
 .text.I2CMasterErr
                0x0000000000003b14       0x18 ./driverlib/i2c.o
                0x0000000000003b14                I2CMasterErr
 .text.I2CMasterDataPut
                0x0000000000003b2c        0x4 ./driverlib/i2c.o
                0x0000000000003b2c                I2CMasterDataPut
 .text.I2CMasterDataGet
                0x0000000000003b30        0x4 ./driverlib/i2c.o
                0x0000000000003b30                I2CMasterDataGet
 .text.I2CMasterTimeoutSet
                0x0000000000003b34        0x4 ./driverlib/i2c.o
                0x0000000000003b34                I2CMasterTimeoutSet
 .text.I2CSlaveACKOverride
                0x0000000000003b38       0x1e ./driverlib/i2c.o
                0x0000000000003b38                I2CSlaveACKOverride
 .text.I2CSlaveACKValueSet
                0x0000000000003b56       0x1e ./driverlib/i2c.o
                0x0000000000003b56                I2CSlaveACKValueSet
 .text.I2CSlaveStatus
                0x0000000000003b74        0x6 ./driverlib/i2c.o
                0x0000000000003b74                I2CSlaveStatus
 .text.I2CSlaveDataPut
                0x0000000000003b7a        0x6 ./driverlib/i2c.o
                0x0000000000003b7a                I2CSlaveDataPut
 .text.I2CSlaveDataGet
                0x0000000000003b80        0x6 ./driverlib/i2c.o
                0x0000000000003b80                I2CSlaveDataGet
 .text.I2CTxFIFOConfigSet
                0x0000000000003b86       0x18 ./driverlib/i2c.o
                0x0000000000003b86                I2CTxFIFOConfigSet
 .text.I2CTxFIFOFlush
                0x0000000000003b9e        0xe ./driverlib/i2c.o
                0x0000000000003b9e                I2CTxFIFOFlush
 .text.I2CRxFIFOConfigSet
                0x0000000000003bac       0x16 ./driverlib/i2c.o
                0x0000000000003bac                I2CRxFIFOConfigSet
 .text.I2CRxFIFOFlush
                0x0000000000003bc2        0xe ./driverlib/i2c.o
                0x0000000000003bc2                I2CRxFIFOFlush
 .text.I2CFIFOStatus
                0x0000000000003bd0        0x6 ./driverlib/i2c.o
                0x0000000000003bd0                I2CFIFOStatus
 .text.I2CFIFODataPut
                0x0000000000003bd6       0x10 ./driverlib/i2c.o
                0x0000000000003bd6                I2CFIFODataPut
 .text.I2CFIFODataPutNonBlocking
                0x0000000000003be6       0x16 ./driverlib/i2c.o
                0x0000000000003be6                I2CFIFODataPutNonBlocking
 .text.I2CFIFODataGet
                0x0000000000003bfc       0x10 ./driverlib/i2c.o
                0x0000000000003bfc                I2CFIFODataGet
 .text.I2CFIFODataGetNonBlocking
                0x0000000000003c0c       0x18 ./driverlib/i2c.o
                0x0000000000003c0c                I2CFIFODataGetNonBlocking
 .text.I2CMasterBurstLengthSet
                0x0000000000003c24        0x4 ./driverlib/i2c.o
                0x0000000000003c24                I2CMasterBurstLengthSet
 .text.I2CMasterBurstCountGet
                0x0000000000003c28        0x4 ./driverlib/i2c.o
                0x0000000000003c28                I2CMasterBurstCountGet
 .text.I2CMasterGlitchFilterConfigSet
                0x0000000000003c2c       0x48 ./driverlib/i2c.o
                0x0000000000003c2c                I2CMasterGlitchFilterConfigSet
 .text.I2CSlaveFIFOEnable
                0x0000000000003c74        0xa ./driverlib/i2c.o
                0x0000000000003c74                I2CSlaveFIFOEnable
 .text.I2CSlaveFIFODisable
                0x0000000000003c7e        0x8 ./driverlib/i2c.o
                0x0000000000003c7e                I2CSlaveFIFODisable
 .text.I2CLoopbackEnable
                0x0000000000003c86        0xa ./driverlib/i2c.o
                0x0000000000003c86                I2CLoopbackEnable
 .text._IntDefaultHandler
                0x0000000000003c90        0x2 ./driverlib/interrupt.o
 .text.IntMasterEnable
                0x0000000000003c92        0xe ./driverlib/interrupt.o
                0x0000000000003c92                IntMasterEnable
 .text.IntMasterDisable
                0x0000000000003ca0        0xe ./driverlib/interrupt.o
                0x0000000000003ca0                IntMasterDisable
 *fill*         0x0000000000003cae        0x2 
 .text.IntRegister
                0x0000000000003cb0       0x3c ./driverlib/interrupt.o
                0x0000000000003cb0                IntRegister
 .text.IntUnregister