Archive member included to satisfy reference by file (symbol)

/home/islam/ti/ccs1011/ccs/tools/compiler/gcc-arm-none-eabi-9-2019-q4-major/bin/../lib/gcc/arm-none-eabi/9.2.1/../../../../arm-none-eabi/lib/thumb/v7e-m+fp/hard/libg.a(lib_a-exit.o)
                              /home/islam/ti/ccs1011/ccs/tools/compiler/gcc-arm-none-eabi-9-2019-q4-major/bin/../lib/gcc/arm-none-eabi/9.2.1/../../../../arm-none-eabi/lib/thumb/v7e-m+fp/hard/crt0.o (exit)
/home/islam/ti/ccs1011/ccs/tools/compiler/gcc-arm-none-eabi-9-2019-q4-major/bin/../lib/gcc/arm-none-eabi/9.2.1/../../../../arm-none-eabi/lib/thumb/v7e-m+fp/hard/libg.a(lib_a-impure.o)
                              /home/islam/ti/ccs1011/ccs/tools/compiler/gcc-arm-none-eabi-9-2019-q4-major/bin/../lib/gcc/arm-none-eabi/9.2.1/../../../../arm-none-eabi/lib/thumb/v7e-m+fp/hard/libg.a(lib_a-exit.o) (_global_impure_ptr)
/home/islam/ti/ccs1011/ccs/tools/compiler/gcc-arm-none-eabi-9-2019-q4-major/bin/../lib/gcc/arm-none-eabi/9.2.1/../../../../arm-none-eabi/lib/thumb/v7e-m+fp/hard/libg.a(lib_a-init.o)
                              /home/islam/ti/ccs1011/ccs/tools/compiler/gcc-arm-none-eabi-9-2019-q4-major/bin/../lib/gcc/arm-none-eabi/9.2.1/../../../../arm-none-eabi/lib/thumb/v7e-m+fp/hard/crt0.o (__libc_init_array)
/home/islam/ti/ccs1011/ccs/tools/compiler/gcc-arm-none-eabi-9-2019-q4-major/bin/../lib/gcc/arm-none-eabi/9.2.1/../../../../arm-none-eabi/lib/thumb/v7e-m+fp/hard/libg.a(lib_a-memcpy.o)
                              ./third_party/uip/uip/psock.o (memcpy)
/home/islam/ti/ccs1011/ccs/tools/compiler/gcc-arm-none-eabi-9-2019-q4-major/bin/../lib/gcc/arm-none-eabi/9.2.1/../../../../arm-none-eabi/lib/thumb/v7e-m+fp/hard/libg.a(lib_a-memset.o)
                              /home/islam/ti/ccs1011/ccs/tools/compiler/gcc-arm-none-eabi-9-2019-q4-major/bin/../lib/gcc/arm-none-eabi/9.2.1/../../../../arm-none-eabi/lib/thumb/v7e-m+fp/hard/crt0.o (memset)
/home/islam/ti/ccs1011/ccs/tools/compiler/gcc-arm-none-eabi-9-2019-q4-major/bin/../lib/gcc/arm-none-eabi/9.2.1/../../../../arm-none-eabi/lib/thumb/v7e-m+fp/hard/libg.a(lib_a-printf.o)
                              ./third_party/uip/uip/uip-neighbor.o (printf)
/home/islam/ti/ccs1011/ccs/tools/compiler/gcc-arm-none-eabi-9-2019-q4-major/bin/../lib/gcc/arm-none-eabi/9.2.1/../../../../arm-none-eabi/lib/thumb/v7e-m+fp/hard/libg.a(lib_a-puts.o)
                              ./third_party/uip/uip/psock.o (puts)
/home/islam/ti/ccs1011/ccs/tools/compiler/gcc-arm-none-eabi-9-2019-q4-major/bin/../lib/gcc/arm-none-eabi/9.2.1/../../../../arm-none-eabi/lib/thumb/v7e-m+fp/hard/libg.a(lib_a-strlen.o)
                              /home/islam/ti/ccs1011/ccs/tools/compiler/gcc-arm-none-eabi-9-2019-q4-major/bin/../lib/gcc/arm-none-eabi/9.2.1/../../../../arm-none-eabi/lib/thumb/v7e-m+fp/hard/libg.a(lib_a-puts.o) (strlen)
/home/islam/ti/ccs1011/ccs/tools/compiler/gcc-arm-none-eabi-9-2019-q4-major/bin/../lib/gcc/arm-none-eabi/9.2.1/../../../../arm-none-eabi/lib/thumb/v7e-m+fp/hard/libg.a(lib_a-vfprintf.o)
                              /home/islam/ti/ccs1011/ccs/tools/compiler/gcc-arm-none-eabi-9-2019-q4-major/bin/../lib/gcc/arm-none-eabi/9.2.1/../../../../arm-none-eabi/lib/thumb/v7e-m+fp/hard/libg.a(lib_a-printf.o) (_vfprintf_r)
/home/islam/ti/ccs1011/ccs/tools/compiler/gcc-arm-none-eabi-9-2019-q4-major/bin/../lib/gcc/arm-none-eabi/9.2.1/../../../../arm-none-eabi/lib/thumb/v7e-m+fp/hard/libg.a(lib_a-wsetup.o)
                              /home/islam/ti/ccs1011/ccs/tools/compiler/gcc-arm-none-eabi-9-2019-q4-major/bin/../lib/gcc/arm-none-eabi/9.2.1/../../../../arm-none-eabi/lib/thumb/v7e-m+fp/hard/libg.a(lib_a-vfprintf.o) (__swsetup_r)
/home/islam/ti/ccs1011/ccs/tools/compiler/gcc-arm-none-eabi-9-2019-q4-major/bin/../lib/gcc/arm-none-eabi/9.2.1/../../../../arm-none-eabi/lib/thumb/v7e-m+fp/hard/libg.a(lib_a-__call_atexit.o)
                              /home/islam/ti/ccs1011/ccs/tools/compiler/gcc-arm-none-eabi-9-2019-q4-major/bin/../lib/gcc/arm-none-eabi/9.2.1/../../../../arm-none-eabi/lib/thumb/v7e-m+fp/hard/libg.a(lib_a-exit.o) (__call_exitprocs)
/home/islam/ti/ccs1011/ccs/tools/compiler/gcc-arm-none-eabi-9-2019-q4-major/bin/../lib/gcc/arm-none-eabi/9.2.1/../../../../arm-none-eabi/lib/thumb/v7e-m+fp/hard/libg.a(lib_a-atexit.o)
                              /home/islam/ti/ccs1011/ccs/tools/compiler/gcc-arm-none-eabi-9-2019-q4-major/bin/../lib/gcc/arm-none-eabi/9.2.1/../../../../arm-none-eabi/lib/thumb/v7e-m+fp/hard/libg.a(lib_a-__call_atexit.o) (atexit)
/home/islam/ti/ccs1011/ccs/tools/compiler/gcc-arm-none-eabi-9-2019-q4-major/bin/../lib/gcc/arm-none-eabi/9.2.1/../../../../arm-none-eabi/lib/thumb/v7e-m+fp/hard/libg.a(lib_a-dtoa.o)
                              /home/islam/ti/ccs1011/ccs/tools/compiler/gcc-arm-none-eabi-9-2019-q4-major/bin/../lib/gcc/arm-none-eabi/9.2.1/../../../../arm-none-eabi/lib/thumb/v7e-m+fp/hard/libg.a(lib_a-vfprintf.o) (_dtoa_r)
[...]
Memory Configuration

Name             Origin             Length             Attributes
FLASH            0x0000000000000000 0x0000000000100000 xr
SRAM             0x0000000020000000 0x0000000000040000 xw
*default*        0x0000000000000000 0xffffffffffffffff

Linker script and memory map

LOAD /home/islam/ti/ccs1011/ccs/tools/compiler/gcc-arm-none-eabi-9-2019-q4-major/bin/../lib/gcc/arm-none-eabi/9.2.1/thumb/v7e-m+fp/hard/crti.o
LOAD /home/islam/ti/ccs1011/ccs/tools/compiler/gcc-arm-none-eabi-9-2019-q4-major/bin/../lib/gcc/arm-none-eabi/9.2.1/thumb/v7e-m+fp/hard/crtbegin.o
LOAD /home/islam/ti/ccs1011/ccs/tools/compiler/gcc-arm-none-eabi-9-2019-q4-major/bin/../lib/gcc/arm-none-eabi/9.2.1/../../../../arm-none-eabi/lib/thumb/v7e-m+fp/hard/crt0.o
LOAD ./driverlib/adc.o
LOAD ./driverlib/aes.o
LOAD ./driverlib/can.o
LOAD ./driverlib/comp.o
LOAD ./driverlib/cpu.o
LOAD ./driverlib/crc.o
LOAD ./driverlib/des.o
LOAD ./driverlib/eeprom.o
LOAD ./driverlib/emac.o
LOAD ./driverlib/epi.o
LOAD ./driverlib/flash.o
LOAD ./driverlib/fpu.o
LOAD ./driverlib/gpio.o
LOAD ./driverlib/hibernate.o
LOAD ./driverlib/i2c.o
LOAD ./driverlib/interrupt.o
LOAD ./driverlib/lcd.o
LOAD ./driverlib/mpu.o
LOAD ./driverlib/onewire.o
LOAD ./driverlib/pwm.o
LOAD ./driverlib/qei.o
LOAD ./driverlib/shamd5.o
LOAD ./driverlib/ssi.o
LOAD ./driverlib/sw_crc.o
LOAD ./driverlib/sysctl.o
LOAD ./driverlib/sysexc.o
LOAD ./driverlib/systick.o
LOAD ./driverlib/timer.o
LOAD ./driverlib/uart.o
LOAD ./driverlib/udma.o
LOAD ./driverlib/usb.o
LOAD ./driverlib/watchdog.o
LOAD ./src/bsp.o
LOAD ./src/logger.o
LOAD ./src/main.o
LOAD ./src/ring-buffer.o
LOAD ./src/tm4c1294ncpdt_startup_ccs_gcc.o
LOAD ./third_party/uip/lib/memb.o
LOAD ./third_party/uip/uip/psock.o
LOAD ./third_party/uip/uip/timer.o
LOAD ./third_party/uip/uip/uip-fw.o
LOAD ./third_party/uip/uip/uip-neighbor.o
LOAD ./third_party/uip/uip/uip.o
LOAD ./third_party/uip/uip/uip_arp.o
LOAD ./third_party/uip/uip/uiplib.o
                0x0000000000000400                STACK_SIZE = 0x400
                0x0000000000000000                HEAP_SIZE = 0x0
                0x0000000000000000                PROVIDE (_intvecs_base_address = 0x0)

.intvecs        0x0000000000000000      0x208
 *(.intvecs)
 .intvecs       0x0000000000000000      0x208 ./src/tm4c1294ncpdt_startup_ccs_gcc.o
                0x0000000000000000                g_pfnVectors
                0x0000000020000000                PROVIDE (_vtable_base_address = 0x20000000)

.vtable
 *(.vtable)

.text           0x0000000000000240    0x11584
 CREATE_OBJECT_SYMBOLS
 *(.text)
 .text          0x0000000000000240        0x0 /home/islam/ti/ccs1011/ccs/tools/compiler/gcc-arm-none-eabi-9-2019-q4-major/bin/../lib/gcc/arm-none-eabi/9.2.1/thumb/v7e-m+fp/hard/crti.o
 .text          0x0000000000000240       0x40 /home/islam/ti/ccs1011/ccs/tools/compiler/gcc-arm-none-eabi-9-2019-q4-major/bin/../lib/gcc/arm-none-eabi/9.2.1/thumb/v7e-m+fp/hard/crtbegin.o
 .text          0x0000000000000280       0x74 /home/islam/ti/ccs1011/ccs/tools/compiler/gcc-arm-none-eabi-9-2019-q4-major/bin/../lib/gcc/arm-none-eabi/9.2.1/../../../../arm-none-eabi/lib/thumb/v7e-m+fp/hard/crt0.o
                0x0000000000000280                _mainCRTStartup
                0x0000000000000280                _start
 .text          0x00000000000002f4        0x0 ./driverlib/adc.o
 .text          0x00000000000002f4        0x0 ./driverlib/aes.o
 .text          0x00000000000002f4        0x0 ./driverlib/can.o
 .text          0x00000000000002f4        0x0 ./driverlib/comp.o
 .text          0x00000000000002f4        0x0 ./driverlib/cpu.o
 .text          0x00000000000002f4        0x0 ./driverlib/crc.o
 .text          0x00000000000002f4        0x0 ./driverlib/des.o
 .text          0x00000000000002f4        0x0 ./driverlib/eeprom.o
 .text          0x00000000000002f4        0x0 ./driverlib/emac.o
 .text          0x00000000000002f4        0x0 ./driverlib/epi.o
 .text          0x00000000000002f4        0x0 ./driverlib/flash.o
 .text          0x00000000000002f4        0x0 ./driverlib/fpu.o
 .text          0x00000000000002f4        0x0 ./driverlib/gpio.o
 .text          0x00000000000002f4        0x0 ./driverlib/hibernate.o
 .text          0x00000000000002f4        0x0 ./driverlib/i2c.o
 .text          0x00000000000002f4        0x0 ./driverlib/interrupt.o
 .text          0x00000000000002f4        0x0 ./driverlib/lcd.o
 .text          0x00000000000002f4        0x0 ./driverlib/mpu.o
 .text          0x00000000000002f4        0x0 ./driverlib/onewire.o
 .text          0x00000000000002f4        0x0 ./driverlib/pwm.o
 .text          0x00000000000002f4        0x0 ./driverlib/qei.o
 .text          0x00000000000002f4        0x0 ./driverlib/shamd5.o
 .text          0x00000000000002f4        0x0 ./driverlib/ssi.o
 .text          0x00000000000002f4        0x0 ./driverlib/sw_crc.o
 .text          0x00000000000002f4        0x0 ./driverlib/sysctl.o
 .text          0x00000000000002f4        0x0 ./driverlib/sysexc.o
 .text          0x00000000000002f4        0x0 ./driverlib/systick.o
 .text          0x00000000000002f4        0x0 ./driverlib/timer.o
 .text          0x00000000000002f4        0x0 ./driverlib/uart.o
 .text          0x00000000000002f4        0x0 ./driverlib/udma.o
 .text          0x00000000000002f4        0x0 ./driverlib/usb.o
 .text          0x00000000000002f4        0x0 ./driverlib/watchdog.o
 .text          0x00000000000002f4        0x0 ./src/bsp.o
 .text          0x00000000000002f4        0x0 ./src/logger.o
 .text          0x00000000000002f4        0x0 ./src/main.o
 .text          0x00000000000002f4        0x0 ./src/ring-buffer.o
 .text          0x00000000000002f4        0x0 ./src/tm4c1294ncpdt_startup_ccs_gcc.o
 .text          0x00000000000002f4        0x0 ./third_party/uip/lib/memb.o
 .text          0x00000000000002f4        0x0 ./third_party/uip/uip/psock.o
 .text          0x00000000000002f4        0x0 ./third_party/uip/uip/timer.o
 .text          0x00000000000002f4        0x0 ./third_party/uip/uip/uip-fw.o
 .text          0x00000000000002f4        0x0 ./third_party/uip/uip/uip-neighbor.o
 .text          0x00000000000002f4        0x0 ./third_party/uip/uip/uip.o
 .text          0x00000000000002f4        0x0 ./third_party/uip/uip/uip_arp.o
 .text          0x00000000000002f4        0x0 ./third_party/uip/uip/uiplib.o
 .text          0x00000000000002f4        0x0 /home/islam/ti/ccs1011/ccs/tools/compiler/gcc-arm-none-eabi-9-2019-q4-major/bin/../lib/gcc/arm-none-eabi/9.2.1/../../../../arm-none-eabi/lib/thumb/v7e-m+fp/hard/libg.a(lib_a-exit.o)
 .text          0x00000000000002f4        0x0 /home/islam/ti/ccs1011/ccs/tools/compiler/gcc-arm-none-eabi-9-2019-q4-major/bin/../lib/gcc/arm-none-eabi/9.2.1/../../../../arm-none-eabi/lib/thumb/v7e-m+fp/hard/libg.a(lib_a-impure.o)
 .text          0x00000000000002f4        0x0 /home/islam/ti/ccs1011/ccs/tools/compiler/gcc-arm-none-eabi-9-2019-q4-major/bin/../lib/gcc/arm-none-eabi/9.2.1/../../../../arm-none-eabi/lib/thumb/v7e-m+fp/hard/libg.a(lib_a-init.o)
 .text          0x00000000000002f4      0x134 /home/islam/ti/ccs1011/ccs/tools/compiler/gcc-arm-none-eabi-9-2019-q4-major/bin/../lib/gcc/arm-none-eabi/9.2.1/../../../../arm-none-eabi/lib/thumb/v7e-m+fp/hard/libg.a(lib_a-memcpy.o)
                0x00000000000002f4                memcpy
 .text          0x0000000000000428        0x0 /home/islam/ti/ccs1011/ccs/tools/compiler/gcc-arm-none-eabi-9-2019-q4-major/bin/../lib/gcc/arm-none-eabi/9.2.1/../../../../arm-none-eabi/lib/thumb/v7e-m+fp/hard/libg.a(lib_a-memset.o)
 .text          0x0000000000000428        0x0 /home/islam/ti/ccs1011/ccs/tools/compiler/gcc-arm-none-eabi-9-2019-q4-major/bin/../lib/gcc/arm-none-eabi/9.2.1/../../../../arm-none-eabi/lib/thumb/v7e-m+fp/hard/libg.a(lib_a-printf.o)
 .text          0x0000000000000428        0x0 /home/islam/ti/ccs1011/ccs/tools/compiler/gcc-arm-none-eabi-9-2019-q4-major/bin/../lib/gcc/arm-none-eabi/9.2.1/../../../../arm-none-eabi/lib/thumb/v7e-m+fp/hard/libg.a(lib_a-puts.o)
 *fill*         0x0000000000000428       0x18 
 .text          0x0000000000000440       0xdc /home/islam/ti/ccs1011/ccs/tools/compiler/gcc-arm-none-eabi-9-2019-q4-major/bin/../lib/gcc/arm-none-eabi/9.2.1/../../../../arm-none-eabi/lib/thumb/v7e-m+fp/hard/libg.a(lib_a-strlen.o)
                0x0000000000000440                strlen
 .text          0x000000000000051c        0x0 /home/islam/ti/ccs1011/ccs/tools/compiler/gcc-arm-none-eabi-9-2019-q4-major/bin/../lib/gcc/arm-none-eabi/9.2.1/../../../../arm-none-eabi/lib/thumb/v7e-m+fp/hard/libg.a(lib_a-vfprintf.o)
 .text          0x000000000000051c        0x0 /home/islam/ti/ccs1011/ccs/tools/compiler/gcc-arm-none-eabi-9-2019-q4-major/bin/../lib/gcc/arm-none-eabi/9.2.1/../../../../arm-none-eabi/lib/thumb/v7e-m+fp/hard/libg.a(lib_a-wsetup.o)
 .text          0x000000000000051c        0x0 /home/islam/ti/ccs1011/ccs/tools/compiler/gcc-arm-none-eabi-9-2019-q4-major/bin/../lib/gcc/arm-none-eabi/9.2.1/../../../../arm-none-eabi/lib/thumb/v7e-m+fp/hard/libg.a(lib_a-__call_atexit.o)
 .text          0x000000000000051c        0x0 /home/islam/ti/ccs1011/ccs/tools/compiler/gcc-arm-none-eabi-9-2019-q4-major/bin/../lib/gcc/arm-none-eabi/9.2.1/../../../../arm-none-eabi/lib/thumb/v7e-m+fp/hard/libg.a(lib_a-atexit.o)
 .text          0x000000000000051c        0x0 /home/islam/ti/ccs1011/ccs/tools/compiler/gcc-arm-none-eabi-9-2019-q4-major/bin/../lib/gcc/arm-none-eabi/9.2.1/../../../../arm-none-eabi/lib/thumb/v7e-m+fp/hard/libg.a(lib_a-dtoa.o)
 .text          0x000000000000051c        0x0 /home/islam/ti/ccs1011/ccs/tools/compiler/gcc-arm-none-eabi-9-2019-q4-major/bin/../lib/gcc/arm-none-eabi/9.2.1/../../../../arm-none-eabi/lib/thumb/v7e-m+fp/hard/libg.a(lib_a-fflush.o)
 .text          0x000000000000051c        0x0 /home/islam/ti/ccs1011/ccs/tools/compiler/gcc-arm-none-eabi-9-2019-q4-major/bin/../lib/gcc/arm-none-eabi/9.2.1/../../../../arm-none-eabi/lib/thumb/v7e-m+fp/hard/libg.a(lib_a-findfp.o)
 .text          0x000000000000051c        0x0 /home/islam/ti/ccs1011/ccs/tools/compiler/gcc-arm-none-eabi-9-2019-q4-major/bin/../lib/gcc/arm-none-eabi/9.2.1/../../../../arm-none-eabi/lib/thumb/v7e-m+fp/hard/libg.a(lib_a-fini.o)
 .text          0x000000000000051c        0x0 /home/islam/ti/ccs1011/ccs/tools/compiler/gcc-arm-none-eabi-9-2019-q4-major/bin/../lib/gcc/arm-none-eabi/9.2.1/../../../../arm-none-eabi/lib/thumb/v7e-m+fp/hard/libg.a(lib_a-freer.o)
 .text          0x000000000000051c        0x0 /home/islam/ti/ccs1011/ccs/tools/compiler/gcc-arm-none-eabi-9-2019-q4-major/bin/../lib/gcc/arm-none-eabi/9.2.1/../../../../arm-none-eabi/lib/thumb/v7e-m+fp/hard/libg.a(lib_a-fvwrite.o)
 .text          0x000000000000051c        0x0 /home/islam/ti/ccs1011/ccs/tools/compiler/gcc-arm-none-eabi-9-2019-q4-major/bin/../lib/gcc/arm-none-eabi/9.2.1/../../../../arm-none-eabi/lib/thumb/v7e-m+fp/hard/libg.a(lib_a-fwalk.o)
 .text          0x000000000000051c        0x0 /home/islam/ti/ccs1011/ccs/tools/compiler/gcc-arm-none-eabi-9-2019-q4-major/bin/../lib/gcc/arm-none-eabi/9.2.1/../../../../arm-none-eabi/lib/thumb/v7e-m+fp/hard/libg.a(lib_a-localeconv.o)
 .text          0x000000000000051c        0x0 /home/islam/ti/ccs1011/ccs/tools/compiler/gcc-arm-none-eabi-9-2019-q4-major/bin/../lib/gcc/arm-none-eabi/9.2.1/../../../../arm-none-eabi/lib/thumb/v7e-m+fp/hard/libg.a(lib_a-lock.o)
 .text          0x000000000000051c        0x0 /home/islam/ti/ccs1011/ccs/tools/compiler/gcc-arm-none-eabi-9-2019-q4-major/bin/../lib/gcc/arm-none-eabi/9.2.1/../../../../arm-none-eabi/lib/thumb/v7e-m+fp/hard/libg.a(lib_a-makebuf.o)
 .text          0x000000000000051c        0x0 /home/islam/ti/ccs1011/ccs/tools/compiler/gcc-arm-none-eabi-9-2019-q4-major/bin/../lib/gcc/arm-none-eabi/9.2.1/../../../../arm-none-eabi/lib/thumb/v7e-m+fp/hard/libg.a(lib_a-mallocr.o)
 *fill*         0x000000000000051c        0x4 
 .text          0x0000000000000520       0xa0 /home/islam/ti/ccs1011/ccs/tools/compiler/gcc-arm-none-eabi-9-2019-q4-major/bin/../lib/gcc/arm-none-eabi/9.2.1/../../../../arm-none-eabi/lib/thumb/v7e-m+fp/hard/libg.a(lib_a-memchr.o)
                0x0000000000000520                memchr
 .text          0x00000000000005c0        0x0 /home/islam/ti/ccs1011/ccs/tools/compiler/gcc-arm-none-eabi-9-2019-q4-major/bin/../lib/gcc/arm-none-eabi/9.2.1/../../../../arm-none-eabi/lib/thumb/v7e-m+fp/hard/libg.a(lib_a-memmove.o)
 .text          0x00000000000005c0        0x0 /home/islam/ti/ccs1011/ccs/tools/compiler/gcc-arm-none-eabi-9-2019-q4-major/bin/../lib/gcc/arm-none-eabi/9.2.1/../../../../arm-none-eabi/lib/thumb/v7e-m+fp/hard/libg.a(lib_a-mlock.o)
 .text          0x00000000000005c0        0x0 /home/islam/ti/ccs1011/ccs/tools/compiler/gcc-arm-none-eabi-9-2019-q4-major/bin/../lib/gcc/arm-none-eabi/9.2.1/../../../../arm-none-eabi/lib/thumb/v7e-m+fp/hard/libg.a(lib_a-mprec.o)
 .text          0x00000000000005c0        0x0 /home/islam/ti/ccs1011/ccs/tools/compiler/gcc-arm-none-eabi-9-2019-q4-major/bin/../lib/gcc/arm-none-eabi/9.2.1/../../../../arm-none-eabi/lib/thumb/v7e-m+fp/hard/libg.a(lib_a-reallocr.o)
 .text          0x00000000000005c0        0x0 /home/islam/ti/ccs1011/ccs/tools/compiler/gcc-arm-none-eabi-9-2019-q4-major/bin/../lib/gcc/arm-none-eabi/9.2.1/../../../../arm-none-eabi/lib/thumb/v7e-m+fp/hard/libg.a(lib_a-s_frexp.o)
 .text          0x00000000000005c0        0x0 /home/islam/ti/ccs1011/ccs/tools/compiler/gcc-arm-none-eabi-9-2019-q4-major/bin/../lib/gcc/arm-none-eabi/9.2.1/../../../../arm-none-eabi/lib/thumb/v7e-m+fp/hard/libg.a(lib_a-sbrkr.o)
 .text          0x00000000000005c0        0x0 /home/islam/ti/ccs1011/ccs/tools/compiler/gcc-arm-none-eabi-9-2019-q4-major/bin/../lib/gcc/arm-none-eabi/9.2.1/../../../../arm-none-eabi/lib/thumb/v7e-m+fp/hard/libg.a(lib_a-stdio.o)
 .text          0x00000000000005c0        0x0 /home/islam/ti/ccs1011/ccs/tools/compiler/gcc-arm-none-eabi-9-2019-q4-major/bin/../lib/gcc/arm-none-eabi/9.2.1/../../../../arm-none-eabi/lib/thumb/v7e-m+fp/hard/libg.a(lib_a-strncpy.o)
 .text          0x00000000000005c0        0x0 /home/islam/ti/ccs1011/ccs/tools/compiler/gcc-arm-none-eabi-9-2019-q4-major/bin/../lib/gcc/arm-none-eabi/9.2.1/../../../../arm-none-eabi/lib/thumb/v7e-m+fp/hard/libg.a(lib_a-vfiprintf.o)
 .text          0x00000000000005c0        0x0 /home/islam/ti/ccs1011/ccs/tools/compiler/gcc-arm-none-eabi-9-2019-q4-major/bin/../lib/gcc/arm-none-eabi/9.2.1/../../../../arm-none-eabi/lib/thumb/v7e-m+fp/hard/libg.a(lib_a-writer.o)
 .text          0x00000000000005c0        0x0 /home/islam/ti/ccs1011/ccs/tools/compiler/gcc-arm-none-eabi-9-2019-q4-major/bin/../lib/gcc/arm-none-eabi/9.2.1/../../../../arm-none-eabi/lib/thumb/v7e-m+fp/hard/libg.a(lib_a-__atexit.o)
 .text          0x00000000000005c0        0x0 /home/islam/ti/ccs1011/ccs/tools/compiler/gcc-arm-none-eabi-9-2019-q4-major/bin/../lib/gcc/arm-none-eabi/9.2.1/../../../../arm-none-eabi/lib/thumb/v7e-m+fp/hard/libg.a(lib_a-callocr.o)
 .text          0x00000000000005c0        0x0 /home/islam/ti/ccs1011/ccs/tools/compiler/gcc-arm-none-eabi-9-2019-q4-major/bin/../lib/gcc/arm-none-eabi/9.2.1/../../../../arm-none-eabi/lib/thumb/v7e-m+fp/hard/libg.a(lib_a-closer.o)
 .text          0x00000000000005c0        0x0 /home/islam/ti/ccs1011/ccs/tools/compiler/gcc-arm-none-eabi-9-2019-q4-major/bin/../lib/gcc/arm-none-eabi/9.2.1/../../../../arm-none-eabi/lib/thumb/v7e-m+fp/hard/libg.a(lib_a-fclose.o)
 .text          0x00000000000005c0        0x0 /home/islam/ti/ccs1011/ccs/tools/compiler/gcc-arm-none-eabi-9-2019-q4-major/bin/../lib/gcc/arm-none-eabi/9.2.1/../../../../arm-none-eabi/lib/thumb/v7e-m+fp/hard/libg.a(lib_a-fputwc.o)
 .text          0x00000000000005c0        0x0 /home/islam/ti/ccs1011/ccs/tools/compiler/gcc-arm-none-eabi-9-2019-q4-major/bin/../lib/gcc/arm-none-eabi/9.2.1/../../../../arm-none-eabi/lib/thumb/v7e-m+fp/hard/libg.a(lib_a-fstatr.o)
 .text          0x00000000000005c0        0x0 /home/islam/ti/ccs1011/ccs/tools/compiler/gcc-arm-none-eabi-9-2019-q4-major/bin/../lib/gcc/arm-none-eabi/9.2.1/../../../../arm-none-eabi/lib/thumb/v7e-m+fp/hard/libg.a(lib_a-isattyr.o)
 .text          0x00000000000005c0        0x0 /home/islam/ti/ccs1011/ccs/tools/compiler/gcc-arm-none-eabi-9-2019-q4-major/bin/../lib/gcc/arm-none-eabi/9.2.1/../../../../arm-none-eabi/lib/thumb/v7e-m+fp/hard/libg.a(lib_a-locale.o)
 .text          0x00000000000005c0        0x0 /home/islam/ti/ccs1011/ccs/tools/compiler/gcc-arm-none-eabi-9-2019-q4-major/bin/../lib/gcc/arm-none-eabi/9.2.1/../../../../arm-none-eabi/lib/thumb/v7e-m+fp/hard/libg.a(lib_a-lseekr.o)
 .text          0x00000000000005c0        0x0 /home/islam/ti/ccs1011/ccs/tools/compiler/gcc-arm-none-eabi-9-2019-q4-major/bin/../lib/gcc/arm-none-eabi/9.2.1/../../../../arm-none-eabi/lib/thumb/v7e-m+fp/hard/libg.a(lib_a-mbtowc_r.o)
 .text          0x00000000000005c0        0x0 /home/islam/ti/ccs1011/ccs/tools/compiler/gcc-arm-none-eabi-9-2019-q4-major/bin/../lib/gcc/arm-none-eabi/9.2.1/../../../../arm-none-eabi/lib/thumb/v7e-m+fp/hard/libg.a(lib_a-readr.o)
 .text          0x00000000000005c0        0x0 /home/islam/ti/ccs1011/ccs/tools/compiler/gcc-arm-none-eabi-9-2019-q4-major/bin/../lib/gcc/arm-none-eabi/9.2.1/../../../../arm-none-eabi/lib/thumb/v7e-m+fp/hard/libg.a(lib_a-reent.o)
 .text          0x00000000000005c0      0x2dc /home/islam/ti/ccs1011/ccs/tools/compiler/gcc-arm-none-eabi-9-2019-q4-major/bin/../lib/gcc/arm-none-eabi/9.2.1/../../../../arm-none-eabi/lib/thumb/v7e-m+fp/hard/libg.a(lib_a-strcmp.o)
                0x00000000000005c8                strcmp
 .text          0x000000000000089c        0x0 /home/islam/ti/ccs1011/ccs/tools/compiler/gcc-arm-none-eabi-9-2019-q4-major/bin/../lib/gcc/arm-none-eabi/9.2.1/../../../../arm-none-eabi/lib/thumb/v7e-m+fp/hard/libg.a(lib_a-wbuf.o)
 .text          0x000000000000089c        0x0 /home/islam/ti/ccs1011/ccs/tools/compiler/gcc-arm-none-eabi-9-2019-q4-major/bin/../lib/gcc/arm-none-eabi/9.2.1/../../../../arm-none-eabi/lib/thumb/v7e-m+fp/hard/libg.a(lib_a-wcrtomb.o)
 .text          0x000000000000089c        0x0 /home/islam/ti/ccs1011/ccs/tools/compiler/gcc-arm-none-eabi-9-2019-q4-major/bin/../lib/gcc/arm-none-eabi/9.2.1/../../../../arm-none-eabi/lib/thumb/v7e-m+fp/hard/libg.a(lib_a-wctomb_r.o)
 .text          0x000000000000089c        0x0 /home/islam/ti/ccs1011/ccs/tools/compiler/gcc-arm-none-eabi-9-2019-q4-major/bin/../lib/gcc/arm-none-eabi/9.2.1/../../../../arm-none-eabi/lib/thumb/v7e-m+fp/hard/libg.a(lib_a-ctype_.o)
 .text          0x000000000000089c      0x254 /home/islam/ti/ccs1011/ccs/tools/compiler/gcc-arm-none-eabi-9-2019-q4-major/bin/../lib/gcc/arm-none-eabi/9.2.1/thumb/v7e-m+fp/hard/libgcc.a(_arm_muldf3.o)
 .text          0x0000000000000af0      0x378 /home/islam/ti/ccs1011/ccs/tools/compiler/gcc-arm-none-eabi-9-2019-q4-major/bin/../lib/gcc/arm-none-eabi/9.2.1/thumb/v7e-m+fp/hard/libgcc.a(_arm_addsubdf3.o)
                0x0000000000000af0                __aeabi_drsub
                0x0000000000000af8                __aeabi_dsub
                0x0000000000000af8                __subdf3
                0x0000000000000afc                __adddf3
                0x0000000000000afc                __aeabi_dadd
                0x0000000000000d74                __aeabi_ui2d
                0x0000000000000d74                __floatunsidf
                0x0000000000000d94                __floatsidf
                0x0000000000000d94                __aeabi_i2d
                0x0000000000000db8                __extendsfdf2
                0x0000000000000db8                __aeabi_f2d
                0x0000000000000dfc                __aeabi_ul2d
                0x0000000000000dfc                __floatundidf
                0x0000000000000e0c                __floatdidf
                0x0000000000000e0c                __aeabi_l2d
 .text          0x0000000000000e68      0x424 /home/islam/ti/ccs1011/ccs/tools/compiler/gcc-arm-none-eabi-9-2019-q4-major/bin/../lib/gcc/arm-none-eabi/9.2.1/thumb/v7e-m+fp/hard/libgcc.a(_arm_muldivdf3.o)
                0x0000000000000e68                __aeabi_dmul
                0x0000000000000e68                __muldf3
                0x00000000000010bc                __aeabi_ddiv
                0x00000000000010bc                __divdf3
 .text          0x000000000000128c      0x110 /home/islam/ti/ccs1011/ccs/tools/compiler/gcc-arm-none-eabi-9-2019-q4-major/bin/../lib/gcc/arm-none-eabi/9.2.1/thumb/v7e-m+fp/hard/libgcc.a(_arm_cmpdf2.o)
                0x000000000000128c                __gtdf2
                0x000000000000128c                __gedf2
                0x0000000000001294                __ltdf2
                0x0000000000001294                __ledf2
                0x000000000000129c                __cmpdf2
                0x000000000000129c                __eqdf2
                0x000000000000129c                __nedf2
                0x0000000000001318                __aeabi_cdrcmple
                0x0000000000001328                __aeabi_cdcmple
                0x0000000000001328                __aeabi_cdcmpeq
                0x0000000000001338                __aeabi_dcmpeq
                0x000000000000134c                __aeabi_dcmplt
                0x0000000000001360                __aeabi_dcmple
                0x0000000000001374                __aeabi_dcmpge
                0x0000000000001388                __aeabi_dcmpgt
 .text          0x000000000000139c       0x2c /home/islam/ti/ccs1011/ccs/tools/compiler/gcc-arm-none-eabi-9-2019-q4-major/bin/../lib/gcc/arm-none-eabi/9.2.1/thumb/v7e-m+fp/hard/libgcc.a(_arm_unorddf2.o)
                0x000000000000139c                __aeabi_dcmpun
                0x000000000000139c                __unorddf2
 .text          0x00000000000013c8       0x50 /home/islam/ti/ccs1011/ccs/tools/compiler/gcc-arm-none-eabi-9-2019-q4-major/bin/../lib/gcc/arm-none-eabi/9.2.1/thumb/v7e-m+fp/hard/libgcc.a(_arm_fixdfsi.o)
                0x00000000000013c8                __fixdfsi
                0x00000000000013c8                __aeabi_d2iz
 .text          0x0000000000001418       0x30 /home/islam/ti/ccs1011/ccs/tools/compiler/gcc-arm-none-eabi-9-2019-q4-major/bin/../lib/gcc/arm-none-eabi/9.2.1/thumb/v7e-m+fp/hard/libgcc.a(_aeabi_uldivmod.o)
                0x0000000000001418                __aeabi_uldivmod
 .text          0x0000000000001448      0x2c4 /home/islam/ti/ccs1011/ccs/tools/compiler/gcc-arm-none-eabi-9-2019-q4-major/bin/../lib/gcc/arm-none-eabi/9.2.1/thumb/v7e-m+fp/hard/libgcc.a(_udivmoddi4.o)
                0x0000000000001448                __udivmoddi4
 .text          0x000000000000170c        0x4 /home/islam/ti/ccs1011/ccs/tools/compiler/gcc-arm-none-eabi-9-2019-q4-major/bin/../lib/gcc/arm-none-eabi/9.2.1/thumb/v7e-m+fp/hard/libgcc.a(_dvmd_tls.o)
                0x000000000000170c                __aeabi_ldiv0
                0x000000000000170c                __aeabi_idiv0
 .text          0x0000000000001710        0x0 /home/islam/ti/ccs1011/ccs/tools/compiler/gcc-arm-none-eabi-9-2019-q4-major/bin/../lib/gcc/arm-none-eabi/9.2.1/../../../../arm-none-eabi/lib/thumb/v7e-m+fp/hard/libnosys.a(close.o)
 .text          0x0000000000001710        0x0 /home/islam/ti/ccs1011/ccs/tools/compiler/gcc-arm-none-eabi-9-2019-q4-major/bin/../lib/gcc/arm-none-eabi/9.2.1/../../../../arm-none-eabi/lib/thumb/v7e-m+fp/hard/libnosys.a(fstat.o)
 .text          0x0000000000001710        0x0 /home/islam/ti/ccs1011/ccs/tools/compiler/gcc-arm-none-eabi-9-2019-q4-major/bin/../lib/gcc/arm-none-eabi/9.2.1/../../../../arm-none-eabi/lib/thumb/v7e-m+fp/hard/libnosys.a(isatty.o)
 .text          0x0000000000001710        0x0 /home/islam/ti/ccs1011/ccs/tools/compiler/gcc-arm-none-eabi-9-2019-q4-major/bin/../lib/gcc/arm-none-eabi/9.2.1/../../../../arm-none-eabi/lib/thumb/v7e-m+fp/hard/libnosys.a(lseek.o)
 .text          0x0000000000001710        0x0 /home/islam/ti/ccs1011/ccs/tools/compiler/gcc-arm-none-eabi-9-2019-q4-major/bin/../lib/gcc/arm-none-eabi/9.2.1/../../../../arm-none-eabi/lib/thumb/v7e-m+fp/hard/libnosys.a(read.o)
 .text          0x0000000000001710        0x0 /home/islam/ti/ccs1011/ccs/tools/compiler/gcc-arm-none-eabi-9-2019-q4-major/bin/../lib/gcc/arm-none-eabi/9.2.1/../../../../arm-none-eabi/lib/thumb/v7e-m+fp/hard/libnosys.a(sbrk.o)
 .text          0x0000000000001710        0x0 /home/islam/ti/ccs1011/ccs/tools/compiler/gcc-arm-none-eabi-9-2019-q4-major/bin/../lib/gcc/arm-none-eabi/9.2.1/../../../../arm-none-eabi/lib/thumb/v7e-m+fp/hard/libnosys.a(write.o)
 .text          0x0000000000001710        0x0 /home/islam/ti/ccs1011/ccs/tools/compiler/gcc-arm-none-eabi-9-2019-q4-major/bin/../lib/gcc/arm-none-eabi/9.2.1/../../../../arm-none-eabi/lib/thumb/v7e-m+fp/hard/libnosys.a(_exit.o)
 .text          0x0000000000001710        0x0 /home/islam/ti/ccs1011/ccs/tools/compiler/gcc-arm-none-eabi-9-2019-q4-major/bin/../lib/gcc/arm-none-eabi/9.2.1/thumb/v7e-m+fp/hard/crtend.o
 .text          0x0000000000001710        0x0 /home/islam/ti/ccs1011/ccs/tools/compiler/gcc-arm-none-eabi-9-2019-q4-major/bin/../lib/gcc/arm-none-eabi/9.2.1/thumb/v7e-m+fp/hard/crtn.o
 *(.text.*)
 .text._ADCIntNumberGet
                0x0000000000001710       0x58 ./driverlib/adc.o
 .text.ADCIntRegister
                0x0000000000001768       0x18 ./driverlib/adc.o
                0x0000000000001768                ADCIntRegister
 .text.ADCIntUnregister
                0x0000000000001780       0x14 ./driverlib/adc.o
                0x0000000000001780                ADCIntUnregister
 .text.ADCIntDisable
                0x0000000000001794        0xe ./driverlib/adc.o
                0x0000000000001794                ADCIntDisable
 .text.ADCIntEnable
                0x00000000000017a2       0x10 ./driverlib/adc.o
                0x00000000000017a2                ADCIntEnable
 .text.ADCIntStatus
                0x00000000000017b2       0x34 ./driverlib/adc.o
                0x00000000000017b2                ADCIntStatus
 .text.ADCIntClear
                0x00000000000017e6        0x8 ./driverlib/adc.o
                0x00000000000017e6                ADCIntClear
 .text.ADCSequenceEnable
                0x00000000000017ee        0xc ./driverlib/adc.o
                0x00000000000017ee                ADCSequenceEnable
 .text.ADCSequenceDisable
                0x00000000000017fa        0xe ./driverlib/adc.o
                0x00000000000017fa                ADCSequenceDisable
 .text.ADCSequenceConfigure
                0x0000000000001808       0x4e ./driverlib/adc.o
                0x0000000000001808                ADCSequenceConfigure
 .text.ADCSequenceStepConfigure
                0x0000000000001856       0x8c ./driverlib/adc.o
                0x0000000000001856                ADCSequenceStepConfigure
 .text.ADCSequenceOverflow
                0x00000000000018e2        0xa ./driverlib/adc.o
                0x00000000000018e2                ADCSequenceOverflow
 .text.ADCSequenceOverflowClear
                0x00000000000018ec        0x8 ./driverlib/adc.o
                0x00000000000018ec                ADCSequenceOverflowClear
 .text.ADCSequenceUnderflow
                0x00000000000018f4        0xa ./driverlib/adc.o
                0x00000000000018f4                ADCSequenceUnderflow
 .text.ADCSequenceUnderflowClear
                0x00000000000018fe        0x8 ./driverlib/adc.o
                0x00000000000018fe                ADCSequenceUnderflowClear
 .text.ADCSequenceDataGet
                0x0000000000001906       0x20 ./driverlib/adc.o
                0x0000000000001906                ADCSequenceDataGet
 .text.ADCProcessorTrigger
                0x0000000000001926       0x1e ./driverlib/adc.o
                0x0000000000001926                ADCProcessorTrigger
 .text.ADCSoftwareOversampleConfigure
                0x0000000000001944       0x30 ./driverlib/adc.o
                0x0000000000001944                ADCSoftwareOversampleConfigure
 .text.ADCSoftwareOversampleStepConfigure
                0x0000000000001974       0x84 ./driverlib/adc.o
                0x0000000000001974                ADCSoftwareOversampleStepConfigure
 .text.ADCSoftwareOversampleDataGet
                0x00000000000019f8       0x50 ./driverlib/adc.o
                0x00000000000019f8                ADCSoftwareOversampleDataGet
 .text.ADCHardwareOversampleConfigure
                0x0000000000001a48       0x10 ./driverlib/adc.o
                0x0000000000001a48                ADCHardwareOversampleConfigure
 .text.ADCComparatorConfigure
                0x0000000000001a58        0xa ./driverlib/adc.o
                0x0000000000001a58                ADCComparatorConfigure
 .text.ADCComparatorRegionSet
                0x0000000000001a62        0xe ./driverlib/adc.o
                0x0000000000001a62                ADCComparatorRegionSet
 .text.ADCComparatorReset
                0x0000000000001a70       0x32 ./driverlib/adc.o
                0x0000000000001a70                ADCComparatorReset
 .text.ADCComparatorIntDisable
                0x0000000000001aa2       0x10 ./driverlib/adc.o
                0x0000000000001aa2                ADCComparatorIntDisable
 .text.ADCComparatorIntEnable
                0x0000000000001ab2        0xe ./driverlib/adc.o
                0x0000000000001ab2                ADCComparatorIntEnable
 .text.ADCComparatorIntStatus
                0x0000000000001ac0        0x4 ./driverlib/adc.o
                0x0000000000001ac0                ADCComparatorIntStatus
 .text.ADCComparatorIntClear
                0x0000000000001ac4        0x4 ./driverlib/adc.o
                0x0000000000001ac4                ADCComparatorIntClear
 .text.ADCIntDisableEx
                0x0000000000001ac8        0xa ./driverlib/adc.o
                0x0000000000001ac8                ADCIntDisableEx
 .text.ADCIntEnableEx
                0x0000000000001ad2        0x8 ./driverlib/adc.o
                0x0000000000001ad2                ADCIntEnableEx
 .text.ADCIntStatusEx
                0x0000000000001ada       0x14 ./driverlib/adc.o
                0x0000000000001ada                ADCIntStatusEx
 .text.ADCIntClearEx
                0x0000000000001aee        0x4 ./driverlib/adc.o
                0x0000000000001aee                ADCIntClearEx
 .text.ADCReferenceSet
                0x0000000000001af2        0xc ./driverlib/adc.o
                0x0000000000001af2                ADCReferenceSet
 .text.ADCReferenceGet
                0x0000000000001afe        0x8 ./driverlib/adc.o
                0x0000000000001afe                ADCReferenceGet
 .text.ADCPhaseDelaySet
                0x0000000000001b06        0x4 ./driverlib/adc.o
                0x0000000000001b06                ADCPhaseDelaySet
 .text.ADCPhaseDelayGet
                0x0000000000001b0a        0x4 ./driverlib/adc.o
                0x0000000000001b0a                ADCPhaseDelayGet
 .text.ADCSequenceDMAEnable
                0x0000000000001b0e        0xe ./driverlib/adc.o
                0x0000000000001b0e                ADCSequenceDMAEnable
 .text.ADCSequenceDMADisable
                0x0000000000001b1c       0x10 ./driverlib/adc.o
                0x0000000000001b1c                ADCSequenceDMADisable
 .text.ADCBusy  0x0000000000001b2c        0x8 ./driverlib/adc.o
                0x0000000000001b2c                ADCBusy
 .text.ADCClockConfigSet
                0x0000000000001b34       0x18 ./driverlib/adc.o
                0x0000000000001b34                ADCClockConfigSet
 .text.ADCClockConfigGet
                0x0000000000001b4c       0x26 ./driverlib/adc.o
                0x0000000000001b4c                ADCClockConfigGet
 .text.AESReset
                0x0000000000001b72       0x18 ./driverlib/aes.o
                0x0000000000001b72                AESReset
 .text.AESConfigSet
                0x0000000000001b8a       0x10 ./driverlib/aes.o
                0x0000000000001b8a                AESConfigSet
 .text.AESKey1Set
                0x0000000000001b9a       0x2c ./driverlib/aes.o
                0x0000000000001b9a                AESKey1Set
 .text.AESKey2Set
                0x0000000000001bc6       0x2c ./driverlib/aes.o
                0x0000000000001bc6                AESKey2Set
 .text.AESKey3Set
                0x0000000000001bf2       0x12 ./driverlib/aes.o
                0x0000000000001bf2                AESKey3Set
 .text.AESIVSet
                0x0000000000001c04       0x12 ./driverlib/aes.o
                0x0000000000001c04                AESIVSet
 .text.AESIVRead
                0x0000000000001c16       0x1a ./driverlib/aes.o
                0x0000000000001c16                AESIVRead
 .text.AESTagRead
                0x0000000000001c30       0x1a ./driverlib/aes.o
                0x0000000000001c30                AESTagRead
 .text.AESLengthSet
                0x0000000000001c4a        0x6 ./driverlib/aes.o
                0x0000000000001c4a                AESLengthSet
 .text.AESAuthLengthSet
                0x0000000000001c50        0x4 ./driverlib/aes.o
                0x0000000000001c50                AESAuthLengthSet
 .text.AESDataReadNonBlocking
                0x0000000000001c54       0x20 ./driverlib/aes.o
                0x0000000000001c54                AESDataReadNonBlocking
 .text.AESDataRead
                0x0000000000001c74       0x1a ./driverlib/aes.o
                0x0000000000001c74                AESDataRead
 .text.AESDataWriteNonBlocking
                0x0000000000001c8e       0x20 ./driverlib/aes.o
                0x0000000000001c8e                AESDataWriteNonBlocking
 .text.AESDataWrite
                0x0000000000001cae       0x1a ./driverlib/aes.o
                0x0000000000001cae                AESDataWrite
 .text.AESDataProcess
                0x0000000000001cc8       0x44 ./driverlib/aes.o
                0x0000000000001cc8                AESDataProcess
 .text.AESDataAuth
                0x0000000000001d0c       0x36 ./driverlib/aes.o
                0x0000000000001d0c                AESDataAuth
 .text.AESDataProcessAuth
                0x0000000000001d42       0x68 ./driverlib/aes.o
                0x0000000000001d42                AESDataProcessAuth
 .text.AESIntStatus
                0x0000000000001daa       0x58 ./driverlib/aes.o
                0x0000000000001daa                AESIntStatus
 .text.AESIntEnable
                0x0000000000001e02       0x34 ./driverlib/aes.o
                0x0000000000001e02                AESIntEnable
 .text.AESIntDisable
                0x0000000000001e36       0x38 ./driverlib/aes.o
                0x0000000000001e36                AESIntDisable
 .text.AESIntClear
                0x0000000000001e6e       0x1e ./driverlib/aes.o
                0x0000000000001e6e                AESIntClear
 .text.AESIntRegister
                0x0000000000001e8c       0x10 ./driverlib/aes.o
                0x0000000000001e8c                AESIntRegister
 .text.AESIntUnregister
                0x0000000000001e9c       0x10 ./driverlib/aes.o
                0x0000000000001e9c                AESIntUnregister
 .text.AESDMAEnable
                0x0000000000001eac        0xc ./driverlib/aes.o
                0x0000000000001eac                AESDMAEnable
 .text.AESDMADisable
                0x0000000000001eb8        0xe ./driverlib/aes.o
                0x0000000000001eb8                AESDMADisable
 *fill*         0x0000000000001ec6        0x2 
 .text._CANIntNumberGet
                0x0000000000001ec8       0x68 ./driverlib/can.o
 .text._CANDataRegWrite
                0x0000000000001f30       0x2c ./driverlib/can.o
 .text._CANDataRegRead
                0x0000000000001f5c       0x2c ./driverlib/can.o
 .text.CANInit  0x0000000000001f88       0x4a ./driverlib/can.o
                0x0000000000001f88                CANInit
 .text.CANEnable
                0x0000000000001fd2        0xa ./driverlib/can.o
                0x0000000000001fd2                CANEnable
 .text.CANDisable
                0x0000000000001fdc        0xa ./driverlib/can.o
                0x0000000000001fdc                CANDisable
 .text.CANBitTimingGet
                0x0000000000001fe6       0x2e ./driverlib/can.o
                0x0000000000001fe6                CANBitTimingGet
 .text.CANBitRateSet
                0x0000000000002014       0x64 ./driverlib/can.o
                0x0000000000002014                CANBitRateSet
 .text.CANBitTimingSet
                0x0000000000002078       0x56 ./driverlib/can.o
                0x0000000000002078                CANBitTimingSet
 .text.CANIntRegister
                0x00000000000020ce       0x18 ./driverlib/can.o
                0x00000000000020ce                CANIntRegister
 .text.CANIntUnregister
                0x00000000000020e6       0x14 ./driverlib/can.o
                0x00000000000020e6                CANIntUnregister
 .text.CANIntEnable
                0x00000000000020fa        0x8 ./driverlib/can.o
                0x00000000000020fa                CANIntEnable
 .text.CANIntDisable
                0x0000000000002102        0xa ./driverlib/can.o
                0x0000000000002102                CANIntDisable
 .text.CANIntStatus
                0x000000000000210c       0x1e ./driverlib/can.o
                0x000000000000210c                CANIntStatus
 .text.CANIntClear
                0x000000000000212a       0x2a ./driverlib/can.o
                0x000000000000212a                CANIntClear
 .text.CANRetrySet
                0x0000000000002154       0x12 ./driverlib/can.o
                0x0000000000002154                CANRetrySet
 .text.CANRetryGet
                0x0000000000002166       0x10 ./driverlib/can.o
                0x0000000000002166                CANRetryGet
 .text.CANStatusGet
                0x0000000000002176       0x46 ./driverlib/can.o
                0x0000000000002176                CANStatusGet
 .text.CANErrCntrGet
                0x00000000000021bc       0x1a ./driverlib/can.o
                0x00000000000021bc                CANErrCntrGet
 .text.CANMessageSet
                0x00000000000021d6      0x18a ./driverlib/can.o
                0x00000000000021d6                CANMessageSet
 .text.CANMessageGet
                0x0000000000002360      0x170 ./driverlib/can.o
                0x0000000000002360                CANMessageGet
 .text.CANMessageClear
                0x00000000000024d0       0x1a ./driverlib/can.o
                0x00000000000024d0                CANMessageClear
 .text.ComparatorConfigure
                0x00000000000024ea        0x8 ./driverlib/comp.o
                0x00000000000024ea                ComparatorConfigure
 .text.ComparatorRefSet
                0x00000000000024f2        0x4 ./driverlib/comp.o
                0x00000000000024f2                ComparatorRefSet
 .text.ComparatorValueGet
                0x00000000000024f6       0x14 ./driverlib/comp.o
                0x00000000000024f6                ComparatorValueGet
 .text.ComparatorIntRegister
                0x000000000000250a       0x26 ./driverlib/comp.o
                0x000000000000250a                ComparatorIntRegister
 .text.ComparatorIntUnregister
                0x0000000000002530       0x20 ./driverlib/comp.o
                0x0000000000002530                ComparatorIntUnregister
 .text.ComparatorIntEnable
                0x0000000000002550        0xc ./driverlib/comp.o
                0x0000000000002550                ComparatorIntEnable
 .text.ComparatorIntDisable
                0x000000000000255c        0xe ./driverlib/comp.o
                0x000000000000255c                ComparatorIntDisable
 .text.ComparatorIntStatus
                0x000000000000256a       0x16 ./driverlib/comp.o
                0x000000000000256a                ComparatorIntStatus
 .text.ComparatorIntClear
                0x0000000000002580        0x8 ./driverlib/comp.o
                0x0000000000002580                ComparatorIntClear
 .text.CPUcpsid
                0x0000000000002588        0x8 ./driverlib/cpu.o
                0x0000000000002588                CPUcpsid
 .text.CPUprimask
                0x0000000000002590        0x6 ./driverlib/cpu.o
                0x0000000000002590                CPUprimask
 .text.CPUcpsie
                0x0000000000002596        0x8 ./driverlib/cpu.o
                0x0000000000002596                CPUcpsie
 .text.CPUwfi   0x000000000000259e        0x4 ./driverlib/cpu.o
                0x000000000000259e                CPUwfi
 .text.CPUbasepriSet
                0x00000000000025a2        0x6 ./driverlib/cpu.o
                0x00000000000025a2                CPUbasepriSet
 .text.CPUbasepriGet
                0x00000000000025a8        0x6 ./driverlib/cpu.o
                0x00000000000025a8                CPUbasepriGet
 .text.CRCConfigSet
                0x00000000000025ae        0x6 ./driverlib/crc.o
                0x00000000000025ae                CRCConfigSet
 .text.CRCSeedSet
                0x00000000000025b4        0x6 ./driverlib/crc.o
                0x00000000000025b4                CRCSeedSet
 .text.CRCDataWrite
                0x00000000000025ba        0x6 ./driverlib/crc.o
                0x00000000000025ba                CRCDataWrite
 .text.CRCResultRead
                0x00000000000025c0        0xe ./driverlib/crc.o
                0x00000000000025c0                CRCResultRead
 .text.CRCDataProcess
                0x00000000000025ce       0x36 ./driverlib/crc.o
                0x00000000000025ce                CRCDataProcess
 .text.DESReset
                0x0000000000002604       0x12 ./driverlib/des.o
                0x0000000000002604                DESReset
 .text.DESConfigSet
                0x0000000000002616        0xc ./driverlib/des.o
                0x0000000000002616                DESConfigSet
 .text.DESKeySet
                0x0000000000002622       0x22 ./driverlib/des.o
                0x0000000000002622                DESKeySet
 .text.DESIVSet
                0x0000000000002644       0x16 ./driverlib/des.o
                0x0000000000002644                DESIVSet
 .text.DESLengthSet
                0x000000000000265a        0x4 ./driverlib/des.o
                0x000000000000265a                DESLengthSet
 *fill*         0x000000000000265e        0x2 
 .text.DESDataReadNonBlocking
                0x0000000000002660       0x24 ./driverlib/des.o
                0x0000000000002660                DESDataReadNonBlocking
 .text.DESDataRead
                0x0000000000002684       0x20 ./driverlib/des.o
                0x0000000000002684                DESDataRead
 .text.DESDataWriteNonBlocking
                0x00000000000026a4       0x20 ./driverlib/des.o
                0x00000000000026a4                DESDataWriteNonBlocking
 .text.DESDataWrite
                0x00000000000026c4       0x1c ./driverlib/des.o
                0x00000000000026c4                DESDataWrite
 .text.DESDataProcess
                0x00000000000026e0       0x4c ./driverlib/des.o
                0x00000000000026e0                DESDataProcess
 .text.DESIntStatus
                0x000000000000272c       0x24 ./driverlib/des.o
                0x000000000000272c                DESIntStatus
 .text.DESIntEnable
                0x0000000000002750       0x22 ./driverlib/des.o
                0x0000000000002750                DESIntEnable
 .text.DESIntDisable
                0x0000000000002772       0x26 ./driverlib/des.o
                0x0000000000002772                DESIntDisable
 .text.DESIntClear
                0x0000000000002798        0xe ./driverlib/des.o
                0x0000000000002798                DESIntClear
 .text.DESIntRegister
                0x00000000000027a6       0x10 ./driverlib/des.o
                0x00000000000027a6                DESIntRegister
 .text.DESIntUnregister
                0x00000000000027b6       0x10 ./driverlib/des.o
                0x00000000000027b6                DESIntUnregister
 .text.DESDMAEnable
                0x00000000000027c6        0x8 ./driverlib/des.o
                0x00000000000027c6                DESDMAEnable
 .text.DESDMADisable
                0x00000000000027ce        0xa ./driverlib/des.o
                0x00000000000027ce                DESDMADisable
 .text._EEPROMWaitForDone
                0x00000000000027d8       0x10 ./driverlib/eeprom.o
 .text._EEPROMSectorMaskSet
                0x00000000000027e8       0x3c ./driverlib/eeprom.o
 .text._EEPROMSectorMaskClear
                0x0000000000002824       0x34 ./driverlib/eeprom.o
 .text.EEPROMInit
                0x0000000000002858       0x44 ./driverlib/eeprom.o
                0x0000000000002858                EEPROMInit
 .text.EEPROMSizeGet
                0x000000000000289c       0x10 ./driverlib/eeprom.o
                0x000000000000289c                EEPROMSizeGet
 .text.EEPROMBlockCountGet
                0x00000000000028ac       0x10 ./driverlib/eeprom.o
                0x00000000000028ac                EEPROMBlockCountGet
 .text.EEPROMRead
                0x00000000000028bc       0x44 ./driverlib/eeprom.o
                0x00000000000028bc                EEPROMRead
 .text.EEPROMProgram
                0x0000000000002900       0xd8 ./driverlib/eeprom.o
                0x0000000000002900                EEPROMProgram
 .text.EEPROMProgramNonBlocking
                0x00000000000029d8       0x50 ./driverlib/eeprom.o
                0x00000000000029d8                EEPROMProgramNonBlocking
 .text.EEPROMMassErase
                0x0000000000002a28       0x5c ./driverlib/eeprom.o
                0x0000000000002a28                EEPROMMassErase
 .text.EEPROMBlockProtectGet
                0x0000000000002a84       0x10 ./driverlib/eeprom.o
                0x0000000000002a84                EEPROMBlockProtectGet
 .text.EEPROMBlockProtectSet
                0x0000000000002a94       0x20 ./driverlib/eeprom.o
                0x0000000000002a94                EEPROMBlockProtectSet
 .text.EEPROMBlockPasswordSet
                0x0000000000002ab4       0x34 ./driverlib/eeprom.o
                0x0000000000002ab4                EEPROMBlockPasswordSet
 .text.EEPROMBlockLock
                0x0000000000002ae8       0x14 ./driverlib/eeprom.o
                0x0000000000002ae8                EEPROMBlockLock
 .text.EEPROMBlockUnlock
                0x0000000000002afc       0x34 ./driverlib/eeprom.o
                0x0000000000002afc                EEPROMBlockUnlock
 .text.EEPROMBlockHide
                0x0000000000002b30       0x10 ./driverlib/eeprom.o
                0x0000000000002b30                EEPROMBlockHide
 .text.EEPROMIntEnable
                0x0000000000002b40       0x20 ./driverlib/eeprom.o
                0x0000000000002b40                EEPROMIntEnable
 .text.EEPROMIntDisable
                0x0000000000002b60       0x20 ./driverlib/eeprom.o
                0x0000000000002b60                EEPROMIntDisable
 .text.EEPROMIntStatus
                0x0000000000002b80       0x28 ./driverlib/eeprom.o
                0x0000000000002b80                EEPROMIntStatus
 .text.EEPROMIntClear
                0x0000000000002ba8       0x3c ./driverlib/eeprom.o
                0x0000000000002ba8                EEPROMIntClear
 .text.EEPROMStatusGet
                0x0000000000002be4        0xc ./driverlib/eeprom.o
                0x0000000000002be4                EEPROMStatusGet
 .text.EMACInit
                0x0000000000002bf0       0x88 ./driverlib/emac.o
                0x0000000000002bf0                EMACInit
 .text.EMACReset
                0x0000000000002c78       0x1a ./driverlib/emac.o
                0x0000000000002c78                EMACReset
 *fill*         0x0000000000002c92        0x2 
 .text.EMACPHYConfigSet
                0x0000000000002c94       0x60 ./driverlib/emac.o
                0x0000000000002c94                EMACPHYConfigSet
 .text.EMACConfigSet
                0x0000000000002cf4       0x34 ./driverlib/emac.o
                0x0000000000002cf4                EMACConfigSet
 .text.EMACConfigGet
                0x0000000000002d28       0x44 ./driverlib/emac.o
                0x0000000000002d28                EMACConfigGet
 .text.EMACAddrSet
                0x0000000000002d6c       0x3a ./driverlib/emac.o
                0x0000000000002d6c                EMACAddrSet
 .text.EMACAddrGet
                0x0000000000002da6       0x28 ./driverlib/emac.o
                0x0000000000002da6                EMACAddrGet
 .text.EMACNumAddrGet
                0x0000000000002dce        0x4 ./driverlib/emac.o
                0x0000000000002dce                EMACNumAddrGet
 .text.EMACAddrFilterSet
                0x0000000000002dd2       0x20 ./driverlib/emac.o
                0x0000000000002dd2                EMACAddrFilterSet
 .text.EMACAddrFilterGet
                0x0000000000002df2        0xc ./driverlib/emac.o
                0x0000000000002df2                EMACAddrFilterGet
 .text.EMACFrameFilterSet
                0x0000000000002dfe       0x18 ./driverlib/emac.o
                0x0000000000002dfe                EMACFrameFilterSet
 *fill*         0x0000000000002e16        0x2 
 .text.EMACFrameFilterGet
                0x0000000000002e18        0xc ./driverlib/emac.o
                0x0000000000002e18                EMACFrameFilterGet
 .text.EMACHashFilterSet
                0x0000000000002e24        0x6 ./driverlib/emac.o
                0x0000000000002e24                EMACHashFilterSet
 .text.EMACHashFilterGet
                0x0000000000002e2a        0xa ./driverlib/emac.o
                0x0000000000002e2a                EMACHashFilterGet
 .text.EMACHashFilterBitCalculate
                0x0000000000002e34       0x28 ./driverlib/emac.o
                0x0000000000002e34                EMACHashFilterBitCalculate
 .text.EMACRxWatchdogTimerSet
                0x0000000000002e5c        0x6 ./driverlib/emac.o
                0x0000000000002e5c                EMACRxWatchdogTimerSet
 .text.EMACStatusGet
                0x0000000000002e62        0x4 ./driverlib/emac.o
                0x0000000000002e62                EMACStatusGet
 .text.EMACTxDMAPollDemand
                0x0000000000002e66        0x8 ./driverlib/emac.o
                0x0000000000002e66                EMACTxDMAPollDemand
 .text.EMACRxDMAPollDemand
                0x0000000000002e6e        0x8 ./driverlib/emac.o
                0x0000000000002e6e                EMACRxDMAPollDemand
 .text.EMACRxDMADescriptorListSet
                0x0000000000002e76        0x6 ./driverlib/emac.o
                0x0000000000002e76                EMACRxDMADescriptorListSet
 .text.EMACRxDMADescriptorListGet
                0x0000000000002e7c        0x6 ./driverlib/emac.o
                0x0000000000002e7c                EMACRxDMADescriptorListGet
 .text.EMACRxDMACurrentDescriptorGet
                0x0000000000002e82        0x6 ./driverlib/emac.o
                0x0000000000002e82                EMACRxDMACurrentDescriptorGet
 .text.EMACRxDMACurrentBufferGet
                0x0000000000002e88        0x6 ./driverlib/emac.o
                0x0000000000002e88                EMACRxDMACurrentBufferGet
 .text.EMACTxDMADescriptorListSet
                0x0000000000002e8e        0x6 ./driverlib/emac.o
                0x0000000000002e8e                EMACTxDMADescriptorListSet
 .text.EMACTxDMADescriptorListGet
                0x0000000000002e94        0x6 ./driverlib/emac.o
                0x0000000000002e94                EMACTxDMADescriptorListGet
 .text.EMACTxDMACurrentDescriptorGet
                0x0000000000002e9a        0x6 ./driverlib/emac.o
                0x0000000000002e9a                EMACTxDMACurrentDescriptorGet
 .text.EMACTxDMACurrentBufferGet
                0x0000000000002ea0        0x6 ./driverlib/emac.o
                0x0000000000002ea0                EMACTxDMACurrentBufferGet
 .text.EMACDMAStateGet
                0x0000000000002ea6       0x16 ./driverlib/emac.o
                0x0000000000002ea6                EMACDMAStateGet
 .text.EMACTxFlush
                0x0000000000002ebc       0x22 ./driverlib/emac.o
                0x0000000000002ebc                EMACTxFlush
 .text.EMACTxEnable
                0x0000000000002ede       0x16 ./driverlib/emac.o
                0x0000000000002ede                EMACTxEnable
 .text.EMACTxDisable
                0x0000000000002ef4       0x16 ./driverlib/emac.o
                0x0000000000002ef4                EMACTxDisable
 .text.EMACRxEnable
                0x0000000000002f0a       0x16 ./driverlib/emac.o
                0x0000000000002f0a                EMACRxEnable
 .text.EMACRxDisable
                0x0000000000002f20       0x16 ./driverlib/emac.o
                0x0000000000002f20                EMACRxDisable
 .text.EMACIntRegister
                0x0000000000002f36       0x10 ./driverlib/emac.o
                0x0000000000002f36                EMACIntRegister
 .text.EMACIntUnregister
                0x0000000000002f46       0x10 ./driverlib/emac.o
                0x0000000000002f46                EMACIntUnregister
 .text.EMACIntEnable
                0x0000000000002f56       0x3c ./driverlib/emac.o
                0x0000000000002f56                EMACIntEnable
 .text.EMACIntDisable
                0x0000000000002f92       0x3c ./driverlib/emac.o
                0x0000000000002f92                EMACIntDisable
 .text.EMACIntStatus
                0x0000000000002fce       0x34 ./driverlib/emac.o
                0x0000000000002fce                EMACIntStatus
 .text.EMACIntClear
                0x0000000000003002       0x36 ./driverlib/emac.o
                0x0000000000003002                EMACIntClear
 .text.EMACPHYWrite
                0x0000000000003038       0x30 ./driverlib/emac.o
                0x0000000000003038                EMACPHYWrite
 .text.EMACPHYRead
                0x0000000000003068       0x34 ./driverlib/emac.o
                0x0000000000003068                EMACPHYRead
 .text.EMACPHYExtendedRead
                0x000000000000309c       0x3c ./driverlib/emac.o
                0x000000000000309c                EMACPHYExtendedRead
 .text.EMACPHYExtendedWrite
                0x00000000000030d8       0x40 ./driverlib/emac.o
                0x00000000000030d8                EMACPHYExtendedWrite
 .text.EMACPHYPowerOff
                0x0000000000003118       0x24 ./driverlib/emac.o
                0x0000000000003118                EMACPHYPowerOff
 .text.EMACPHYPowerOn
                0x000000000000313c       0x24 ./driverlib/emac.o
                0x000000000000313c                EMACPHYPowerOn
 .text.EMACTimestampConfigSet
                0x0000000000003160       0x18 ./driverlib/emac.o
                0x0000000000003160                EMACTimestampConfigSet
 .text.EMACTimestampConfigGet
                0x0000000000003178        0xe ./driverlib/emac.o
                0x0000000000003178                EMACTimestampConfigGet
 .text.EMACTimestampEnable
                0x0000000000003186       0x24 ./driverlib/emac.o
                0x0000000000003186                EMACTimestampEnable
 .text.EMACTimestampDisable
                0x00000000000031aa        0xe ./driverlib/emac.o
                0x00000000000031aa                EMACTimestampDisable
 .text.EMACTimestampSysTimeSet
                0x00000000000031b8       0x20 ./driverlib/emac.o
                0x00000000000031b8                EMACTimestampSysTimeSet
 .text.EMACTimestampSysTimeGet
                0x00000000000031d8       0x1c ./driverlib/emac.o
                0x00000000000031d8                EMACTimestampSysTimeGet
 .text.EMACTimestampSysTimeUpdate
                0x00000000000031f4       0x2c ./driverlib/emac.o
                0x00000000000031f4                EMACTimestampSysTimeUpdate
 .text.EMACTimestampAddendSet
                0x0000000000003220       0x1c ./driverlib/emac.o
                0x0000000000003220                EMACTimestampAddendSet
 .text.EMACTimestampTargetSet
                0x000000000000323c       0x18 ./driverlib/emac.o
                0x000000000000323c                EMACTimestampTargetSet
 .text.EMACTimestampTargetIntEnable
                0x0000000000003254        0xe ./driverlib/emac.o
                0x0000000000003254                EMACTimestampTargetIntEnable
 .text.EMACTimestampTargetIntDisable
                0x0000000000003262        0xe ./driverlib/emac.o
                0x0000000000003262                EMACTimestampTargetIntDisable
 .text.EMACTimestampIntStatus
                0x0000000000003270        0x6 ./driverlib/emac.o
                0x0000000000003270                EMACTimestampIntStatus
 .text.EMACTimestampPPSSimpleModeSet
                0x0000000000003276       0x16 ./driverlib/emac.o
                0x0000000000003276                EMACTimestampPPSSimpleModeSet
 .text.EMACTimestampPPSCommandModeSet
                0x000000000000328c       0x14 ./driverlib/emac.o
                0x000000000000328c                EMACTimestampPPSCommandModeSet
 .text.EMACTimestampPPSCommand
                0x00000000000032a0       0x14 ./driverlib/emac.o
                0x00000000000032a0                EMACTimestampPPSCommand
 .text.EMACTimestampPPSPeriodSet
                0x00000000000032b4        0xa ./driverlib/emac.o
                0x00000000000032b4                EMACTimestampPPSPeriodSet
 .text.EMACVLANRxConfigSet
                0x00000000000032be        0x6 ./driverlib/emac.o
                0x00000000000032be                EMACVLANRxConfigSet
 .text.EMACVLANRxConfigGet
                0x00000000000032c4        0xa ./driverlib/emac.o
                0x00000000000032c4                EMACVLANRxConfigGet
 .text.EMACVLANTxConfigSet
                0x00000000000032ce        0x8 ./driverlib/emac.o
                0x00000000000032ce                EMACVLANTxConfigSet
 .text.EMACVLANTxConfigGet
                0x00000000000032d6        0xc ./driverlib/emac.o
                0x00000000000032d6                EMACVLANTxConfigGet
 .text.EMACVLANHashFilterBitCalculate
                0x00000000000032e2       0x34 ./driverlib/emac.o
                0x00000000000032e2                EMACVLANHashFilterBitCalculate
 .text.EMACVLANHashFilterSet
                0x0000000000003316        0x6 ./driverlib/emac.o
                0x0000000000003316                EMACVLANHashFilterSet
 .text.EMACVLANHashFilterGet
                0x000000000000331c        0x6 ./driverlib/emac.o
                0x000000000000331c                EMACVLANHashFilterGet
 .text.EMACRemoteWakeUpFrameFilterSet
                0x0000000000003322       0x1a ./driverlib/emac.o
                0x0000000000003322                EMACRemoteWakeUpFrameFilterSet
 .text.EMACRemoteWakeUpFrameFilterGet
                0x000000000000333c       0x1a ./driverlib/emac.o
                0x000000000000333c                EMACRemoteWakeUpFrameFilterGet
 .text.EMACPowerManagementControlSet
                0x0000000000003356       0x10 ./driverlib/emac.o
                0x0000000000003356                EMACPowerManagementControlSet
 .text.EMACPowerManagementControlGet
                0x0000000000003366        0xc ./driverlib/emac.o
                0x0000000000003366                EMACPowerManagementControlGet
 .text.EMACPowerManagementStatusGet
                0x0000000000003372        0x8 ./driverlib/emac.o
                0x0000000000003372                EMACPowerManagementStatusGet
 .text.EMACWoLEnter
                0x000000000000337a       0x32 ./driverlib/emac.o
                0x000000000000337a                EMACWoLEnter
 .text.EMACLPIConfig
                0x00000000000033ac       0x28 ./driverlib/emac.o
                0x00000000000033ac                EMACLPIConfig
 .text.EMACLPIEnter
                0x00000000000033d4        0xa ./driverlib/emac.o
                0x00000000000033d4                EMACLPIEnter
 .text.EMACLPIStatus
                0x00000000000033de        0x6 ./driverlib/emac.o
                0x00000000000033de                EMACLPIStatus
 .text.EMACLPILinkSet
                0x00000000000033e4        0xa ./driverlib/emac.o
                0x00000000000033e4                EMACLPILinkSet
 .text.EMACLPILinkClear
                0x00000000000033ee        0xa ./driverlib/emac.o
                0x00000000000033ee                EMACLPILinkClear
 .text.EMACPHYMMDWrite
                0x00000000000033f8       0x44 ./driverlib/emac.o
                0x00000000000033f8                EMACPHYMMDWrite
 .text.EMACPHYMMDRead
                0x000000000000343c       0x3a ./driverlib/emac.o
                0x000000000000343c                EMACPHYMMDRead
 *fill*         0x0000000000003476        0x2 
 .text._EPIIntNumberGet
                0x0000000000003478       0x24 ./driverlib/epi.o
 .text.EPIWorkaroundWordWrite
                0x000000000000349c       0x12 ./driverlib/epi.o
                0x000000000000349c                EPIWorkaroundWordWrite
 .text.EPIWorkaroundWordRead
                0x00000000000034ae       0x16 ./driverlib/epi.o
                0x00000000000034ae                EPIWorkaroundWordRead
 .text.EPIWorkaroundHWordWrite
                0x00000000000034c4       0x12 ./driverlib/epi.o
                0x00000000000034c4                EPIWorkaroundHWordWrite
 .text.EPIWorkaroundHWordRead
                0x00000000000034d6        0xa ./driverlib/epi.o
                0x00000000000034d6                EPIWorkaroundHWordRead
 .text.EPIWorkaroundByteWrite
                0x00000000000034e0       0x12 ./driverlib/epi.o
                0x00000000000034e0                EPIWorkaroundByteWrite
 .text.EPIWorkaroundByteRead
                0x00000000000034f2        0xa ./driverlib/epi.o
                0x00000000000034f2                EPIWorkaroundByteRead
 .text.EPIModeSet
                0x00000000000034fc        0x4 ./driverlib/epi.o
                0x00000000000034fc                EPIModeSet
 .text.EPIDividerSet
                0x0000000000003500        0x4 ./driverlib/epi.o
                0x0000000000003500                EPIDividerSet
 .text.EPIDividerCSSet
                0x0000000000003504       0x3c ./driverlib/epi.o
                0x0000000000003504                EPIDividerCSSet
 .text.EPIDMATxCount
                0x0000000000003540        0x8 ./driverlib/epi.o
                0x0000000000003540                EPIDMATxCount
 .text.EPIConfigSDRAMSet
                0x0000000000003548       0x10 ./driverlib/epi.o
                0x0000000000003548                EPIConfigSDRAMSet
 .text.EPIConfigHB8Set
                0x0000000000003558       0x14 ./driverlib/epi.o
                0x0000000000003558                EPIConfigHB8Set
 .text.EPIConfigHB16Set
                0x000000000000356c       0x14 ./driverlib/epi.o
                0x000000000000356c                EPIConfigHB16Set
 .text.EPIConfigHB8CSSet
                0x0000000000003580       0x22 ./driverlib/epi.o
                0x0000000000003580                EPIConfigHB8CSSet
 .text.EPIConfigHB16CSSet
                0x00000000000035a2       0x22 ./driverlib/epi.o
                0x00000000000035a2                EPIConfigHB16CSSet
 .text.EPIConfigHB8TimingSet
                0x00000000000035c4        0xa ./driverlib/epi.o
                0x00000000000035c4                EPIConfigHB8TimingSet
 .text.EPIConfigHB16TimingSet
                0x00000000000035ce        0xa ./driverlib/epi.o
                0x00000000000035ce                EPIConfigHB16TimingSet
 .text.EPIPSRAMConfigRegSet
                0x00000000000035d8       0x24 ./driverlib/epi.o
                0x00000000000035d8                EPIPSRAMConfigRegSet
 .text.EPIPSRAMConfigRegRead
                0x00000000000035fc       0x1c ./driverlib/epi.o
                0x00000000000035fc                EPIPSRAMConfigRegRead
 .text.EPIPSRAMConfigRegGetNonBlocking
                0x0000000000003618       0x2a ./driverlib/epi.o
                0x0000000000003618                EPIPSRAMConfigRegGetNonBlocking
 .text.EPIPSRAMConfigRegGet
                0x0000000000003642       0x22 ./driverlib/epi.o
                0x0000000000003642                EPIPSRAMConfigRegGet
 .text.EPIConfigGPModeSet
                0x0000000000003664        0xc ./driverlib/epi.o
                0x0000000000003664                EPIConfigGPModeSet
 .text.EPIAddressMapSet
                0x0000000000003670        0x4 ./driverlib/epi.o
                0x0000000000003670                EPIAddressMapSet
 .text.EPINonBlockingReadConfigure
                0x0000000000003674        0xa ./driverlib/epi.o
                0x0000000000003674                EPINonBlockingReadConfigure
 .text.EPINonBlockingReadStart
                0x000000000000367e        0x8 ./driverlib/epi.o
                0x000000000000367e                EPINonBlockingReadStart
 .text.EPINonBlockingReadStop
                0x0000000000003686        0xa ./driverlib/epi.o
                0x0000000000003686                EPINonBlockingReadStop
 .text.EPINonBlockingReadCount
                0x0000000000003690        0x8 ./driverlib/epi.o
                0x0000000000003690                EPINonBlockingReadCount
 .text.EPINonBlockingReadAvail
                0x0000000000003698        0x4 ./driverlib/epi.o
                0x0000000000003698                EPINonBlockingReadAvail
 .text.EPINonBlockingReadGet32
                0x000000000000369c       0x20 ./driverlib/epi.o
                0x000000000000369c                EPINonBlockingReadGet32
 .text.EPINonBlockingReadGet16
                0x00000000000036bc       0x20 ./driverlib/epi.o
                0x00000000000036bc                EPINonBlockingReadGet16
 .text.EPINonBlockingReadGet8
                0x00000000000036dc       0x20 ./driverlib/epi.o
                0x00000000000036dc                EPINonBlockingReadGet8
 .text.EPIFIFOConfig
                0x00000000000036fc        0x6 ./driverlib/epi.o
                0x00000000000036fc                EPIFIFOConfig
 .text.EPIWriteFIFOCountGet
                0x0000000000003702        0x6 ./driverlib/epi.o
                0x0000000000003702                EPIWriteFIFOCountGet
 .text.EPIIntEnable
                0x0000000000003708        0xc ./driverlib/epi.o
                0x0000000000003708                EPIIntEnable
 .text.EPIIntDisable
                0x0000000000003714        0xe ./driverlib/epi.o
                0x0000000000003714                EPIIntDisable
 .text.EPIIntStatus
                0x0000000000003722        0xe ./driverlib/epi.o
                0x0000000000003722                EPIIntStatus
 .text.EPIIntErrorStatus
                0x0000000000003730        0x6 ./driverlib/epi.o
                0x0000000000003730                EPIIntErrorStatus
 .text.EPIIntErrorClear
                0x0000000000003736        0x6 ./driverlib/epi.o
                0x0000000000003736                EPIIntErrorClear
 .text.EPIIntRegister
                0x000000000000373c       0x18 ./driverlib/epi.o
                0x000000000000373c                EPIIntRegister
 .text.EPIIntUnregister
                0x0000000000003754       0x14 ./driverlib/epi.o
                0x0000000000003754                EPIIntUnregister
 .text.FlashErase
                0x0000000000003768       0x44 ./driverlib/flash.o
                0x0000000000003768                FlashErase
 .text.FlashProgram
                0x00000000000037ac       0x78 ./driverlib/flash.o
                0x00000000000037ac                FlashProgram
 .text.FlashProtectGet
                0x0000000000003824       0x48 ./driverlib/flash.o
                0x0000000000003824                FlashProtectGet
 .text.FlashProtectSet
                0x000000000000386c       0x80 ./driverlib/flash.o
                0x000000000000386c                FlashProtectSet
 .text.FlashProtectSave
                0x00000000000038ec       0x30 ./driverlib/flash.o
                0x00000000000038ec                FlashProtectSave
 .text.FlashUserGet
                0x000000000000391c       0x18 ./driverlib/flash.o
                0x000000000000391c                FlashUserGet
 .text.FlashUserSet
                0x0000000000003934       0x10 ./driverlib/flash.o
                0x0000000000003934                FlashUserSet
 .text.FlashAllUserRegisterGet
                0x0000000000003944       0x34 ./driverlib/flash.o
                0x0000000000003944                FlashAllUserRegisterGet
 .text.FlashAllUserRegisterSet
                0x0000000000003978       0x2c ./driverlib/flash.o
                0x0000000000003978                FlashAllUserRegisterSet
 .text.FlashUserSave
                0x00000000000039a4       0x44 ./driverlib/flash.o
                0x00000000000039a4                FlashUserSave
 .text.FlashAllUserRegisterSave
                0x00000000000039e8       0x34 ./driverlib/flash.o
                0x00000000000039e8                FlashAllUserRegisterSave
 .text.FlashIntRegister
                0x0000000000003a1c       0x12 ./driverlib/flash.o
                0x0000000000003a1c                FlashIntRegister
 .text.FlashIntUnregister
                0x0000000000003a2e       0x10 ./driverlib/flash.o
                0x0000000000003a2e                FlashIntUnregister
 *fill*         0x0000000000003a3e        0x2 
 .text.FlashIntEnable
                0x0000000000003a40       0x10 ./driverlib/flash.o
                0x0000000000003a40                FlashIntEnable
 .text.FlashIntDisable
                0x0000000000003a50       0x10 ./driverlib/flash.o
                0x0000000000003a50                FlashIntDisable
 .text.FlashIntStatus
                0x0000000000003a60       0x18 ./driverlib/flash.o
                0x0000000000003a60                FlashIntStatus
 .text.FlashIntClear
                0x0000000000003a78        0xc ./driverlib/flash.o
                0x0000000000003a78                FlashIntClear
 .text.FPUEnable
                0x0000000000003a84       0x10 ./driverlib/fpu.o
                0x0000000000003a84                FPUEnable
 .text.FPUDisable
                0x0000000000003a94       0x10 ./driverlib/fpu.o
                0x0000000000003a94                FPUDisable
 .text.FPUStackingEnable
                0x0000000000003aa4       0x14 ./driverlib/fpu.o
                0x0000000000003aa4                FPUStackingEnable
 .text.FPULazyStackingEnable
                0x0000000000003ab8       0x10 ./driverlib/fpu.o
                0x0000000000003ab8                FPULazyStackingEnable
 .text.FPUStackingDisable
                0x0000000000003ac8       0x10 ./driverlib/fpu.o
                0x0000000000003ac8                FPUStackingDisable
 .text.FPUHalfPrecisionModeSet
                0x0000000000003ad8       0x14 ./driverlib/fpu.o
                0x0000000000003ad8                FPUHalfPrecisionModeSet
 .text.FPUNaNModeSet
                0x0000000000003aec       0x14 ./driverlib/fpu.o
                0x0000000000003aec                FPUNaNModeSet
 .text.FPUFlushToZeroModeSet
                0x0000000000003b00       0x14 ./driverlib/fpu.o
                0x0000000000003b00                FPUFlushToZeroModeSet
 .text.FPURoundingModeSet
                0x0000000000003b14       0x14 ./driverlib/fpu.o
                0x0000000000003b14                FPURoundingModeSet
 .text._GPIOIntNumberGet
                0x0000000000003b28       0x50 ./driverlib/gpio.o
 .text.GPIODirModeSet
                0x0000000000003b78       0x36 ./driverlib/gpio.o
                0x0000000000003b78                GPIODirModeSet
 .text.GPIODirModeGet
                0x0000000000003bae       0x26 ./driverlib/gpio.o
                0x0000000000003bae                GPIODirModeGet
 .text.GPIOIntTypeSet
                0x0000000000003bd4       0x6c ./driverlib/gpio.o
                0x0000000000003bd4                GPIOIntTypeSet
 .text.GPIOIntTypeGet
                0x0000000000003c40       0x4c ./driverlib/gpio.o
                0x0000000000003c40                GPIOIntTypeGet
 .text.GPIOPadConfigSet
                0x0000000000003c8c      0x17a ./driverlib/gpio.o
                0x0000000000003c8c                GPIOPadConfigSet
 .text.GPIOPadConfigGet
                0x0000000000003e06       0xc6 ./driverlib/gpio.o
                0x0000000000003e06                GPIOPadConfigGet
 .text.GPIOIntEnable
                0x0000000000003ecc        0xc ./driverlib/gpio.o
                0x0000000000003ecc                GPIOIntEnable
 .text.GPIOIntDisable
                0x0000000000003ed8        0xe ./driverlib/gpio.o
                0x0000000000003ed8                GPIOIntDisable
 .text.GPIOIntStatus
                0x0000000000003ee6        0xe ./driverlib/gpio.o
                0x0000000000003ee6                GPIOIntStatus
 .text.GPIOIntClear
                0x0000000000003ef4        0x6 ./driverlib/gpio.o
                0x0000000000003ef4                GPIOIntClear
 .text.GPIOIntRegister
                0x0000000000003efa       0x18 ./driverlib/gpio.o
                0x0000000000003efa                GPIOIntRegister
 .text.GPIOIntUnregister
                0x0000000000003f12       0x14 ./driverlib/gpio.o
                0x0000000000003f12                GPIOIntUnregister
 .text.GPIOIntRegisterPin
                0x0000000000003f26       0x1c ./driverlib/gpio.o
                0x0000000000003f26                GPIOIntRegisterPin
 .text.GPIOIntUnregisterPin
                0x0000000000003f42       0x18 ./driverlib/gpio.o
                0x0000000000003f42                GPIOIntUnregisterPin
 .text.GPIOPinRead
                0x0000000000003f5a        0x6 ./driverlib/gpio.o
                0x0000000000003f5a                GPIOPinRead
 .text.GPIOPinWrite
                0x0000000000003f60        0x6 ./driverlib/gpio.o
                0x0000000000003f60                GPIOPinWrite
 .text.GPIOPinTypeADC
                0x0000000000003f66       0x1a ./driverlib/gpio.o
                0x0000000000003f66                GPIOPinTypeADC
 .text.GPIOPinTypeCAN
                0x0000000000003f80       0x1a ./driverlib/gpio.o
                0x0000000000003f80                GPIOPinTypeCAN
 .text.GPIOPinTypeComparator
                0x0000000000003f9a       0x1a ./driverlib/gpio.o
                0x0000000000003f9a                GPIOPinTypeComparator
 .text.GPIOPinTypeComparatorOutput
                0x0000000000003fb4       0x1a ./driverlib/gpio.o
                0x0000000000003fb4                GPIOPinTypeComparatorOutput
 .text.GPIOPinTypeDIVSCLK
                0x0000000000003fce       0x1a ./driverlib/gpio.o
                0x0000000000003fce                GPIOPinTypeDIVSCLK
 .text.GPIOPinTypeEPI
                0x0000000000003fe8       0x1a ./driverlib/gpio.o
                0x0000000000003fe8                GPIOPinTypeEPI
 .text.GPIOPinTypeEthernetLED
                0x0000000000004002       0x1a ./driverlib/gpio.o
                0x0000000000004002                GPIOPinTypeEthernetLED
 .text.GPIOPinTypeEthernetMII
                0x000000000000401c       0x1a ./driverlib/gpio.o
                0x000000000000401c                GPIOPinTypeEthernetMII
 .text.GPIOPinTypeGPIOInput
                0x0000000000004036       0x1a ./driverlib/gpio.o
                0x0000000000004036                GPIOPinTypeGPIOInput
 .text.GPIOPinTypeGPIOOutput
                0x0000000000004050       0x1a ./driverlib/gpio.o
                0x0000000000004050                GPIOPinTypeGPIOOutput
 .text.GPIOPinTypeGPIOOutputOD
                0x000000000000406a       0x1a ./driverlib/gpio.o
                0x000000000000406a                GPIOPinTypeGPIOOutputOD
 .text.GPIOPinTypeHibernateRTCCLK
                0x0000000000004084       0x1a ./driverlib/gpio.o
                0x0000000000004084                GPIOPinTypeHibernateRTCCLK
 .text.GPIOPinTypeI2C
                0x000000000000409e       0x1a ./driverlib/gpio.o
                0x000000000000409e                GPIOPinTypeI2C
 .text.GPIOPinTypeI2CSCL
                0x00000000000040b8       0x1a ./driverlib/gpio.o
                0x00000000000040b8                GPIOPinTypeI2CSCL
 .text.GPIOPinTypeLCD
                0x00000000000040d2       0x1a ./driverlib/gpio.o
                0x00000000000040d2                GPIOPinTypeLCD
 .text.GPIOPinTypeOneWire
                0x00000000000040ec       0x1a ./driverlib/gpio.o
                0x00000000000040ec                GPIOPinTypeOneWire
 .text.GPIOPinTypePWM
                0x0000000000004106       0x1a ./driverlib/gpio.o
                0x0000000000004106                GPIOPinTypePWM
 .text.GPIOPinTypeQEI
                0x0000000000004120       0x1a ./driverlib/gpio.o
                0x0000000000004120                GPIOPinTypeQEI
 .text.GPIOPinTypeSSI
                0x000000000000413a       0x1a ./driverlib/gpio.o
                0x000000000000413a                GPIOPinTypeSSI
 .text.GPIOPinTypeTimer
                0x0000000000004154       0x1a ./driverlib/gpio.o
                0x0000000000004154                GPIOPinTypeTimer
 .text.GPIOPinTypeTrace
                0x000000000000416e       0x1a ./driverlib/gpio.o
                0x000000000000416e                GPIOPinTypeTrace
 .text.GPIOPinTypeUART
                0x0000000000004188       0x1a ./driverlib/gpio.o
                0x0000000000004188                GPIOPinTypeUART
 .text.GPIOPinTypeUSBAnalog
                0x00000000000041a2       0x1a ./driverlib/gpio.o
                0x00000000000041a2                GPIOPinTypeUSBAnalog
 .text.GPIOPinTypeUSBDigital
                0x00000000000041bc       0x1a ./driverlib/gpio.o
                0x00000000000041bc                GPIOPinTypeUSBDigital
 .text.GPIOPinTypeWakeHigh
                0x00000000000041d6       0x1c ./driverlib/gpio.o
                0x00000000000041d6                GPIOPinTypeWakeHigh
 .text.GPIOPinTypeWakeLow
                0x00000000000041f2       0x1c ./driverlib/gpio.o
                0x00000000000041f2                GPIOPinTypeWakeLow
 .text.GPIOPinWakeStatus
                0x000000000000420e        0x6 ./driverlib/gpio.o
                0x000000000000420e                GPIOPinWakeStatus
 .text.GPIOPinConfigure
                0x0000000000004214       0x50 ./driverlib/gpio.o
                0x0000000000004214                GPIOPinConfigure
 .text.GPIODMATriggerEnable
                0x0000000000004264        0xc ./driverlib/gpio.o
                0x0000000000004264                GPIODMATriggerEnable
 .text.GPIODMATriggerDisable
                0x0000000000004270        0xe ./driverlib/gpio.o
                0x0000000000004270                GPIODMATriggerDisable
 .text.GPIOADCTriggerEnable
                0x000000000000427e        0xc ./driverlib/gpio.o
                0x000000000000427e                GPIOADCTriggerEnable
 .text.GPIOADCTriggerDisable
                0x000000000000428a        0xe ./driverlib/gpio.o
                0x000000000000428a                GPIOADCTriggerDisable
 .text._HibernateWriteComplete
                0x0000000000004298       0x10 ./driverlib/hibernate.o
 .text._HibernateIntNumberGet
                0x00000000000042a8       0x24 ./driverlib/hibernate.o
 .text._HibernateCalendarSet
                0x00000000000042cc       0xe8 ./driverlib/hibernate.o
 .text.HibernateEnableExpClk
                0x00000000000043b4       0x18 ./driverlib/hibernate.o
                0x00000000000043b4                HibernateEnableExpClk
 .text.HibernateDisable
                0x00000000000043cc       0x18 ./driverlib/hibernate.o
                0x00000000000043cc                HibernateDisable
 .text.HibernateClockConfig
                0x00000000000043e4       0x54 ./driverlib/hibernate.o
                0x00000000000043e4                HibernateClockConfig
 .text.HibernateRTCEnable
                0x0000000000004438       0x18 ./driverlib/hibernate.o
                0x0000000000004438                HibernateRTCEnable
 .text.HibernateRTCDisable
                0x0000000000004450       0x18 ./driverlib/hibernate.o
                0x0000000000004450                HibernateRTCDisable
 .text.HibernateBatCheckStart
                0x0000000000004468       0x18 ./driverlib/hibernate.o
                0x0000000000004468                HibernateBatCheckStart
 .text.HibernateBatCheckDone
                0x0000000000004480       0x10 ./driverlib/hibernate.o
                0x0000000000004480                HibernateBatCheckDone
 .text.HibernateWakeSet
                0x0000000000004490       0x78 ./driverlib/hibernate.o
                0x0000000000004490                HibernateWakeSet
 .text.HibernateWakeGet
                0x0000000000004508       0x40 ./driverlib/hibernate.o
                0x0000000000004508                HibernateWakeGet
 .text.HibernateLowBatSet
                0x0000000000004548       0x1c ./driverlib/hibernate.o
                0x0000000000004548                HibernateLowBatSet
 .text.HibernateLowBatGet
                0x0000000000004564       0x18 ./driverlib/hibernate.o
                0x0000000000004564                HibernateLowBatGet
 .text.HibernateRTCSet
                0x000000000000457c       0x2c ./driverlib/hibernate.o
                0x000000000000457c                HibernateRTCSet
 .text.HibernateRTCGet
                0x00000000000045a8        0xc ./driverlib/hibernate.o
                0x00000000000045a8                HibernateRTCGet
 .text.HibernateRTCMatchSet
                0x00000000000045b4       0x10 ./driverlib/hibernate.o
                0x00000000000045b4                HibernateRTCMatchSet
 .text.HibernateRTCMatchGet
                0x00000000000045c4        0xc ./driverlib/hibernate.o
                0x00000000000045c4                HibernateRTCMatchGet
 .text.HibernateRTCSSMatchSet
                0x00000000000045d0       0x14 ./driverlib/hibernate.o
                0x00000000000045d0                HibernateRTCSSMatchSet
 .text.HibernateRTCSSMatchGet
                0x00000000000045e4        0xc ./driverlib/hibernate.o
                0x00000000000045e4                HibernateRTCSSMatchGet
 .text.HibernateRTCSSGet
                0x00000000000045f0       0x10 ./driverlib/hibernate.o
                0x00000000000045f0                HibernateRTCSSGet
 .text.HibernateRTCTrimSet
                0x0000000000004600       0x10 ./driverlib/hibernate.o
                0x0000000000004600                HibernateRTCTrimSet
 .text.HibernateRTCTrimGet
                0x0000000000004610        0xc ./driverlib/hibernate.o
                0x0000000000004610                HibernateRTCTrimGet
 .text.HibernateDataSet
                0x000000000000461c       0x28 ./driverlib/hibernate.o
                0x000000000000461c                HibernateDataSet
 .text.HibernateDataGet
                0x0000000000004644       0x1c ./driverlib/hibernate.o
                0x0000000000004644                HibernateDataGet
 .text.HibernateRequest
                0x0000000000004660       0x18 ./driverlib/hibernate.o
                0x0000000000004660                HibernateRequest
 .text.HibernateIntEnable
                0x0000000000004678       0x14 ./driverlib/hibernate.o
                0x0000000000004678                HibernateIntEnable
 .text.HibernateIntDisable
                0x000000000000468c       0x18 ./driverlib/hibernate.o
                0x000000000000468c                HibernateIntDisable
 .text.HibernateIntRegister
                0x00000000000046a4       0x18 ./driverlib/hibernate.o
                0x00000000000046a4                HibernateIntRegister
 .text.HibernateIntUnregister
                0x00000000000046bc       0x14 ./driverlib/hibernate.o
                0x00000000000046bc                HibernateIntUnregister
 .text.HibernateIntStatus
                0x00000000000046d0       0x18 ./driverlib/hibernate.o
                0x00000000000046d0                HibernateIntStatus
 .text.HibernateIntClear
                0x00000000000046e8       0x14 ./driverlib/hibernate.o
                0x00000000000046e8                HibernateIntClear
 .text.HibernateIsActive
                0x00000000000046fc       0x10 ./driverlib/hibernate.o
                0x00000000000046fc                HibernateIsActive
 .text.HibernateGPIORetentionEnable
                0x000000000000470c       0x1c ./driverlib/hibernate.o
                0x000000000000470c                HibernateGPIORetentionEnable
 .text.HibernateGPIORetentionDisable
                0x0000000000004728       0x1c ./driverlib/hibernate.o
                0x0000000000004728                HibernateGPIORetentionDisable
 .text.HibernateGPIORetentionGet
                0x0000000000004744       0x1c ./driverlib/hibernate.o
                0x0000000000004744                HibernateGPIORetentionGet
 .text.HibernateCounterMode
                0x0000000000004760       0x10 ./driverlib/hibernate.o
                0x0000000000004760                HibernateCounterMode
 .text.HibernateCalendarSet
                0x0000000000004770       0x10 ./driverlib/hibernate.o
                0x0000000000004770                HibernateCalendarSet
 .text.HibernateCalendarGet
                0x0000000000004780       0x80 ./driverlib/hibernate.o
                0x0000000000004780                HibernateCalendarGet
 .text.HibernateCalendarMatchSet
                0x0000000000004800       0x10 ./driverlib/hibernate.o
                0x0000000000004800                HibernateCalendarMatchSet
 .text.HibernateCalendarMatchGet
                0x0000000000004810       0x7c ./driverlib/hibernate.o
                0x0000000000004810                HibernateCalendarMatchGet
 .text.HibernateTamperEventsConfig
                0x000000000000488c       0x34 ./driverlib/hibernate.o
                0x000000000000488c                HibernateTamperEventsConfig
 .text.HibernateTamperEnable
                0x00000000000048c0       0x30 ./driverlib/hibernate.o
                0x00000000000048c0                HibernateTamperEnable
 .text.HibernateTamperDisable
                0x00000000000048f0       0x30 ./driverlib/hibernate.o
                0x00000000000048f0                HibernateTamperDisable
 .text.HibernateTamperIOEnable
                0x0000000000004920       0x40 ./driverlib/hibernate.o
                0x0000000000004920                HibernateTamperIOEnable
 .text.HibernateTamperIODisable
                0x0000000000004960       0x3c ./driverlib/hibernate.o
                0x0000000000004960                HibernateTamperIODisable
 .text.HibernateTamperEventsClear
                0x000000000000499c       0x30 ./driverlib/hibernate.o
                0x000000000000499c                HibernateTamperEventsClear
 .text.HibernateTamperEventsClearNoLock
                0x00000000000049cc       0x18 ./driverlib/hibernate.o
                0x00000000000049cc                HibernateTamperEventsClearNoLock
 .text.HibernateTamperUnLock
                0x00000000000049e4       0x18 ./driverlib/hibernate.o
                0x00000000000049e4                HibernateTamperUnLock
 .text.HibernateTamperLock
                0x00000000000049fc       0x18 ./driverlib/hibernate.o
                0x00000000000049fc                HibernateTamperLock
 .text.HibernateTamperStatusGet
                0x0000000000004a14       0x3c ./driverlib/hibernate.o
                0x0000000000004a14                HibernateTamperStatusGet
 .text.HibernateTamperEventsGet
                0x0000000000004a50       0x5c ./driverlib/hibernate.o
                0x0000000000004a50                HibernateTamperEventsGet
 .text.HibernateTamperExtOscRecover
                0x0000000000004aac       0x30 ./driverlib/hibernate.o
                0x0000000000004aac                HibernateTamperExtOscRecover
 .text.HibernateTamperExtOscValid
                0x0000000000004adc       0x14 ./driverlib/hibernate.o
                0x0000000000004adc                HibernateTamperExtOscValid
 .text._I2CIntNumberGet
                0x0000000000004af0       0x50 ./driverlib/i2c.o
 .text.I2CSlaveAddressSet
                0x0000000000004b40       0x18 ./driverlib/i2c.o
                0x0000000000004b40                I2CSlaveAddressSet
 .text.I2CMasterEnable
                0x0000000000004b58        0xa ./driverlib/i2c.o
                0x0000000000004b58                I2CMasterEnable
 *fill*         0x0000000000004b62        0x2 
 .text.I2CMasterInitExpClk
                0x0000000000004b64       0x58 ./driverlib/i2c.o
                0x0000000000004b64                I2CMasterInitExpClk
 .text.I2CSlaveEnable
                0x0000000000004bbc       0x10 ./driverlib/i2c.o
                0x0000000000004bbc                I2CSlaveEnable
 .text.I2CSlaveInit
                0x0000000000004bcc       0x10 ./driverlib/i2c.o
                0x0000000000004bcc                I2CSlaveInit
 .text.I2CMasterDisable
                0x0000000000004bdc        0xa ./driverlib/i2c.o
                0x0000000000004bdc                I2CMasterDisable
 .text.I2CSlaveDisable
                0x0000000000004be6       0x10 ./driverlib/i2c.o
                0x0000000000004be6                I2CSlaveDisable
 .text.I2CIntRegister
                0x0000000000004bf6       0x18 ./driverlib/i2c.o
                0x0000000000004bf6                I2CIntRegister
 .text.I2CIntUnregister
                0x0000000000004c0e       0x14 ./driverlib/i2c.o
                0x0000000000004c0e                I2CIntUnregister
 .text.I2CMasterIntEnable
                0x0000000000004c22        0x6 ./driverlib/i2c.o
                0x0000000000004c22                I2CMasterIntEnable
 .text.I2CMasterIntEnableEx
                0x0000000000004c28        0x8 ./driverlib/i2c.o
                0x0000000000004c28                I2CMasterIntEnableEx
 .text.I2CSlaveIntEnable
                0x0000000000004c30        0xe ./driverlib/i2c.o
                0x0000000000004c30                I2CSlaveIntEnable
 .text.I2CSlaveIntEnableEx
                0x0000000000004c3e        0xc ./driverlib/i2c.o
                0x0000000000004c3e                I2CSlaveIntEnableEx
 .text.I2CMasterIntDisable
                0x0000000000004c4a        0x6 ./driverlib/i2c.o
                0x0000000000004c4a                I2CMasterIntDisable
 .text.I2CMasterIntDisableEx
                0x0000000000004c50        0xa ./driverlib/i2c.o
                0x0000000000004c50                I2CMasterIntDisableEx
 .text.I2CSlaveIntDisable
                0x0000000000004c5a        0xe ./driverlib/i2c.o
                0x0000000000004c5a                I2CSlaveIntDisable
 .text.I2CSlaveIntDisableEx
                0x0000000000004c68        0xe ./driverlib/i2c.o
                0x0000000000004c68                I2CSlaveIntDisableEx
 .text.I2CMasterIntStatus
                0x0000000000004c76       0x16 ./driverlib/i2c.o
                0x0000000000004c76                I2CMasterIntStatus
 .text.I2CMasterIntStatusEx
                0x0000000000004c8c        0xa ./driverlib/i2c.o
                0x0000000000004c8c                I2CMasterIntStatusEx
 .text.I2CSlaveIntStatus
                0x0000000000004c96       0x1a ./driverlib/i2c.o
                0x0000000000004c96                I2CSlaveIntStatus
 .text.I2CSlaveIntStatusEx
                0x0000000000004cb0        0xe ./driverlib/i2c.o
                0x0000000000004cb0                I2CSlaveIntStatusEx
 .text.I2CMasterIntClear
                0x0000000000004cbe        0x8 ./driverlib/i2c.o
                0x0000000000004cbe                I2CMasterIntClear
 .text.I2CMasterIntClearEx
                0x0000000000004cc6        0x4 ./driverlib/i2c.o
                0x0000000000004cc6                I2CMasterIntClearEx
 .text.I2CSlaveIntClear
                0x0000000000004cca        0x8 ./driverlib/i2c.o
                0x0000000000004cca                I2CSlaveIntClear
 .text.I2CSlaveIntClearEx
                0x0000000000004cd2        0x6 ./driverlib/i2c.o
                0x0000000000004cd2                I2CSlaveIntClearEx
 .text.I2CMasterSlaveAddrSet
                0x0000000000004cd8        0x8 ./driverlib/i2c.o
                0x0000000000004cd8                I2CMasterSlaveAddrSet
 .text.I2CMasterLineStateGet
                0x0000000000004ce0        0x4 ./driverlib/i2c.o
                0x0000000000004ce0                I2CMasterLineStateGet
 .text.I2CMasterBusy
                0x0000000000004ce4       0x10 ./driverlib/i2c.o
                0x0000000000004ce4                I2CMasterBusy
 .text.I2CMasterBusBusy
                0x0000000000004cf4       0x10 ./driverlib/i2c.o
                0x0000000000004cf4                I2CMasterBusBusy
 .text.I2CMasterControl
                0x0000000000004d04        0x4 ./driverlib/i2c.o
                0x0000000000004d04                I2CMasterControl
 .text.I2CMasterErr
                0x0000000000004d08       0x18 ./driverlib/i2c.o
                0x0000000000004d08                I2CMasterErr
 .text.I2CMasterDataPut
                0x0000000000004d20        0x4 ./driverlib/i2c.o
                0x0000000000004d20                I2CMasterDataPut
 .text.I2CMasterDataGet
                0x0000000000004d24        0x4 ./driverlib/i2c.o
                0x0000000000004d24                I2CMasterDataGet
 .text.I2CMasterTimeoutSet
                0x0000000000004d28        0x4 ./driverlib/i2c.o
                0x0000000000004d28                I2CMasterTimeoutSet
 .text.I2CSlaveACKOverride
                0x0000000000004d2c       0x1e ./driverlib/i2c.o
                0x0000000000004d2c                I2CSlaveACKOverride
 .text.I2CSlaveACKValueSet
                0x0000000000004d4a       0x1e ./driverlib/i2c.o
                0x0000000000004d4a                I2CSlaveACKValueSet
 .text.I2CSlaveStatus
                0x0000000000004d68        0x6 ./driverlib/i2c.o
                0x0000000000004d68                I2CSlaveStatus
 .text.I2CSlaveDataPut
                0x0000000000004d6e        0x6 ./driverlib/i2c.o
                0x0000000000004d6e                I2CSlaveDataPut
 .text.I2CSlaveDataGet
                0x0000000000004d74        0x6 ./driverlib/i2c.o
                0x0000000000004d74                I2CSlaveDataGet
 .text.I2CTxFIFOConfigSet
                0x0000000000004d7a       0x18 ./driverlib/i2c.o
                0x0000000000004d7a                I2CTxFIFOConfigSet
 .text.I2CTxFIFOFlush
                0x0000000000004d92        0xe ./driverlib/i2c.o
                0x0000000000004d92                I2CTxFIFOFlush
 .text.I2CRxFIFOConfigSet
                0x0000000000004da0       0x16 ./driverlib/i2c.o
                0x0000000000004da0                I2CRxFIFOConfigSet
 .text.I2CRxFIFOFlush
                0x0000000000004db6        0xe ./driverlib/i2c.o
                0x0000000000004db6                I2CRxFIFOFlush
 .text.I2CFIFOStatus
                0x0000000000004dc4        0x6 ./driverlib/i2c.o
                0x0000000000004dc4                I2CFIFOStatus
 .text.I2CFIFODataPut
                0x0000000000004dca       0x10 ./driverlib/i2c.o